Component: ARM Compiler 6.16 Tool: armlink [5dfeaa00]

==============================================================================

Section Cross References

    startup_stm32g474xx.o(STACK) refers (Special) to heapauxi.o(.text) for __use_two_region_memory
    startup_stm32g474xx.o(HEAP) refers (Special) to heapauxi.o(.text) for __use_two_region_memory
    startup_stm32g474xx.o(RESET) refers (Special) to heapauxi.o(.text) for __use_two_region_memory
    startup_stm32g474xx.o(RESET) refers to startup_stm32g474xx.o(STACK) for __initial_sp
    startup_stm32g474xx.o(RESET) refers to startup_stm32g474xx.o(.text) for Reset_Handler
    startup_stm32g474xx.o(RESET) refers to stm32g4xx_it.o(.text.NMI_Handler) for NMI_Handler
    startup_stm32g474xx.o(RESET) refers to stm32g4xx_it.o(.text.HardFault_Handler) for HardFault_Handler
    startup_stm32g474xx.o(RESET) refers to stm32g4xx_it.o(.text.MemManage_Handler) for MemManage_Handler
    startup_stm32g474xx.o(RESET) refers to stm32g4xx_it.o(.text.BusFault_Handler) for BusFault_Handler
    startup_stm32g474xx.o(RESET) refers to stm32g4xx_it.o(.text.UsageFault_Handler) for UsageFault_Handler
    startup_stm32g474xx.o(RESET) refers to stm32g4xx_it.o(.text.SVC_Handler) for SVC_Handler
    startup_stm32g474xx.o(RESET) refers to stm32g4xx_it.o(.text.DebugMon_Handler) for DebugMon_Handler
    startup_stm32g474xx.o(RESET) refers to stm32g4xx_it.o(.text.PendSV_Handler) for PendSV_Handler
    startup_stm32g474xx.o(RESET) refers to stm32g4xx_it.o(.text.SysTick_Handler) for SysTick_Handler
    startup_stm32g474xx.o(RESET) refers to stm32g4xx_it.o(.text.ADC1_2_IRQHandler) for ADC1_2_IRQHandler
    startup_stm32g474xx.o(.text) refers (Special) to heapauxi.o(.text) for __use_two_region_memory
    startup_stm32g474xx.o(.text) refers to system_stm32g4xx.o(.text.SystemInit) for SystemInit
    startup_stm32g474xx.o(.text) refers to __main.o(!!!main) for __main
    startup_stm32g474xx.o(.text) refers to startup_stm32g474xx.o(HEAP) for Heap_Mem
    startup_stm32g474xx.o(.text) refers to startup_stm32g474xx.o(STACK) for Stack_Mem
    main.o(.text.main) refers to stm32g4xx_hal.o(.text.HAL_Init) for HAL_Init
    main.o(.text.main) refers to main.o(.text.SystemClock_Config) for SystemClock_Config
    main.o(.text.main) refers to gpio.o(.text.MX_GPIO_Init) for MX_GPIO_Init
    main.o(.text.main) refers to hrtim.o(.text.MX_HRTIM1_Init) for MX_HRTIM1_Init
    main.o(.text.main) refers to usart.o(.text.MX_USART1_UART_Init) for MX_USART1_UART_Init
    main.o(.text.main) refers to adc.o(.text.MX_ADC1_Init) for MX_ADC1_Init
    main.o(.text.main) refers to usart.o(.text.MX_UART4_Init) for MX_UART4_Init
    main.o(.text.main) refers to application.o(.text.APP_Init) for APP_Init
    main.o(.text.main) refers to application.o(.text.APP_MainLoop) for APP_MainLoop
    main.o(.ARM.exidx.text.main) refers to main.o(.text.main) for [Anonymous Symbol]
    main.o(.text.SystemClock_Config) refers to rt_memclr_w.o(.text) for __aeabi_memclr4
    main.o(.text.SystemClock_Config) refers to stm32g4xx_hal_pwr_ex.o(.text.HAL_PWREx_ControlVoltageScaling) for HAL_PWREx_ControlVoltageScaling
    main.o(.text.SystemClock_Config) refers to stm32g4xx_hal_rcc.o(.text.HAL_RCC_OscConfig) for HAL_RCC_OscConfig
    main.o(.text.SystemClock_Config) refers to stm32g4xx_hal_rcc.o(.text.HAL_RCC_ClockConfig) for HAL_RCC_ClockConfig
    main.o(.text.SystemClock_Config) refers to main.o(.text.Error_Handler) for Error_Handler
    main.o(.ARM.exidx.text.SystemClock_Config) refers to main.o(.text.SystemClock_Config) for [Anonymous Symbol]
    main.o(.ARM.exidx.text.Error_Handler) refers to main.o(.text.Error_Handler) for [Anonymous Symbol]
    gpio.o(.text.MX_GPIO_Init) refers to stm32g4xx_hal_gpio.o(.text.HAL_GPIO_WritePin) for HAL_GPIO_WritePin
    gpio.o(.text.MX_GPIO_Init) refers to stm32g4xx_hal_gpio.o(.text.HAL_GPIO_Init) for HAL_GPIO_Init
    gpio.o(.ARM.exidx.text.MX_GPIO_Init) refers to gpio.o(.text.MX_GPIO_Init) for [Anonymous Symbol]
    adc.o(.text.MX_ADC1_Init) refers to rt_memclr_w.o(.text) for __aeabi_memclr4
    adc.o(.text.MX_ADC1_Init) refers to adc.o(.bss.hadc1) for hadc1
    adc.o(.text.MX_ADC1_Init) refers to stm32g4xx_hal_adc.o(.text.HAL_ADC_Init) for HAL_ADC_Init
    adc.o(.text.MX_ADC1_Init) refers to main.o(.text.Error_Handler) for Error_Handler
    adc.o(.text.MX_ADC1_Init) refers to stm32g4xx_hal_adc_ex.o(.text.HAL_ADCEx_MultiModeConfigChannel) for HAL_ADCEx_MultiModeConfigChannel
    adc.o(.text.MX_ADC1_Init) refers to stm32g4xx_hal_adc.o(.text.HAL_ADC_ConfigChannel) for HAL_ADC_ConfigChannel
    adc.o(.text.MX_ADC1_Init) refers to stm32g4xx_hal_adc_ex.o(.text.HAL_ADCEx_InjectedConfigChannel) for HAL_ADCEx_InjectedConfigChannel
    adc.o(.ARM.exidx.text.MX_ADC1_Init) refers to adc.o(.text.MX_ADC1_Init) for [Anonymous Symbol]
    adc.o(.text.HAL_ADC_MspInit) refers to rt_memclr_w.o(.text) for __aeabi_memclr4
[...]
    LL_ADC_Enable                            0x08003975   Thumb Code    18  stm32g4xx_hal_adc.o(.text.LL_ADC_Enable)
    [Anonymous Symbol]                       0x08003974   Section        0  stm32g4xx_hal_adc.o(.text.LL_ADC_Enable)
    LL_ADC_EnableInternalRegulator           0x08003989   Thumb Code    20  stm32g4xx_hal_adc.o(.text.LL_ADC_EnableInternalRegulator)
    [Anonymous Symbol]                       0x08003988   Section        0  stm32g4xx_hal_adc.o(.text.LL_ADC_EnableInternalRegulator)
    LL_ADC_GetCommonPathInternalCh           0x0800399d   Thumb Code     8  stm32g4xx_hal_adc.o(.text.LL_ADC_GetCommonPathInternalCh)
    [Anonymous Symbol]                       0x0800399c   Section        0  stm32g4xx_hal_adc.o(.text.LL_ADC_GetCommonPathInternalCh)
    LL_ADC_GetCommonPathInternalCh           0x080039a5   Thumb Code     8  stm32g4xx_hal_adc_ex.o(.text.LL_ADC_GetCommonPathInternalCh)
    [Anonymous Symbol]                       0x080039a4   Section        0  stm32g4xx_hal_adc_ex.o(.text.LL_ADC_GetCommonPathInternalCh)
    LL_ADC_GetMultiDMATransfer               0x080039ad   Thumb Code     8  stm32g4xx_hal_adc.o(.text.LL_ADC_GetMultiDMATransfer)
    [Anonymous Symbol]                       0x080039ac   Section        0  stm32g4xx_hal_adc.o(.text.LL_ADC_GetMultiDMATransfer)
    LL_ADC_GetMultimode                      0x080039b5   Thumb Code     8  stm32g4xx_hal_adc.o(.text.LL_ADC_GetMultimode)
    [Anonymous Symbol]                       0x080039b4   Section        0  stm32g4xx_hal_adc.o(.text.LL_ADC_GetMultimode)
    LL_ADC_GetMultimode                      0x080039bd   Thumb Code     8  stm32g4xx_hal_adc_ex.o(.text.LL_ADC_GetMultimode)
    [Anonymous Symbol]                       0x080039bc   Section        0  stm32g4xx_hal_adc_ex.o(.text.LL_ADC_GetMultimode)
    LL_ADC_GetOffsetChannel                  0x080039c5   Thumb Code    12  stm32g4xx_hal_adc.o(.text.LL_ADC_GetOffsetChannel)
    [Anonymous Symbol]                       0x080039c4   Section        0  stm32g4xx_hal_adc.o(.text.LL_ADC_GetOffsetChannel)
    LL_ADC_GetOffsetChannel                  0x080039d1   Thumb Code    12  stm32g4xx_hal_adc_ex.o(.text.LL_ADC_GetOffsetChannel)
    [Anonymous Symbol]                       0x080039d0   Section        0  stm32g4xx_hal_adc_ex.o(.text.LL_ADC_GetOffsetChannel)
    LL_ADC_INJ_GetTrigAuto                   0x080039dd   Thumb Code     8  stm32g4xx_hal_adc_ex.o(.text.LL_ADC_INJ_GetTrigAuto)
    [Anonymous Symbol]                       0x080039dc   Section        0  stm32g4xx_hal_adc_ex.o(.text.LL_ADC_INJ_GetTrigAuto)
    LL_ADC_INJ_IsConversionOngoing           0x080039e5   Thumb Code     8  stm32g4xx_hal_adc.o(.text.LL_ADC_INJ_IsConversionOngoing)
    [Anonymous Symbol]                       0x080039e4   Section        0  stm32g4xx_hal_adc.o(.text.LL_ADC_INJ_IsConversionOngoing)
    LL_ADC_INJ_IsConversionOngoing           0x080039ed   Thumb Code     8  stm32g4xx_hal_adc_ex.o(.text.LL_ADC_INJ_IsConversionOngoing)
    [Anonymous Symbol]                       0x080039ec   Section        0  stm32g4xx_hal_adc_ex.o(.text.LL_ADC_INJ_IsConversionOngoing)
    LL_ADC_INJ_IsTriggerSourceSWStart        0x080039f5   Thumb Code    14  stm32g4xx_hal_adc.o(.text.LL_ADC_INJ_IsTriggerSourceSWStart)
    [Anonymous Symbol]                       0x080039f4   Section        0  stm32g4xx_hal_adc.o(.text.LL_ADC_INJ_IsTriggerSourceSWStart)
    LL_ADC_INJ_StartConversion               0x08003a05   Thumb Code    18  stm32g4xx_hal_adc_ex.o(.text.LL_ADC_INJ_StartConversion)
    [Anonymous Symbol]                       0x08003a04   Section        0  stm32g4xx_hal_adc_ex.o(.text.LL_ADC_INJ_StartConversion)
    LL_ADC_IsCalibrationOnGoing              0x08003a19   Thumb Code     6  stm32g4xx_hal_adc_ex.o(.text.LL_ADC_IsCalibrationOnGoing)
    [Anonymous Symbol]                       0x08003a18   Section        0  stm32g4xx_hal_adc_ex.o(.text.LL_ADC_IsCalibrationOnGoing)
    LL_ADC_IsDeepPowerDownEnabled            0x08003a21   Thumb Code     8  stm32g4xx_hal_adc.o(.text.LL_ADC_IsDeepPowerDownEnabled)
    [Anonymous Symbol]                       0x08003a20   Section        0  stm32g4xx_hal_adc.o(.text.LL_ADC_IsDeepPowerDownEnabled)
    LL_ADC_IsDisableOngoing                  0x08003a29   Thumb Code     8  stm32g4xx_hal_adc.o(.text.LL_ADC_IsDisableOngoing)
    [Anonymous Symbol]                       0x08003a28   Section        0  stm32g4xx_hal_adc.o(.text.LL_ADC_IsDisableOngoing)
    LL_ADC_IsEnabled                         0x08003a31   Thumb Code     8  stm32g4xx_hal_adc.o(.text.LL_ADC_IsEnabled)
    [Anonymous Symbol]                       0x08003a30   Section        0  stm32g4xx_hal_adc.o(.text.LL_ADC_IsEnabled)
    LL_ADC_IsEnabled                         0x08003a39   Thumb Code     8  stm32g4xx_hal_adc_ex.o(.text.LL_ADC_IsEnabled)
    [Anonymous Symbol]                       0x08003a38   Section        0  stm32g4xx_hal_adc_ex.o(.text.LL_ADC_IsEnabled)
    LL_ADC_IsInternalRegulatorEnabled        0x08003a41   Thumb Code     8  stm32g4xx_hal_adc.o(.text.LL_ADC_IsInternalRegulatorEnabled)
    [Anonymous Symbol]                       0x08003a40   Section        0  stm32g4xx_hal_adc.o(.text.LL_ADC_IsInternalRegulatorEnabled)
    LL_ADC_REG_IsConversionOngoing           0x08003a49   Thumb Code     8  stm32g4xx_hal_adc.o(.text.LL_ADC_REG_IsConversionOngoing)
    [Anonymous Symbol]                       0x08003a48   Section        0  stm32g4xx_hal_adc.o(.text.LL_ADC_REG_IsConversionOngoing)
    LL_ADC_REG_IsConversionOngoing           0x08003a51   Thumb Code     8  stm32g4xx_hal_adc_ex.o(.text.LL_ADC_REG_IsConversionOngoing)
    [Anonymous Symbol]                       0x08003a50   Section        0  stm32g4xx_hal_adc_ex.o(.text.LL_ADC_REG_IsConversionOngoing)
    LL_ADC_REG_IsTriggerSourceSWStart        0x08003a59   Thumb Code    14  stm32g4xx_hal_adc.o(.text.LL_ADC_REG_IsTriggerSourceSWStart)
    [Anonymous Symbol]                       0x08003a58   Section        0  stm32g4xx_hal_adc.o(.text.LL_ADC_REG_IsTriggerSourceSWStart)
    LL_ADC_REG_SetSequencerRanks             0x08003a69   Thumb Code    38  stm32g4xx_hal_adc.o(.text.LL_ADC_REG_SetSequencerRanks)
    [Anonymous Symbol]                       0x08003a68   Section        0  stm32g4xx_hal_adc.o(.text.LL_ADC_REG_SetSequencerRanks)
    LL_ADC_SetChannelSamplingTime            0x08003a91   Thumb Code    34  stm32g4xx_hal_adc.o(.text.LL_ADC_SetChannelSamplingTime)
    [Anonymous Symbol]                       0x08003a90   Section        0  stm32g4xx_hal_adc.o(.text.LL_ADC_SetChannelSamplingTime)
    LL_ADC_SetChannelSamplingTime            0x08003ab5   Thumb Code    34  stm32g4xx_hal_adc_ex.o(.text.LL_ADC_SetChannelSamplingTime)
    [Anonymous Symbol]                       0x08003ab4   Section        0  stm32g4xx_hal_adc_ex.o(.text.LL_ADC_SetChannelSamplingTime)
    LL_ADC_SetChannelSingleDiff              0x08003ad9   Thumb Code    42  stm32g4xx_hal_adc.o(.text.LL_ADC_SetChannelSingleDiff)
    [Anonymous Symbol]                       0x08003ad8   Section        0  stm32g4xx_hal_adc.o(.text.LL_ADC_SetChannelSingleDiff)
    LL_ADC_SetChannelSingleDiff              0x08003b05   Thumb Code    42  stm32g4xx_hal_adc_ex.o(.text.LL_ADC_SetChannelSingleDiff)
    [Anonymous Symbol]                       0x08003b04   Section        0  stm32g4xx_hal_adc_ex.o(.text.LL_ADC_SetChannelSingleDiff)
    LL_ADC_SetCommonClock                    0x08003b31   Thumb Code    12  stm32g4xx_hal_adc.o(.text.LL_ADC_SetCommonClock)
    [Anonymous Symbol]                       0x08003b30   Section        0  stm32g4xx_hal_adc.o(.text.LL_ADC_SetCommonClock)
    LL_ADC_SetCommonPathInternalCh           0x08003b3d   Thumb Code    12  stm32g4xx_hal_adc.o(.text.LL_ADC_SetCommonPathInternalCh)
    [Anonymous Symbol]                       0x08003b3c   Section        0  stm32g4xx_hal_adc.o(.text.LL_ADC_SetCommonPathInternalCh)
    LL_ADC_SetCommonPathInternalCh           0x08003b49   Thumb Code    12  stm32g4xx_hal_adc_ex.o(.text.LL_ADC_SetCommonPathInternalCh)
    [Anonymous Symbol]                       0x08003b48   Section        0  stm32g4xx_hal_adc_ex.o(.text.LL_ADC_SetCommonPathInternalCh)
    LL_ADC_SetOffset                         0x08003b55   Thumb Code    36  stm32g4xx_hal_adc.o(.text.LL_ADC_SetOffset)
    [Anonymous Symbol]                       0x08003b54   Section        0  stm32g4xx_hal_adc.o(.text.LL_ADC_SetOffset)
    LL_ADC_SetOffset                         0x08003b79   Thumb Code    36  stm32g4xx_hal_adc_ex.o(.text.LL_ADC_SetOffset)
    [Anonymous Symbol]                       0x08003b78   Section        0  stm32g4xx_hal_adc_ex.o(.text.LL_ADC_SetOffset)
    LL_ADC_SetOffsetSaturation               0x08003b9d   Thumb Code    16  stm32g4xx_hal_adc.o(.text.LL_ADC_SetOffsetSaturation)
    [Anonymous Symbol]                       0x08003b9c   Section        0  stm32g4xx_hal_adc.o(.text.LL_ADC_SetOffsetSaturation)
    LL_ADC_SetOffsetSaturation               0x08003bad   Thumb Code    16  stm32g4xx_hal_adc_ex.o(.text.LL_ADC_SetOffsetSaturation)
    [Anonymous Symbol]                       0x08003bac   Section        0  stm32g4xx_hal_adc_ex.o(.text.LL_ADC_SetOffsetSaturation)
    LL_ADC_SetOffsetSign                     0x08003bbd   Thumb Code    16  stm32g4xx_hal_adc.o(.text.LL_ADC_SetOffsetSign)
    [Anonymous Symbol]                       0x08003bbc   Section        0  stm32g4xx_hal_adc.o(.text.LL_ADC_SetOffsetSign)
    LL_ADC_SetOffsetSign                     0x08003bcd   Thumb Code    16  stm32g4xx_hal_adc_ex.o(.text.LL_ADC_SetOffsetSign)
    [Anonymous Symbol]                       0x08003bcc   Section        0  stm32g4xx_hal_adc_ex.o(.text.LL_ADC_SetOffsetSign)
    LL_ADC_SetOffsetState                    0x08003bdd   Thumb Code    14  stm32g4xx_hal_adc.o(.text.LL_ADC_SetOffsetState)
    [Anonymous Symbol]                       0x08003bdc   Section        0  stm32g4xx_hal_adc.o(.text.LL_ADC_SetOffsetState)
    LL_ADC_SetOffsetState                    0x08003bed   Thumb Code    14  stm32g4xx_hal_adc_ex.o(.text.LL_ADC_SetOffsetState)
    [Anonymous Symbol]                       0x08003bec   Section        0  stm32g4xx_hal_adc_ex.o(.text.LL_ADC_SetOffsetState)
    LL_ADC_SetSamplingTimeCommonConfig       0x08003bfd   Thumb Code    12  stm32g4xx_hal_adc.o(.text.LL_ADC_SetSamplingTimeCommonConfig)
    [Anonymous Symbol]                       0x08003bfc   Section        0  stm32g4xx_hal_adc.o(.text.LL_ADC_SetSamplingTimeCommonConfig)
    LL_ADC_SetSamplingTimeCommonConfig       0x08003c09   Thumb Code    12  stm32g4xx_hal_adc_ex.o(.text.LL_ADC_SetSamplingTimeCommonConfig)
    [Anonymous Symbol]                       0x08003c08   Section        0  stm32g4xx_hal_adc_ex.o(.text.LL_ADC_SetSamplingTimeCommonConfig)
    LL_ADC_StartCalibration                  0x08003c15   Thumb Code    26  stm32g4xx_hal_adc_ex.o(.text.LL_ADC_StartCalibration)
    [Anonymous Symbol]                       0x08003c14   Section        0  stm32g4xx_hal_adc_ex.o(.text.LL_ADC_StartCalibration)
    [Anonymous Symbol]                       0x08003c30   Section        0  adc.o(.text.MX_ADC1_Init)
    [Anonymous Symbol]                       0x08003d8c   Section        0  gpio.o(.text.MX_GPIO_Init)
    [Anonymous Symbol]                       0x08003e08   Section        0  hrtim.o(.text.MX_HRTIM1_Init)
    [Anonymous Symbol]                       0x08004174   Section        0  usart.o(.text.MX_UART4_Init)
    [Anonymous Symbol]                       0x080041f4   Section        0  usart.o(.text.MX_USART1_UART_Init)
    [Anonymous Symbol]                       0x08004274   Section        0  stm32g4xx_it.o(.text.MemManage_Handler)
    [Anonymous Symbol]                       0x08004278   Section        0  stm32g4xx_it.o(.text.NMI_Handler)
    NVIC_EncodePriority                      0x0800427d   Thumb Code    44  stm32g4xx_hal_cortex.o(.text.NVIC_EncodePriority)
    [Anonymous Symbol]                       0x0800427c   Section        0  stm32g4xx_hal_cortex.o(.text.NVIC_EncodePriority)
    [Anonymous Symbol]                       0x080042a8   Section        0  pwm.o(.text.PWM_Disable)
    [Anonymous Symbol]                       0x080042c8   Section        0  pwm.o(.text.PWM_Enable)
    [Anonymous Symbol]                       0x080042e8   Section        0  pwm.o(.text.PWM_Init)
    [Anonymous Symbol]                       0x080042fc   Section        0  pwm.o(.text.PWM_SetDutyCycle)
    [Anonymous Symbol]                       0x08004364   Section        0  stm32g4xx_it.o(.text.PendSV_Handler)
    RCC_GetSysClockFreqFromPLLSource         0x08004369   Thumb Code    72  stm32g4xx_hal_rcc.o(.text.RCC_GetSysClockFreqFromPLLSource)
    [Anonymous Symbol]                       0x08004368   Section        0  stm32g4xx_hal_rcc.o(.text.RCC_GetSysClockFreqFromPLLSource)
    [Anonymous Symbol]                       0x080043b0   Section        0  signal_conditioning.o(.text.SC_Compute)
    [Anonymous Symbol]                       0x080044c4   Section        0  signal_conditioning.o(.text.SC_Init)
    [Anonymous Symbol]                       0x08004520   Section        0  stm32g4xx_it.o(.text.SVC_Handler)
    SysTick_Config                           0x08004525   Thumb Code    46  stm32g4xx_hal_cortex.o(.text.SysTick_Config)
    [Anonymous Symbol]                       0x08004524   Section        0  stm32g4xx_hal_cortex.o(.text.SysTick_Config)
    [Anonymous Symbol]                       0x08004554   Section        0  stm32g4xx_it.o(.text.SysTick_Handler)
    [Anonymous Symbol]                       0x0800455c   Section        0  main.o(.text.SystemClock_Config)
    [Anonymous Symbol]                       0x080045c4   Section        0  system_stm32g4xx.o(.text.SystemInit)
    UARTEx_SetNbDataToProcess                0x080045d9   Thumb Code    84  stm32g4xx_hal_uart_ex.o(.text.UARTEx_SetNbDataToProcess)
    [Anonymous Symbol]                       0x080045d8   Section        0  stm32g4xx_hal_uart_ex.o(.text.UARTEx_SetNbDataToProcess)
    [Anonymous Symbol]                       0x0800462c   Section        0  stm32g4xx_hal_uart.o(.text.UART_AdvFeatureConfig)
    [Anonymous Symbol]                       0x08004714   Section        0  stm32g4xx_hal_uart.o(.text.UART_CheckIdleState)
    UART_EndRxTransfer                       0x080047d5   Thumb Code    90  stm32g4xx_hal_uart.o(.text.UART_EndRxTransfer)
    [Anonymous Symbol]                       0x080047d4   Section        0  stm32g4xx_hal_uart.o(.text.UART_EndRxTransfer)
    [Anonymous Symbol]                       0x08004830   Section        0  stm32g4xx_hal_uart.o(.text.UART_SetConfig)
    [Anonymous Symbol]                       0x08004b0c   Section        0  stm32g4xx_hal_uart.o(.text.UART_WaitOnFlagUntilTimeout)
    [Anonymous Symbol]                       0x08004bd0   Section        0  stm32g4xx_it.o(.text.UsageFault_Handler)
    __NVIC_EnableIRQ                         0x08004bd5   Thumb Code    32  stm32g4xx_hal_cortex.o(.text.__NVIC_EnableIRQ)
    [Anonymous Symbol]                       0x08004bd4   Section        0  stm32g4xx_hal_cortex.o(.text.__NVIC_EnableIRQ)
    __NVIC_GetPriorityGrouping               0x08004bf5   Thumb Code    16  stm32g4xx_hal_cortex.o(.text.__NVIC_GetPriorityGrouping)
    [Anonymous Symbol]                       0x08004bf4   Section        0  stm32g4xx_hal_cortex.o(.text.__NVIC_GetPriorityGrouping)
    __NVIC_SetPriority                       0x08004c05   Thumb Code    34  stm32g4xx_hal_cortex.o(.text.__NVIC_SetPriority)
    [Anonymous Symbol]                       0x08004c04   Section        0  stm32g4xx_hal_cortex.o(.text.__NVIC_SetPriority)
    __NVIC_SetPriorityGrouping               0x08004c29   Thumb Code    32  stm32g4xx_hal_cortex.o(.text.__NVIC_SetPriorityGrouping)
    [Anonymous Symbol]                       0x08004c28   Section        0  stm32g4xx_hal_cortex.o(.text.__NVIC_SetPriorityGrouping)
    [Anonymous Symbol]                       0x08004c48   Section        0  main.o(.text.main)
    $v0                                      0x08004c6e   Number         0  fpinit.o(x$fpl$fpinit)
    x$fpl$fpinit                             0x08004c6e   Section       26  fpinit.o(x$fpl$fpinit)
    UARTEx_SetNbDataToProcess.numerator      0x08004cb8   Data           8  stm32g4xx_hal_uart_ex.o(.rodata.cst8)
    [Anonymous Symbol]                       0x08004cb8   Section        0  stm32g4xx_hal_uart_ex.o(.rodata.cst8)
    UARTEx_SetNbDataToProcess.denominator    0x08004cc0   Data           8  stm32g4xx_hal_uart_ex.o(.rodata.cst8)
    duty_port1                               0x2000000c   Data           4  pwm.o(.data.duty_port1)
    [Anonymous Symbol]                       0x2000000c   Section        0  pwm.o(.data.duty_port1)
    duty_port2                               0x20000010   Data           4  pwm.o(.data.duty_port2)
    [Anonymous Symbol]                       0x20000010   Section        0  pwm.o(.data.duty_port2)
    period                                   0x20000016   Data           2  pwm.o(.data.period)
    [Anonymous Symbol]                       0x20000016   Section        0  pwm.o(.data.period)
    .bss                                     0x20000030   Section       96  libspace.o(.bss)
    Icoff1                                   0x20000090   Data           4  signal_conditioning.o(.bss.Icoff1)
    [Anonymous Symbol]                       0x20000090   Section        0  signal_conditioning.o(.bss.Icoff1)
    Icoff2                                   0x20000094   Data           4  signal_conditioning.o(.bss.Icoff2)
    [Anonymous Symbol]                       0x20000094   Section        0  signal_conditioning.o(.bss.Icoff2)
    Vcoff                                    0x200000a0   Data           4  signal_conditioning.o(.bss.Vcoff)
    [Anonymous Symbol]                       0x200000a0   Section        0  signal_conditioning.o(.bss.Vcoff)
    Heap_Mem                                 0x20000348   Data         512  startup_stm32g474xx.o(HEAP)
    HEAP                                     0x20000348   Section      512  startup_stm32g474xx.o(HEAP)
    Stack_Mem                                0x20000548   Data        1024  startup_stm32g474xx.o(STACK)
    STACK                                    0x20000548   Section     1024  startup_stm32g474xx.o(STACK)
    __initial_sp                             0x20000948   Data           0  startup_stm32g474xx.o(STACK)

    Global Symbols

    Symbol Name                              Value     Ov Type        Size  Object(Section)

    BuildAttributes$$THM_ISAv4$E$P$D$K$B$S$7EM$VFPi3$EXTD16$VFPS$VFMA$PE$A:L22UL41UL21$X:L11$S22US41US21$IEEE1$IW$~IW$USESV6$~STKCKD$USESV7$~SHL$OTIME$ROPI$EBA8$UX$STANDARDLIB$REQ8$PRES8$EABIv2 0x00000000   Number         0  anon$$obj.o ABSOLUTE
    __ARM_exceptions_init                     - Undefined Weak Reference
    __alloca_initialize                       - Undefined Weak Reference
    __arm_preinit_                            - Undefined Weak Reference
    __cpp_initialize__aeabi_                  - Undefined Weak Reference
    __cxa_finalize                            - Undefined Weak Reference
    __rt_locale                               - Undefined Weak Reference
    __sigvec_lookup                           - Undefined Weak Reference
    _atexit_init                              - Undefined Weak Reference
    _call_atexit_fns                          - Undefined Weak Reference
    _clock_init                               - Undefined Weak Reference
    _fp_trap_init                             - Undefined Weak Reference
    _fp_trap_shutdown                         - Undefined Weak Reference
    _get_lc_collate                           - Undefined Weak Reference
    _get_lc_ctype                             - Undefined Weak Reference
    _get_lc_monetary                          - Undefined Weak Reference
    _get_lc_numeric                           - Undefined Weak Reference
    _get_lc_time                              - Undefined Weak Reference
    _getenv_init                              - Undefined Weak Reference
    _handle_redirection                       - Undefined Weak Reference
    _init_alloc                               - Undefined Weak Reference
    _init_user_alloc                          - Undefined Weak Reference
    _initio                                   - Undefined Weak Reference
    _rand_init                                - Undefined Weak Reference
    _signal_finish                            - Undefined Weak Reference
    _signal_init                              - Undefined Weak Reference
    _terminate_alloc                          - Undefined Weak Reference
    _terminate_user_alloc                     - Undefined Weak Reference
    _terminateio                              - Undefined Weak Reference
    __Vectors_Size                           0x000001d8   Number         0  startup_stm32g474xx.o ABSOLUTE
    __Vectors                                0x08000000   Data           4  startup_stm32g474xx.o(RESET)
    __Vectors_End                            0x080001d8   Data           0  startup_stm32g474xx.o(RESET)
    __main                                   0x080001d9   Thumb Code     8  __main.o(!!!main)
    __scatterload                            0x080001e1   Thumb Code     0  __scatter.o(!!!scatter)
    __scatterload_rt2                        0x080001e1   Thumb Code    44  __scatter.o(!!!scatter)
    __scatterload_rt2_thumb_only             0x080001e1   Thumb Code     0  __scatter.o(!!!scatter)
    __scatterload_null                       0x080001ef   Thumb Code     0  __scatter.o(!!!scatter)
    __scatterload_copy                       0x08000215   Thumb Code    26  __scatter_copy.o(!!handler_copy)
    __scatterload_zeroinit                   0x08000231   Thumb Code    28  __scatter_zi.o(!!handler_zi)
    __rt_lib_init                            0x0800024d   Thumb Code     0  libinit.o(.ARM.Collect$$libinit$$00000000)
    __rt_lib_init_fp_1                       0x0800024f   Thumb Code     0  libinit2.o(.ARM.Collect$$libinit$$00000001)
    __rt_lib_init_alloca_1                   0x08000253   Thumb Code     0  libinit2.o(.ARM.Collect$$libinit$$0000002E)
    __rt_lib_init_argv_1                     0x08000253   Thumb Code     0  libinit2.o(.ARM.Collect$$libinit$$0000002C)
    __rt_lib_init_atexit_1                   0x08000253   Thumb Code     0  libinit2.o(.ARM.Collect$$libinit$$0000001B)
    __rt_lib_init_clock_1                    0x08000253   Thumb Code     0  libinit2.o(.ARM.Collect$$libinit$$00000021)
    __rt_lib_init_cpp_1                      0x08000253   Thumb Code     0  libinit2.o(.ARM.Collect$$libinit$$00000032)
    __rt_lib_init_exceptions_1               0x08000253   Thumb Code     0  libinit2.o(.ARM.Collect$$libinit$$00000030)
    __rt_lib_init_fp_trap_1                  0x08000253   Thumb Code     0  libinit2.o(.ARM.Collect$$libinit$$0000001F)
    __rt_lib_init_getenv_1                   0x08000253   Thumb Code     0  libinit2.o(.ARM.Collect$$libinit$$00000023)
    __rt_lib_init_heap_1                     0x08000253   Thumb Code     0  libinit2.o(.ARM.Collect$$libinit$$0000000A)
    __rt_lib_init_lc_collate_1               0x08000253   Thumb Code     0  libinit2.o(.ARM.Collect$$libinit$$00000011)
    __rt_lib_init_lc_ctype_1                 0x08000253   Thumb Code     0  libinit2.o(.ARM.Collect$$libinit$$00000013)
    __rt_lib_init_lc_monetary_1              0x08000253   Thumb Code     0  libinit2.o(.ARM.Collect$$libinit$$00000015)
    __rt_lib_init_lc_numeric_1               0x08000253   Thumb Code     0  libinit2.o(.ARM.Collect$$libinit$$00000017)
    __rt_lib_init_lc_time_1                  0x08000253   Thumb Code     0  libinit2.o(.ARM.Collect$$libinit$$00000019)
    __rt_lib_init_preinit_1                  0x08000253   Thumb Code     0  libinit2.o(.ARM.Collect$$libinit$$00000004)
    __rt_lib_init_rand_1                     0x08000253   Thumb Code     0  libinit2.o(.ARM.Collect$$libinit$$0000000E)
    __rt_lib_init_return                     0x08000253   Thumb Code     0  libinit2.o(.ARM.Collect$$libinit$$00000033)
    __rt_lib_init_signal_1                   0x08000253   Thumb Code     0  libinit2.o(.ARM.Collect$$libinit$$0000001D)
    __rt_lib_init_stdio_1                    0x08000253   Thumb Code     0  libinit2.o(.ARM.Collect$$libinit$$00000025)
    __rt_lib_init_user_alloc_1               0x08000253   Thumb Code     0  libinit2.o(.ARM.Collect$$libinit$$0000000C)
    __rt_lib_shutdown                        0x08000255   Thumb Code     0  libshutdown.o(.ARM.Collect$$libshutdown$$00000000)
    __rt_lib_shutdown_cpp_1                  0x08000257   Thumb Code     0  libshutdown2.o(.ARM.Collect$$libshutdown$$00000002)
    __rt_lib_shutdown_fp_trap_1              0x08000257   Thumb Code     0  libshutdown2.o(.ARM.Collect$$libshutdown$$00000007)
    __rt_lib_shutdown_heap_1                 0x08000257   Thumb Code     0  libshutdown2.o(.ARM.Collect$$libshutdown$$0000000F)
    __rt_lib_shutdown_return                 0x08000257   Thumb Code     0  libshutdown2.o(.ARM.Collect$$libshutdown$$00000010)
    __rt_lib_shutdown_signal_1               0x08000257   Thumb Code     0  libshutdown2.o(.ARM.Collect$$libshutdown$$0000000A)
    __rt_lib_shutdown_stdio_1                0x08000257   Thumb Code     0  libshutdown2.o(.ARM.Collect$$libshutdown$$00000004)
    __rt_lib_shutdown_user_alloc_1           0x08000257   Thumb Code     0  libshutdown2.o(.ARM.Collect$$libshutdown$$0000000C)
    __rt_entry                               0x08000259   Thumb Code     0  __rtentry.o(.ARM.Collect$$rtentry$$00000000)
    __rt_entry_presh_1                       0x08000259   Thumb Code     0  __rtentry2.o(.ARM.Collect$$rtentry$$00000002)
    __rt_entry_sh                            0x08000259   Thumb Code     0  __rtentry4.o(.ARM.Collect$$rtentry$$00000004)
    __rt_entry_li                            0x0800025f   Thumb Code     0  __rtentry2.o(.ARM.Collect$$rtentry$$0000000A)
    __rt_entry_postsh_1                      0x0800025f   Thumb Code     0  __rtentry2.o(.ARM.Collect$$rtentry$$00000009)
    __rt_entry_main                          0x08000263   Thumb Code     0  __rtentry2.o(.ARM.Collect$$rtentry$$0000000D)
    __rt_entry_postli_1                      0x08000263   Thumb Code     0  __rtentry2.o(.ARM.Collect$$rtentry$$0000000C)
    __rt_exit                                0x0800026b   Thumb Code     0  rtexit.o(.ARM.Collect$$rtexit$$00000000)
    __rt_exit_ls                             0x0800026d   Thumb Code     0  rtexit2.o(.ARM.Collect$$rtexit$$00000003)
    __rt_exit_prels_1                        0x0800026d   Thumb Code     0  rtexit2.o(.ARM.Collect$$rtexit$$00000002)
    __rt_exit_exit                           0x08000271   Thumb Code     0  rtexit2.o(.ARM.Collect$$rtexit$$00000004)
    Reset_Handler                            0x08000279   Thumb Code     8  startup_stm32g474xx.o(.text)
    ADC3_IRQHandler                          0x08000293   Thumb Code     0  startup_stm32g474xx.o(.text)
    ADC4_IRQHandler                          0x08000293   Thumb Code     0  startup_stm32g474xx.o(.text)
    ADC5_IRQHandler                          0x08000293   Thumb Code     0  startup_stm32g474xx.o(.text)
    COMP1_2_3_IRQHandler                     0x08000293   Thumb Code     0  startup_stm32g474xx.o(.text)
    COMP4_5_6_IRQHandler                     0x08000293   Thumb Code     0  startup_stm32g474xx.o(.text)
    COMP7_IRQHandler                         0x08000293   Thumb Code     0  startup_stm32g474xx.o(.text)
    CORDIC_IRQHandler                        0x08000293   Thumb Code     0  startup_stm32g474xx.o(.text)
    CRS_IRQHandler                           0x08000293   Thumb Code     0  startup_stm32g474xx.o(.text)
    DMA1_Channel1_IRQHandler                 0x08000293   Thumb Code     0  startup_stm32g474xx.o(.text)
    DMA1_Channel2_IRQHandler                 0x08000293   Thumb Code     0  startup_stm32g474xx.o(.text)
    DMA1_Channel3_IRQHandler                 0x08000293   Thumb Code     0  startup_stm32g474xx.o(.text)
    DMA1_Channel4_IRQHandler                 0x08000293   Thumb Code     0  startup_stm32g474xx.o(.text)
    DMA1_Channel5_IRQHandler                 0x08000293   Thumb Code     0  startup_stm32g474xx.o(.text)
    DMA1_Channel6_IRQHandler                 0x08000293   Thumb Code     0  startup_stm32g474xx.o(.text)
    DMA1_Channel7_IRQHandler                 0x08000293   Thumb Code     0  startup_stm32g474xx.o(.text)
    DMA1_Channel8_IRQHandler                 0x08000293   Thumb Code     0  startup_stm32g474xx.o(.text)
    DMA2_Channel1_IRQHandler                 0x08000293   Thumb Code     0  startup_stm32g474xx.o(.text)
    DMA2_Channel2_IRQHandler                 0x08000293   Thumb Code     0  startup_stm32g474xx.o(.text)
    DMA2_Channel3_IRQHandler                 0x08000293   Thumb Code     0  startup_stm32g474xx.o(.text)
    DMA2_Channel4_IRQHandler                 0x08000293   Thumb Code     0  startup_stm32g474xx.o(.text)
    DMA2_Channel5_IRQHandler                 0x08000293   Thumb Code     0  startup_stm32g474xx.o(.text)
    DMA2_Channel6_IRQHandler                 0x08000293   Thumb Code     0  startup_stm32g474xx.o(.text)
    DMA2_Channel7_IRQHandler                 0x08000293   Thumb Code     0  startup_stm32g474xx.o(.text)
    DMA2_Channel8_IRQHandler                 0x08000293   Thumb Code     0  startup_stm32g474xx.o(.text)
    DMAMUX_OVR_IRQHandler                    0x08000293   Thumb Code     0  startup_stm32g474xx.o(.text)
    EXTI0_IRQHandler                         0x08000293   Thumb Code     0  startup_stm32g474xx.o(.text)
    EXTI15_10_IRQHandler                     0x08000293   Thumb Code     0  startup_stm32g474xx.o(.text)
    EXTI1_IRQHandler                         0x08000293   Thumb Code     0  startup_stm32g474xx.o(.text)
    EXTI2_IRQHandler                         0x08000293   Thumb Code     0  startup_stm32g474xx.o(.text)
    EXTI3_IRQHandler                         0x08000293   Thumb Code     0  startup_stm32g474xx.o(.text)
    EXTI4_IRQHandler                         0x08000293   Thumb Code     0  startup_stm32g474xx.o(.text)
    EXTI9_5_IRQHandler                       0x08000293   Thumb Code     0  startup_stm32g474xx.o(.text)
    FDCAN1_IT0_IRQHandler                    0x08000293   Thumb Code     0  startup_stm32g474xx.o(.text)
    FDCAN1_IT1_IRQHandler                    0x08000293   Thumb Code     0  startup_stm32g474xx.o(.text)
    FDCAN2_IT0_IRQHandler                    0x08000293   Thumb Code     0  startup_stm32g474xx.o(.text)
    FDCAN2_IT1_IRQHandler                    0x08000293   Thumb Code     0  startup_stm32g474xx.o(.text)
    FDCAN3_IT0_IRQHandler                    0x08000293   Thumb Code     0  startup_stm32g474xx.o(.text)
    FDCAN3_IT1_IRQHandler                    0x08000293   Thumb Code     0  startup_stm32g474xx.o(.text)
    FLASH_IRQHandler                         0x08000293   Thumb Code     0  startup_stm32g474xx.o(.text)
    FMAC_IRQHandler                          0x08000293   Thumb Code     0  startup_stm32g474xx.o(.text)
    FMC_IRQHandler                           0x08000293   Thumb Code     0  startup_stm32g474xx.o(.text)
    FPU_IRQHandler                           0x08000293   Thumb Code     0  startup_stm32g474xx.o(.text)
    HRTIM1_FLT_IRQHandler                    0x08000293   Thumb Code     0  startup_stm32g474xx.o(.text)
    HRTIM1_Master_IRQHandler                 0x08000293   Thumb Code     0  startup_stm32g474xx.o(.text)
    HRTIM1_TIMA_IRQHandler                   0x08000293   Thumb Code     0  startup_stm32g474xx.o(.text)
    HRTIM1_TIMB_IRQHandler                   0x08000293   Thumb Code     0  startup_stm32g474xx.o(.text)
    HRTIM1_TIMC_IRQHandler                   0x08000293   Thumb Code     0  startup_stm32g474xx.o(.text)
    HRTIM1_TIMD_IRQHandler                   0x08000293   Thumb Code     0  startup_stm32g474xx.o(.text)
    HRTIM1_TIME_IRQHandler                   0x08000293   Thumb Code     0  startup_stm32g474xx.o(.text)
    HRTIM1_TIMF_IRQHandler                   0x08000293   Thumb Code     0  startup_stm32g474xx.o(.text)
    I2C1_ER_IRQHandler                       0x08000293   Thumb Code     0  startup_stm32g474xx.o(.text)
    I2C1_EV_IRQHandler                       0x08000293   Thumb Code     0  startup_stm32g474xx.o(.text)
    I2C2_ER_IRQHandler                       0x08000293   Thumb Code     0  startup_stm32g474xx.o(.text)
    I2C2_EV_IRQHandler                       0x08000293   Thumb Code     0  startup_stm32g474xx.o(.text)
    I2C3_ER_IRQHandler                       0x08000293   Thumb Code     0  startup_stm32g474xx.o(.text)
    I2C3_EV_IRQHandler                       0x08000293   Thumb Code     0  startup_stm32g474xx.o(.text)
    I2C4_ER_IRQHandler                       0x08000293   Thumb Code     0  startup_stm32g474xx.o(.text)
    I2C4_EV_IRQHandler                       0x08000293   Thumb Code     0  startup_stm32g474xx.o(.text)
    LPTIM1_IRQHandler                        0x08000293   Thumb Code     0  startup_stm32g474xx.o(.text)
    LPUART1_IRQHandler                       0x08000293   Thumb Code     0  startup_stm32g474xx.o(.text)
    PVD_PVM_IRQHandler                       0x08000293   Thumb Code     0  startup_stm32g474xx.o(.text)
    QUADSPI_IRQHandler                       0x08000293   Thumb Code     0  startup_stm32g474xx.o(.text)
    RCC_IRQHandler                           0x08000293   Thumb Code     0  startup_stm32g474xx.o(.text)
    RNG_IRQHandler                           0x08000293   Thumb Code     0  startup_stm32g474xx.o(.text)
    RTC_Alarm_IRQHandler                     0x08000293   Thumb Code     0  startup_stm32g474xx.o(.text)
    RTC_TAMP_LSECSS_IRQHandler               0x08000293   Thumb Code     0  startup_stm32g474xx.o(.text)
    RTC_WKUP_IRQHandler                      0x08000293   Thumb Code     0  startup_stm32g474xx.o(.text)
    SAI1_IRQHandler                          0x08000293   Thumb Code     0  startup_stm32g474xx.o(.text)
    SPI1_IRQHandler                          0x08000293   Thumb Code     0  startup_stm32g474xx.o(.text)
    SPI2_IRQHandler                          0x08000293   Thumb Code     0  startup_stm32g474xx.o(.text)
    SPI3_IRQHandler                          0x08000293   Thumb Code     0  startup_stm32g474xx.o(.text)
    SPI4_IRQHandler                          0x08000293   Thumb Code     0  startup_stm32g474xx.o(.text)
    TIM1_BRK_TIM15_IRQHandler                0x08000293   Thumb Code     0  startup_stm32g474xx.o(.text)
    TIM1_CC_IRQHandler                       0x08000293   Thumb Code     0  startup_stm32g474xx.o(.text)
    TIM1_TRG_COM_TIM17_IRQHandler            0x08000293   Thumb Code     0  startup_stm32g474xx.o(.text)
    TIM1_UP_TIM16_IRQHandler                 0x08000293   Thumb Code     0  startup_stm32g474xx.o(.text)
    TIM20_BRK_IRQHandler                     0x08000293   Thumb Code     0  startup_stm32g474xx.o(.text)
    TIM20_CC_IRQHandler                      0x08000293   Thumb Code     0  startup_stm32g474xx.o(.text)
    TIM20_TRG_COM_IRQHandler                 0x08000293   Thumb Code     0  startup_stm32g474xx.o(.text)
    TIM20_UP_IRQHandler                      0x08000293   Thumb Code     0  startup_stm32g474xx.o(.text)
    TIM2_IRQHandler                          0x08000293   Thumb Code     0  startup_stm32g474xx.o(.text)
    TIM3_IRQHandler                          0x08000293   Thumb Code     0  startup_stm32g474xx.o(.text)
    TIM4_IRQHandler                          0x08000293   Thumb Code     0  startup_stm32g474xx.o(.text)
    TIM5_IRQHandler                          0x08000293   Thumb Code     0  startup_stm32g474xx.o(.text)
    TIM6_DAC_IRQHandler                      0x08000293   Thumb Code     0  startup_stm32g474xx.o(.text)
    TIM7_DAC_IRQHandler                      0x08000293   Thumb Code     0  startup_stm32g474xx.o(.text)
    TIM8_BRK_IRQHandler                      0x08000293   Thumb Code     0  startup_stm32g474xx.o(.text)
    TIM8_CC_IRQHandler                       0x08000293   Thumb Code     0  startup_stm32g474xx.o(.text)
    TIM8_TRG_COM_IRQHandler                  0x08000293   Thumb Code     0  startup_stm32g474xx.o(.text)
    TIM8_UP_IRQHandler                       0x08000293   Thumb Code     0  startup_stm32g474xx.o(.text)
    UART4_IRQHandler                         0x08000293   Thumb Code     0  startup_stm32g474xx.o(.text)
    UART5_IRQHandler                         0x08000293   Thumb Code     0  startup_stm32g474xx.o(.text)
    UCPD1_IRQHandler                         0x08000293   Thumb Code     0  startup_stm32g474xx.o(.text)
    USART1_IRQHandler                        0x08000293   Thumb Code     0  startup_stm32g474xx.o(.text)
    USART2_IRQHandler                        0x08000293   Thumb Code     0  startup_stm32g474xx.o(.text)
    USART3_IRQHandler                        0x08000293   Thumb Code     0  startup_stm32g474xx.o(.text)
    USBWakeUp_IRQHandler                     0x08000293   Thumb Code     0  startup_stm32g474xx.o(.text)
    USB_HP_IRQHandler                        0x08000293   Thumb Code     0  startup_stm32g474xx.o(.text)
    USB_LP_IRQHandler                        0x08000293   Thumb Code     0  startup_stm32g474xx.o(.text)
    WWDG_IRQHandler                          0x08000293   Thumb Code     0  startup_stm32g474xx.o(.text)
    __user_initial_stackheap                 0x08000295   Thumb Code     0  startup_stm32g474xx.o(.text)
    __aeabi_uldivmod                         0x080002b9   Thumb Code     0  lludivv7m.o(.text)
    _ll_udiv                                 0x080002b9   Thumb Code   240  lludivv7m.o(.text)
    __aeabi_memclr4                          0x080003a9   Thumb Code     0  rt_memclr_w.o(.text)
    __aeabi_memclr8                          0x080003a9   Thumb Code     0  rt_memclr_w.o(.text)
    __rt_memclr_w                            0x080003a9   Thumb Code     0  rt_memclr_w.o(.text)
    _memset_w                                0x080003ad   Thumb Code    74  rt_memclr_w.o(.text)
    __use_two_region_memory                  0x080003f7   Thumb Code     2  heapauxi.o(.text)
    __rt_heap_escrow$2region                 0x080003f9   Thumb Code     2  heapauxi.o(.text)
    __rt_heap_expand$2region                 0x080003fb   Thumb Code     2  heapauxi.o(.text)
    __user_setup_stackheap                   0x080003fd   Thumb Code    74  sys_stackheap_outer.o(.text)
    exit                                     0x08000447   Thumb Code    18  exit.o(.text)
    __user_libspace                          0x08000459   Thumb Code     8  libspace.o(.text)
    __user_perproc_libspace                  0x08000459   Thumb Code     0  libspace.o(.text)
    __user_perthread_libspace                0x08000459   Thumb Code     0  libspace.o(.text)
    _sys_exit                                0x08000461   Thumb Code     8  sys_exit.o(.text)
    __I$use$semihosting                      0x0800046d   Thumb Code     0  use_no_semi.o(.text)
    __use_no_semihosting_swi                 0x0800046d   Thumb Code     2  use_no_semi.o(.text)
    __semihosting_library_function           0x0800046f   Thumb Code     0  indicate_semi.o(.text)
    ADC1_2_IRQHandler                        0x08000471   Thumb Code    16  stm32g4xx_it.o(.text.ADC1_2_IRQHandler)
    ADC_Disable                              0x08000481   Thumb Code   126  stm32g4xx_hal_adc.o(.text.ADC_Disable)
    ADC_Enable                               0x08000501   Thumb Code   238  stm32g4xx_hal_adc.o(.text.ADC_Enable)
    APP_ClosedLoopControl                    0x080005f1   Thumb Code     8  application.o(.text.APP_ClosedLoopControl)
    APP_DetermineDirection                   0x080005f9   Thumb Code   168  application.o(.text.APP_DetermineDirection)
    APP_Init                                 0x080006a1   Thumb Code    60  application.o(.text.APP_Init)
    APP_MainLoop                             0x080006dd   Thumb Code     2  application.o(.text.APP_MainLoop)
    APP_VoltageClosedLoop                    0x080006e1   Thumb Code   856  application.o(.text.APP_VoltageClosedLoop)
    BusFault_Handler                         0x08000a39   Thumb Code     2  stm32g4xx_it.o(.text.BusFault_Handler)
    DebugMon_Handler                         0x08000a3d   Thumb Code     2  stm32g4xx_it.o(.text.DebugMon_Handler)
    Error_Handler                            0x08000a41   Thumb Code    10  main.o(.text.Error_Handler)
    HAL_ADCEx_Calibration_Start              0x08000a4d   Thumb Code   132  stm32g4xx_hal_adc_ex.o(.text.HAL_ADCEx_Calibration_Start)
    HAL_ADCEx_EndOfSamplingCallback          0x08000ad1   Thumb Code     2  stm32g4xx_hal_adc_ex.o(.text.HAL_ADCEx_EndOfSamplingCallback)
    HAL_ADCEx_InjectedConfigChannel          0x08000ad5   Thumb Code  1174  stm32g4xx_hal_adc_ex.o(.text.HAL_ADCEx_InjectedConfigChannel)
    HAL_ADCEx_InjectedConvCpltCallback       0x08000f6d   Thumb Code    12  application.o(.text.HAL_ADCEx_InjectedConvCpltCallback)
    HAL_ADCEx_InjectedGetValue               0x08000f79   Thumb Code    50  stm32g4xx_hal_adc_ex.o(.text.HAL_ADCEx_InjectedGetValue)
    HAL_ADCEx_InjectedQueueOverflowCallback  0x08000fad   Thumb Code     2  stm32g4xx_hal_adc_ex.o(.text.HAL_ADCEx_InjectedQueueOverflowCallback)
    HAL_ADCEx_InjectedStart                  0x08000fb1   Thumb Code   286  stm32g4xx_hal_adc_ex.o(.text.HAL_ADCEx_InjectedStart)
    HAL_ADCEx_LevelOutOfWindow2Callback      0x080010d1   Thumb Code     2  stm32g4xx_hal_adc_ex.o(.text.HAL_ADCEx_LevelOutOfWindow2Callback)
    HAL_ADCEx_LevelOutOfWindow3Callback      0x080010d5   Thumb Code     2  stm32g4xx_hal_adc_ex.o(.text.HAL_ADCEx_LevelOutOfWindow3Callback)
    HAL_ADCEx_MultiModeConfigChannel         0x080010d9   Thumb Code   356  stm32g4xx_hal_adc_ex.o(.text.HAL_ADCEx_MultiModeConfigChannel)
    HAL_ADC_ConfigChannel                    0x0800123d   Thumb Code   922  stm32g4xx_hal_adc.o(.text.HAL_ADC_ConfigChannel)
    HAL_ADC_ConvCpltCallback                 0x080015d9   Thumb Code     2  stm32g4xx_hal_adc.o(.text.HAL_ADC_ConvCpltCallback)
    HAL_ADC_ErrorCallback                    0x080015dd   Thumb Code     2  stm32g4xx_hal_adc.o(.text.HAL_ADC_ErrorCallback)
    HAL_ADC_IRQHandler                       0x080015e1   Thumb Code   738  stm32g4xx_hal_adc.o(.text.HAL_ADC_IRQHandler)
    HAL_ADC_Init                             0x080018c5   Thumb Code   548  stm32g4xx_hal_adc.o(.text.HAL_ADC_Init)
    HAL_ADC_LevelOutOfWindowCallback         0x08001ae9   Thumb Code     2  stm32g4xx_hal_adc.o(.text.HAL_ADC_LevelOutOfWindowCallback)
    HAL_ADC_MspInit                          0x08001aed   Thumb Code   150  adc.o(.text.HAL_ADC_MspInit)
    HAL_Delay                                0x08001b85   Thumb Code    40  stm32g4xx_hal.o(.text.HAL_Delay)
    HAL_GPIO_Init                            0x08001bad   Thumb Code   414  stm32g4xx_hal_gpio.o(.text.HAL_GPIO_Init)
    HAL_GPIO_TogglePin                       0x08001d4d   Thumb Code    16  stm32g4xx_hal_gpio.o(.text.HAL_GPIO_TogglePin)
    HAL_GPIO_WritePin                        0x08001d5d   Thumb Code    12  stm32g4xx_hal_gpio.o(.text.HAL_GPIO_WritePin)
    HAL_GetTick                              0x08001d69   Thumb Code    12  stm32g4xx_hal.o(.text.HAL_GetTick)
    HAL_HRTIM_ADCPostScalerConfig            0x08001d75   Thumb Code   334  stm32g4xx_hal_hrtim.o(.text.HAL_HRTIM_ADCPostScalerConfig)
    HAL_HRTIM_ADCTriggerConfig               0x08001ec5   Thumb Code   570  stm32g4xx_hal_hrtim.o(.text.HAL_HRTIM_ADCTriggerConfig)
    HAL_HRTIM_DLLCalibrationStart            0x08002101   Thumb Code    84  stm32g4xx_hal_hrtim.o(.text.HAL_HRTIM_DLLCalibrationStart)
    HAL_HRTIM_DeadTimeConfig                 0x08002155   Thumb Code   148  stm32g4xx_hal_hrtim.o(.text.HAL_HRTIM_DeadTimeConfig)
    HAL_HRTIM_Init                           0x080021e9   Thumb Code   176  stm32g4xx_hal_hrtim.o(.text.HAL_HRTIM_Init)
    HAL_HRTIM_MspInit                        0x08002299   Thumb Code    50  hrtim.o(.text.HAL_HRTIM_MspInit)
    HAL_HRTIM_MspPostInit                    0x080022cd   Thumb Code    94  hrtim.o(.text.HAL_HRTIM_MspPostInit)
    HAL_HRTIM_PollForDLLCalibration          0x0800232d   Thumb Code    82  stm32g4xx_hal_hrtim.o(.text.HAL_HRTIM_PollForDLLCalibration)
    HAL_HRTIM_TimeBaseConfig                 0x08002381   Thumb Code    50  stm32g4xx_hal_hrtim.o(.text.HAL_HRTIM_TimeBaseConfig)
    HAL_HRTIM_WaveformCompareConfig          0x080023b5   Thumb Code   332  stm32g4xx_hal_hrtim.o(.text.HAL_HRTIM_WaveformCompareConfig)
    HAL_HRTIM_WaveformCountStart             0x08002501   Thumb Code    40  stm32g4xx_hal_hrtim.o(.text.HAL_HRTIM_WaveformCountStart)
    HAL_HRTIM_WaveformCountStop              0x08002529   Thumb Code    42  stm32g4xx_hal_hrtim.o(.text.HAL_HRTIM_WaveformCountStop)
    HAL_HRTIM_WaveformOutputConfig           0x08002555   Thumb Code    58  stm32g4xx_hal_hrtim.o(.text.HAL_HRTIM_WaveformOutputConfig)
    HAL_HRTIM_WaveformOutputStart            0x08002591   Thumb Code    44  stm32g4xx_hal_hrtim.o(.text.HAL_HRTIM_WaveformOutputStart)
    HAL_HRTIM_WaveformOutputStop             0x080025bd   Thumb Code    44  stm32g4xx_hal_hrtim.o(.text.HAL_HRTIM_WaveformOutputStop)
    HAL_HRTIM_WaveformTimerConfig            0x080025e9   Thumb Code   146  stm32g4xx_hal_hrtim.o(.text.HAL_HRTIM_WaveformTimerConfig)
    HAL_HRTIM_WaveformTimerControl           0x0800267d   Thumb Code    68  stm32g4xx_hal_hrtim.o(.text.HAL_HRTIM_WaveformTimerControl)
    HAL_IncTick                              0x080026c1   Thumb Code    26  stm32g4xx_hal.o(.text.HAL_IncTick)
    HAL_Init                                 0x080026dd   Thumb Code    30  stm32g4xx_hal.o(.text.HAL_Init)
    HAL_InitTick                             0x080026fd   Thumb Code    86  stm32g4xx_hal.o(.text.HAL_InitTick)
    HAL_MspInit                              0x08002755   Thumb Code    56  stm32g4xx_hal_msp.o(.text.HAL_MspInit)
    HAL_NVIC_EnableIRQ                       0x0800278d   Thumb Code     8  stm32g4xx_hal_cortex.o(.text.HAL_NVIC_EnableIRQ)
    HAL_NVIC_SetPriority                     0x08002795   Thumb Code    30  stm32g4xx_hal_cortex.o(.text.HAL_NVIC_SetPriority)
    HAL_NVIC_SetPriorityGrouping             0x080027b5   Thumb Code     8  stm32g4xx_hal_cortex.o(.text.HAL_NVIC_SetPriorityGrouping)
    HAL_PWREx_ControlVoltageScaling          0x080027bd   Thumb Code   238  stm32g4xx_hal_pwr_ex.o(.text.HAL_PWREx_ControlVoltageScaling)
    HAL_PWREx_DisableUCPDDeadBattery         0x080028ad   Thumb Code    18  stm32g4xx_hal_pwr_ex.o(.text.HAL_PWREx_DisableUCPDDeadBattery)
    HAL_RCCEx_PeriphCLKConfig                0x080028c1   Thumb Code   774  stm32g4xx_hal_rcc_ex.o(.text.HAL_RCCEx_PeriphCLKConfig)
    HAL_RCC_ClockConfig                      0x08002bc9   Thumb Code   518  stm32g4xx_hal_rcc.o(.text.HAL_RCC_ClockConfig)
    HAL_RCC_GetHCLKFreq                      0x08002dd1   Thumb Code    12  stm32g4xx_hal_rcc.o(.text.HAL_RCC_GetHCLKFreq)
    HAL_RCC_GetPCLK1Freq                     0x08002ddd   Thumb Code    38  stm32g4xx_hal_rcc.o(.text.HAL_RCC_GetPCLK1Freq)
    HAL_RCC_GetPCLK2Freq                     0x08002e05   Thumb Code    38  stm32g4xx_hal_rcc.o(.text.HAL_RCC_GetPCLK2Freq)
    HAL_RCC_GetSysClockFreq                  0x08002e2d   Thumb Code   122  stm32g4xx_hal_rcc.o(.text.HAL_RCC_GetSysClockFreq)
    HAL_RCC_OscConfig                        0x08002ea9   Thumb Code  1146  stm32g4xx_hal_rcc.o(.text.HAL_RCC_OscConfig)
    HAL_SYSTICK_Config                       0x08003325   Thumb Code     8  stm32g4xx_hal_cortex.o(.text.HAL_SYSTICK_Config)
    HAL_UARTEx_DisableFifoMode               0x0800332d   Thumb Code    54  stm32g4xx_hal_uart_ex.o(.text.HAL_UARTEx_DisableFifoMode)
    HAL_UARTEx_SetRxFifoThreshold            0x08003365   Thumb Code    74  stm32g4xx_hal_uart_ex.o(.text.HAL_UARTEx_SetRxFifoThreshold)
    HAL_UARTEx_SetTxFifoThreshold            0x080033b1   Thumb Code    74  stm32g4xx_hal_uart_ex.o(.text.HAL_UARTEx_SetTxFifoThreshold)
    HAL_UART_Init                            0x080033fd   Thumb Code    98  stm32g4xx_hal_uart.o(.text.HAL_UART_Init)
    HAL_UART_MspInit                         0x08003461   Thumb Code   228  usart.o(.text.HAL_UART_MspInit)
    HardFault_Handler                        0x0800394d   Thumb Code     2  stm32g4xx_it.o(.text.HardFault_Handler)
    MX_ADC1_Init                             0x08003c31   Thumb Code   346  adc.o(.text.MX_ADC1_Init)
    MX_GPIO_Init                             0x08003d8d   Thumb Code   124  gpio.o(.text.MX_GPIO_Init)
    MX_HRTIM1_Init                           0x08003e09   Thumb Code   874  hrtim.o(.text.MX_HRTIM1_Init)
    MX_UART4_Init                            0x08004175   Thumb Code   126  usart.o(.text.MX_UART4_Init)
    MX_USART1_UART_Init                      0x080041f5   Thumb Code   126  usart.o(.text.MX_USART1_UART_Init)
    MemManage_Handler                        0x08004275   Thumb Code     2  stm32g4xx_it.o(.text.MemManage_Handler)
    NMI_Handler                              0x08004279   Thumb Code     2  stm32g4xx_it.o(.text.NMI_Handler)
    PWM_Disable                              0x080042a9   Thumb Code    30  pwm.o(.text.PWM_Disable)
    PWM_Enable                               0x080042c9   Thumb Code    30  pwm.o(.text.PWM_Enable)
    PWM_Init                                 0x080042e9   Thumb Code    20  pwm.o(.text.PWM_Init)
    PWM_SetDutyCycle                         0x080042fd   Thumb Code   104  pwm.o(.text.PWM_SetDutyCycle)
    PendSV_Handler                           0x08004365   Thumb Code     2  stm32g4xx_it.o(.text.PendSV_Handler)
    SC_Compute                               0x080043b1   Thumb Code   276  signal_conditioning.o(.text.SC_Compute)
    SC_Init                                  0x080044c5   Thumb Code    90  signal_conditioning.o(.text.SC_Init)
    SVC_Handler                              0x08004521   Thumb Code     2  stm32g4xx_it.o(.text.SVC_Handler)
    SysTick_Handler                          0x08004555   Thumb Code     8  stm32g4xx_it.o(.text.SysTick_Handler)
    SystemClock_Config                       0x0800455d   Thumb Code   104  main.o(.text.SystemClock_Config)
    SystemInit                               0x080045c5   Thumb Code    18  system_stm32g4xx.o(.text.SystemInit)
    UART_AdvFeatureConfig                    0x0800462d   Thumb Code   230  stm32g4xx_hal_uart.o(.text.UART_AdvFeatureConfig)
    UART_CheckIdleState                      0x08004715   Thumb Code   192  stm32g4xx_hal_uart.o(.text.UART_CheckIdleState)
    UART_SetConfig                           0x08004831   Thumb Code   700  stm32g4xx_hal_uart.o(.text.UART_SetConfig)
    UART_WaitOnFlagUntilTimeout              0x08004b0d   Thumb Code   194  stm32g4xx_hal_uart.o(.text.UART_WaitOnFlagUntilTimeout)
    UsageFault_Handler                       0x08004bd1   Thumb Code     2  stm32g4xx_it.o(.text.UsageFault_Handler)
    main                                     0x08004c49   Thumb Code    38  main.o(.text.main)
    _fp_init                                 0x08004c6f   Thumb Code    26  fpinit.o(x$fpl$fpinit)
    __fplib_config_fpu_vfp                   0x08004c87   Thumb Code     0  fpinit.o(x$fpl$fpinit)
    __fplib_config_pureend_doubles           0x08004c87   Thumb Code     0  fpinit.o(x$fpl$fpinit)
    AHBPrescTable                            0x08004c88   Data          16  system_stm32g4xx.o(.rodata.AHBPrescTable)
    APBPrescTable                            0x08004c98   Data           8  system_stm32g4xx.o(.rodata.APBPrescTable)
    UARTPrescTable                           0x08004ca0   Data          24  stm32g4xx_hal_uart.o(.rodata.UARTPrescTable)
    Region$$Table$$Base                      0x08004cc8   Number         0  anon$$obj.o(Region$$Table)
    Region$$Table$$Limit                     0x08004ce8   Number         0  anon$$obj.o(Region$$Table)
    SystemCoreClock                          0x20000000   Data           4  system_stm32g4xx.o(.data.SystemCoreClock)
    duty_cycle1                              0x20000004   Data           4  application.o(.data.duty_cycle1)
    duty_cycle2                              0x20000008   Data           4  application.o(.data.duty_cycle2)
    flag_uvlo                                0x20000014   Data           1  application.o(.data.flag_uvlo)
    slow_start_Vout                          0x20000018   Data           4  application.o(.data.slow_start_Vout)
    switching_frequency                      0x2000001c   Data           4  application.o(.data.switching_frequency)
    switching_period                         0x20000020   Data           4  application.o(.data.switching_period)
    target_Vout                              0x20000024   Data           4  application.o(.data.target_Vout)
    uwTickFreq                               0x20000028   Data           4  stm32g4xx_hal.o(.data.uwTickFreq)
    uwTickPrio                               0x2000002c   Data           4  stm32g4xx_hal.o(.data.uwTickPrio)
    __libspace_start                         0x20000030   Data          96  libspace.o(.bss)
    __temporary_stack_top$libspace           0x20000090   Data           0  libspace.o(.bss)
    Iin                                      0x20000098   Data           4  signal_conditioning.o(.bss.Iin)
    Iout                                     0x2000009c   Data           4  signal_conditioning.o(.bss.Iout)
    Vin                                      0x200000a4   Data           4  signal_conditioning.o(.bss.Vin)
    Vout                                     0x200000a8   Data           4  signal_conditioning.o(.bss.Vout)
    direction                                0x200000ac   Data           1  application.o(.bss.direction)
    flag_error_supply_voltage                0x200000ad   Data           1  application.o(.bss.flag_error_supply_voltage)
    flag_init_finished                       0x200000ae   Data           1  application.o(.bss.flag_init_finished)
    flag_slow_start                          0x200000af   Data           1  application.o(.bss.flag_slow_start)
    hadc1                                    0x200000b0   Data         108  adc.o(.bss.hadc1)
    hhrtim1                                  0x2000011c   Data         252  hrtim.o(.bss.hhrtim1)
    huart1                                   0x20000218   Data         148  usart.o(.bss.huart1)
    huart4                                   0x200002ac   Data         148  usart.o(.bss.huart4)
    operation_mode                           0x20000340   Data           1  application.o(.bss.operation_mode)
    slow_start_mode                          0x20000341   Data           1  application.o(.bss.slow_start_mode)
    uwTick                                   0x20000344   Data           4  stm32g4xx_hal.o(.bss.uwTick)



==============================================================================

Memory Map of the image

  Image Entry point : 0x080001d9

  Load Region LR_IROM1 (Base: 0x08000000, Size: 0x00004d18, Max: 0x00080000, ABSOLUTE)

    Execution Region ER_IROM1 (Exec base: 0x08000000, Load base: 0x08000000, Size: 0x00004ce8, Max: 0x00080000, ABSOLUTE)

    Exec Addr    Load Addr    Size         Type   Attr      Idx    E Section Name        Object

    0x08000000   0x08000000   0x000001d8   Data   RO            3    RESET               startup_stm32g474xx.o
    0x080001d8   0x080001d8   0x00000008   Code   RO         1556  * !!!main             c_w.l(__main.o)
    0x080001e0   0x080001e0   0x00000034   Code   RO         1729    !!!scatter          c_w.l(__scatter.o)
    0x08000214   0x08000214   0x0000001a   Code   RO         1731    !!handler_copy      c_w.l(__scatter_copy.o)
    0x0800022e   0x0800022e   0x00000002   PAD
    0x08000230   0x08000230   0x0000001c   Code   RO         1733    !!handler_zi        c_w.l(__scatter_zi.o)
    0x0800024c   0x0800024c   0x00000002   Code   RO         1593    .ARM.Collect$$libinit$$00000000  c_w.l(libinit.o)
    0x0800024e   0x0800024e   0x00000004   Code   RO         1605    .ARM.Collect$$libinit$$00000001  c_w.l(libinit2.o)
    0x08000252   0x08000252   0x00000000   Code   RO         1608    .ARM.Collect$$libinit$$00000004  c_w.l(libinit2.o)
    0x08000252   0x08000252   0x00000000   Code   RO         1611    .ARM.Collect$$libinit$$0000000A  c_w.l(libinit2.o)
    0x08000252   0x08000252   0x00000000   Code   RO         1613    .ARM.Collect$$libinit$$0000000C  c_w.l(libinit2.o)
    0x08000252   0x08000252   0x00000000   Code   RO         1615    .ARM.Collect$$libinit$$0000000E  c_w.l(libinit2.o)
    0x08000252   0x08000252   0x00000000   Code   RO         1618    .ARM.Collect$$libinit$$00000011  c_w.l(libinit2.o)
    0x08000252   0x08000252   0x00000000   Code   RO         1620    .ARM.Collect$$libinit$$00000013  c_w.l(libinit2.o)
    0x08000252   0x08000252   0x00000000   Code   RO         1622    .ARM.Collect$$libinit$$00000015  c_w.l(libinit2.o)
    0x08000252   0x08000252   0x00000000   Code   RO         1624    .ARM.Collect$$libinit$$00000017  c_w.l(libinit2.o)
    0x08000252   0x08000252   0x00000000   Code   RO         1626    .ARM.Collect$$libinit$$00000019  c_w.l(libinit2.o)
    0x08000252   0x08000252   0x00000000   Code   RO         1628    .ARM.Collect$$libinit$$0000001B  c_w.l(libinit2.o)
    0x08000252   0x08000252   0x00000000   Code   RO         1630    .ARM.Collect$$libinit$$0000001D  c_w.l(libinit2.o)
    0x08000252   0x08000252   0x00000000   Code   RO         1632    .ARM.Collect$$libinit$$0000001F  c_w.l(libinit2.o)
    0x08000252   0x08000252   0x00000000   Code   RO         1634    .ARM.Collect$$libinit$$00000021  c_w.l(libinit2.o)
    0x08000252   0x08000252   0x00000000   Code   RO         1636    .ARM.Collect$$libinit$$00000023  c_w.l(libinit2.o)
    0x08000252   0x08000252   0x00000000   Code   RO         1638    .ARM.Collect$$libinit$$00000025  c_w.l(libinit2.o)
    0x08000252   0x08000252   0x00000000   Code   RO         1642    .ARM.Collect$$libinit$$0000002C  c_w.l(libinit2.o)
    0x08000252   0x08000252   0x00000000   Code   RO         1644    .ARM.Collect$$libinit$$0000002E  c_w.l(libinit2.o)
    0x08000252   0x08000252   0x00000000   Code   RO         1646    .ARM.Collect$$libinit$$00000030  c_w.l(libinit2.o)
    0x08000252   0x08000252   0x00000000   Code   RO         1648    .ARM.Collect$$libinit$$00000032  c_w.l(libinit2.o)
    0x08000252   0x08000252   0x00000002   Code   RO         1649    .ARM.Collect$$libinit$$00000033  c_w.l(libinit2.o)
    0x08000254   0x08000254   0x00000002   Code   RO         1684    .ARM.Collect$$libshutdown$$00000000  c_w.l(libshutdown.o)
    0x08000256   0x08000256   0x00000000   Code   RO         1712    .ARM.Collect$$libshutdown$$00000002  c_w.l(libshutdown2.o)
    0x08000256   0x08000256   0x00000000   Code   RO         1714    .ARM.Collect$$libshutdown$$00000004  c_w.l(libshutdown2.o)
    0x08000256   0x08000256   0x00000000   Code   RO         1717    .ARM.Collect$$libshutdown$$00000007  c_w.l(libshutdown2.o)
    0x08000256   0x08000256   0x00000000   Code   RO         1720    .ARM.Collect$$libshutdown$$0000000A  c_w.l(libshutdown2.o)
    0x08000256   0x08000256   0x00000000   Code   RO         1722    .ARM.Collect$$libshutdown$$0000000C  c_w.l(libshutdown2.o)
    0x08000256   0x08000256   0x00000000   Code   RO         1725    .ARM.Collect$$libshutdown$$0000000F  c_w.l(libshutdown2.o)
    0x08000256   0x08000256   0x00000002   Code   RO         1726    .ARM.Collect$$libshutdown$$00000010  c_w.l(libshutdown2.o)
    0x08000258   0x08000258   0x00000000   Code   RO         1558    .ARM.Collect$$rtentry$$00000000  c_w.l(__rtentry.o)
    0x08000258   0x08000258   0x00000000   Code   RO         1564    .ARM.Collect$$rtentry$$00000002  c_w.l(__rtentry2.o)
    0x08000258   0x08000258   0x00000006   Code   RO         1576    .ARM.Collect$$rtentry$$00000004  c_w.l(__rtentry4.o)
    0x0800025e   0x0800025e   0x00000000   Code   RO         1566    .ARM.Collect$$rtentry$$00000009  c_w.l(__rtentry2.o)
    0x0800025e   0x0800025e   0x00000004   Code   RO         1567    .ARM.Collect$$rtentry$$0000000A  c_w.l(__rtentry2.o)
    0x08000262   0x08000262   0x00000000   Code   RO         1569    .ARM.Collect$$rtentry$$0000000C  c_w.l(__rtentry2.o)
    0x08000262   0x08000262   0x00000008   Code   RO         1570    .ARM.Collect$$rtentry$$0000000D  c_w.l(__rtentry2.o)
    0x0800026a   0x0800026a   0x00000002   Code   RO         1597    .ARM.Collect$$rtexit$$00000000  c_w.l(rtexit.o)
    0x0800026c   0x0800026c   0x00000000   Code   RO         1655    .ARM.Collect$$rtexit$$00000002  c_w.l(rtexit2.o)
    0x0800026c   0x0800026c   0x00000004   Code   RO         1656    .ARM.Collect$$rtexit$$00000003  c_w.l(rtexit2.o)
    0x08000270   0x08000270   0x00000006   Code   RO         1657    .ARM.Collect$$rtexit$$00000004  c_w.l(rtexit2.o)
    0x08000276   0x08000276   0x00000002   PAD
    0x08000278   0x08000278   0x00000040   Code   RO            4    .text               startup_stm32g474xx.o
    0x080002b8   0x080002b8   0x000000f0   Code   RO         1550    .text               c_w.l(lludivv7m.o)
    0x080003a8   0x080003a8   0x0000004e   Code   RO         1552    .text               c_w.l(rt_memclr_w.o)
    0x080003f6   0x080003f6   0x00000006   Code   RO         1554    .text               c_w.l(heapauxi.o)
    0x080003fc   0x080003fc   0x0000004a   Code   RO         1580    .text               c_w.l(sys_stackheap_outer.o)
    0x08000446   0x08000446   0x00000012   Code   RO         1582    .text               c_w.l(exit.o)
    0x08000458   0x08000458   0x00000008   Code   RO         1594    .text               c_w.l(libspace.o)
    0x08000460   0x08000460   0x0000000c   Code   RO         1650    .text               c_w.l(sys_exit.o)
    0x0800046c   0x0800046c   0x00000002   Code   RO         1673    .text               c_w.l(use_no_semi.o)
    0x0800046e   0x0800046e   0x00000000   Code   RO         1675    .text               c_w.l(indicate_semi.o)
    0x0800046e   0x0800046e   0x00000002   PAD
    0x08000470   0x08000470   0x00000010   Code   RO          102    .text.ADC1_2_IRQHandler  stm32g4xx_it.o
    0x08000480   0x08000480   0x0000007e   Code   RO          143    .text.ADC_Disable   stm32g4xx_hal_adc.o
    0x080004fe   0x080004fe   0x00000002   PAD
    0x08000500   0x08000500   0x000000ee   Code   RO          151    .text.ADC_Enable    stm32g4xx_hal_adc.o
    0x080005ee   0x080005ee   0x00000002   PAD
    0x080005f0   0x080005f0   0x00000008   Code   RO         1482    .text.APP_ClosedLoopControl  application.o
    0x080005f8   0x080005f8   0x000000a8   Code   RO         1472    .text.APP_DetermineDirection  application.o
    0x080006a0   0x080006a0   0x0000003c   Code   RO         1474    .text.APP_Init      application.o
    0x080006dc   0x080006dc   0x00000002   Code   RO         1476    .text.APP_MainLoop  application.o
    0x080006de   0x080006de   0x00000002   PAD
    0x080006e0   0x080006e0   0x00000358   Code   RO         1478    .text.APP_VoltageClosedLoop  application.o
    0x08000a38   0x08000a38   0x00000002   Code   RO           90    .text.BusFault_Handler  stm32g4xx_it.o
    0x08000a3a   0x08000a3a   0x00000002   PAD
    0x08000a3c   0x08000a3c   0x00000002   Code   RO           96    .text.DebugMon_Handler  stm32g4xx_it.o
    0x08000a3e   0x08000a3e   0x00000002   PAD
    0x08000a40   0x08000a40   0x0000000a   Code   RO           15    .text.Error_Handler  main.o
    0x08000a4a   0x08000a4a   0x00000002   PAD
    0x08000a4c   0x08000a4c   0x00000084   Code   RO          267    .text.HAL_ADCEx_Calibration_Start  stm32g4xx_hal_adc_ex.o
    0x08000ad0   0x08000ad0   0x00000002   Code   RO          325    .text.HAL_ADCEx_EndOfSamplingCallback  stm32g4xx_hal_adc_ex.o
    0x08000ad2   0x08000ad2   0x00000002   PAD
    0x08000ad4   0x08000ad4   0x00000496   Code   RO          335    .text.HAL_ADCEx_InjectedConfigChannel  stm32g4xx_hal_adc_ex.o
    0x08000f6a   0x08000f6a   0x00000002   PAD
    0x08000f6c   0x08000f6c   0x0000000c   Code   RO         1484    .text.HAL_ADCEx_InjectedConvCpltCallback  application.o
    0x08000f78   0x08000f78   0x00000032   Code   RO          315    .text.HAL_ADCEx_InjectedGetValue  stm32g4xx_hal_adc_ex.o
    0x08000faa   0x08000faa   0x00000002   PAD
    0x08000fac   0x08000fac   0x00000002   Code   RO          319    .text.HAL_ADCEx_InjectedQueueOverflowCallback  stm32g4xx_hal_adc_ex.o
    0x08000fae   0x08000fae   0x00000002   PAD
    0x08000fb0   0x08000fb0   0x0000011e   Code   RO          287    .text.HAL_ADCEx_InjectedStart  stm32g4xx_hal_adc_ex.o
    0x080010ce   0x080010ce   0x00000002   PAD
    0x080010d0   0x080010d0   0x00000002   Code   RO          321    .text.HAL_ADCEx_LevelOutOfWindow2Callback  stm32g4xx_hal_adc_ex.o
    0x080010d2   0x080010d2   0x00000002   PAD
    0x080010d4   0x080010d4   0x00000002   Code   RO          323    .text.HAL_ADCEx_LevelOutOfWindow3Callback  stm32g4xx_hal_adc_ex.o
    0x080010d6   0x080010d6   0x00000002   PAD
    0x080010d8   0x080010d8   0x00000164   Code   RO          357    .text.HAL_ADCEx_MultiModeConfigChannel  stm32g4xx_hal_adc_ex.o
    0x0800123c   0x0800123c   0x0000039a   Code   RO          197    .text.HAL_ADC_ConfigChannel  stm32g4xx_hal_adc.o
    0x080015d6   0x080015d6   0x00000002   PAD
    0x080015d8   0x080015d8   0x00000002   Code   RO          187    .text.HAL_ADC_ConvCpltCallback  stm32g4xx_hal_adc.o
    0x080015da   0x080015da   0x00000002   PAD
    0x080015dc   0x080015dc   0x00000002   Code   RO          193    .text.HAL_ADC_ErrorCallback  stm32g4xx_hal_adc.o
    0x080015de   0x080015de   0x00000002   PAD
    0x080015e0   0x080015e0   0x000002e2   Code   RO          185    .text.HAL_ADC_IRQHandler  stm32g4xx_hal_adc.o
    0x080018c2   0x080018c2   0x00000002   PAD
    0x080018c4   0x080018c4   0x00000224   Code   RO          119    .text.HAL_ADC_Init  stm32g4xx_hal_adc.o
    0x08001ae8   0x08001ae8   0x00000002   Code   RO          191    .text.HAL_ADC_LevelOutOfWindowCallback  stm32g4xx_hal_adc.o
    0x08001aea   0x08001aea   0x00000002   PAD
    0x08001aec   0x08001aec   0x00000096   Code   RO           36    .text.HAL_ADC_MspInit  adc.o
    0x08001b82   0x08001b82   0x00000002   PAD
    0x08001b84   0x08001b84   0x00000028   Code   RO          402    .text.HAL_Delay     stm32g4xx_hal.o
    0x08001bac   0x08001bac   0x0000019e   Code   RO          658    .text.HAL_GPIO_Init  stm32g4xx_hal_gpio.o
    0x08001d4a   0x08001d4a   0x00000002   PAD
    0x08001d4c   0x08001d4c   0x00000010   Code   RO          666    .text.HAL_GPIO_TogglePin  stm32g4xx_hal_gpio.o
    0x08001d5c   0x08001d5c   0x0000000c   Code   RO          664    .text.HAL_GPIO_WritePin  stm32g4xx_hal_gpio.o
    0x08001d68   0x08001d68   0x0000000c   Code   RO          394    .text.HAL_GetTick   stm32g4xx_hal.o
    0x08001d74   0x08001d74   0x0000014e   Code   RO         1086    .text.HAL_HRTIM_ADCPostScalerConfig  stm32g4xx_hal_hrtim.o
    0x08001ec2   0x08001ec2   0x00000002   PAD
    0x08001ec4   0x08001ec4   0x0000023a   Code   RO         1084    .text.HAL_HRTIM_ADCTriggerConfig  stm32g4xx_hal_hrtim.o
    0x080020fe   0x080020fe   0x00000002   PAD
    0x08002100   0x08002100   0x00000054   Code   RO          970    .text.HAL_HRTIM_DLLCalibrationStart  stm32g4xx_hal_hrtim.o
    0x08002154   0x08002154   0x00000094   Code   RO         1116    .text.HAL_HRTIM_DeadTimeConfig  stm32g4xx_hal_hrtim.o
    0x080021e8   0x080021e8   0x000000b0   Code   RO          962    .text.HAL_HRTIM_Init  stm32g4xx_hal_hrtim.o
    0x08002298   0x08002298   0x00000032   Code   RO           53    .text.HAL_HRTIM_MspInit  hrtim.o
    0x080022ca   0x080022ca   0x00000002   PAD
    0x080022cc   0x080022cc   0x0000005e   Code   RO           51    .text.HAL_HRTIM_MspPostInit  hrtim.o
    0x0800232a   0x0800232a   0x00000002   PAD
    0x0800232c   0x0800232c   0x00000052   Code   RO          974    .text.HAL_HRTIM_PollForDLLCalibration  stm32g4xx_hal_hrtim.o
    0x0800237e   0x0800237e   0x00000002   PAD
    0x08002380   0x08002380   0x00000032   Code   RO          976    .text.HAL_HRTIM_TimeBaseConfig  stm32g4xx_hal_hrtim.o
    0x080023b2   0x080023b2   0x00000002   PAD
    0x080023b4   0x080023b4   0x0000014c   Code   RO         1122    .text.HAL_HRTIM_WaveformCompareConfig  stm32g4xx_hal_hrtim.o
    0x08002500   0x08002500   0x00000028   Code   RO         1134    .text.HAL_HRTIM_WaveformCountStart  stm32g4xx_hal_hrtim.o
    0x08002528   0x08002528   0x0000002a   Code   RO         1136    .text.HAL_HRTIM_WaveformCountStop  stm32g4xx_hal_hrtim.o
    0x08002552   0x08002552   0x00000002   PAD
    0x08002554   0x08002554   0x0000003a   Code   RO         1126    .text.HAL_HRTIM_WaveformOutputConfig  stm32g4xx_hal_hrtim.o
    0x0800258e   0x0800258e   0x00000002   PAD
    0x08002590   0x08002590   0x0000002c   Code   RO         1130    .text.HAL_HRTIM_WaveformOutputStart  stm32g4xx_hal_hrtim.o
    0x080025bc   0x080025bc   0x0000002c   Code   RO         1132    .text.HAL_HRTIM_WaveformOutputStop  stm32g4xx_hal_hrtim.o
    0x080025e8   0x080025e8   0x00000092   Code   RO         1092    .text.HAL_HRTIM_WaveformTimerConfig  stm32g4xx_hal_hrtim.o
    0x0800267a   0x0800267a   0x00000002   PAD
    0x0800267c   0x0800267c   0x00000044   Code   RO         1100    .text.HAL_HRTIM_WaveformTimerControl  stm32g4xx_hal_hrtim.o
    0x080026c0   0x080026c0   0x0000001a   Code   RO          392    .text.HAL_IncTick   stm32g4xx_hal.o
    0x080026da   0x080026da   0x00000002   PAD
    0x080026dc   0x080026dc   0x0000001e   Code   RO          382    .text.HAL_Init      stm32g4xx_hal.o
    0x080026fa   0x080026fa   0x00000002   PAD
    0x080026fc   0x080026fc   0x00000056   Code   RO          384    .text.HAL_InitTick  stm32g4xx_hal.o
    0x08002752   0x08002752   0x00000002   PAD
    0x08002754   0x08002754   0x00000038   Code   RO          111    .text.HAL_MspInit   stm32g4xx_hal_msp.o
    0x0800278c   0x0800278c   0x00000008   Code   RO          898    .text.HAL_NVIC_EnableIRQ  stm32g4xx_hal_cortex.o
    0x08002794   0x08002794   0x0000001e   Code   RO          890    .text.HAL_NVIC_SetPriority  stm32g4xx_hal_cortex.o
    0x080027b2   0x080027b2   0x00000002   PAD
    0x080027b4   0x080027b4   0x00000008   Code   RO          886    .text.HAL_NVIC_SetPriorityGrouping  stm32g4xx_hal_cortex.o
    0x080027bc   0x080027bc   0x000000ee   Code   RO          806    .text.HAL_PWREx_ControlVoltageScaling  stm32g4xx_hal_pwr_ex.o
    0x080028aa   0x080028aa   0x00000002   PAD
    0x080028ac   0x080028ac   0x00000012   Code   RO          876    .text.HAL_PWREx_DisableUCPDDeadBattery  stm32g4xx_hal_pwr_ex.o
    0x080028be   0x080028be   0x00000002   PAD
    0x080028c0   0x080028c0   0x00000306   Code   RO          509    .text.HAL_RCCEx_PeriphCLKConfig  stm32g4xx_hal_rcc_ex.o
    0x08002bc6   0x08002bc6   0x00000002   PAD
    0x08002bc8   0x08002bc8   0x00000206   Code   RO          473    .text.HAL_RCC_ClockConfig  stm32g4xx_hal_rcc.o
    0x08002dce   0x08002dce   0x00000002   PAD
    0x08002dd0   0x08002dd0   0x0000000c   Code   RO          481    .text.HAL_RCC_GetHCLKFreq  stm32g4xx_hal_rcc.o
    0x08002ddc   0x08002ddc   0x00000026   Code   RO          483    .text.HAL_RCC_GetPCLK1Freq  stm32g4xx_hal_rcc.o
    0x08002e02   0x08002e02   0x00000002   PAD
    0x08002e04   0x08002e04   0x00000026   Code   RO          485    .text.HAL_RCC_GetPCLK2Freq  stm32g4xx_hal_rcc.o
    0x08002e2a   0x08002e2a   0x00000002   PAD
    0x08002e2c   0x08002e2c   0x0000007a   Code   RO          477    .text.HAL_RCC_GetSysClockFreq  stm32g4xx_hal_rcc.o
    0x08002ea6   0x08002ea6   0x00000002   PAD
    0x08002ea8   0x08002ea8   0x0000047a   Code   RO          471    .text.HAL_RCC_OscConfig  stm32g4xx_hal_rcc.o
    0x08003322   0x08003322   0x00000002   PAD
    0x08003324   0x08003324   0x00000008   Code   RO          910    .text.HAL_SYSTICK_Config  stm32g4xx_hal_cortex.o
    0x0800332c   0x0800332c   0x00000036   Code   RO         1434    .text.HAL_UARTEx_DisableFifoMode  stm32g4xx_hal_uart_ex.o
    0x08003362   0x08003362   0x00000002   PAD
    0x08003364   0x08003364   0x0000004a   Code   RO         1438    .text.HAL_UARTEx_SetRxFifoThreshold  stm32g4xx_hal_uart_ex.o
    0x080033ae   0x080033ae   0x00000002   PAD
    0x080033b0   0x080033b0   0x0000004a   Code   RO         1436    .text.HAL_UARTEx_SetTxFifoThreshold  stm32g4xx_hal_uart_ex.o
    0x080033fa   0x080033fa   0x00000002   PAD
    0x080033fc   0x080033fc   0x00000062   Code   RO         1263    .text.HAL_UART_Init  stm32g4xx_hal_uart.o
    0x0800345e   0x0800345e   0x00000002   PAD
    0x08003460   0x08003460   0x000000e4   Code   RO           70    .text.HAL_UART_MspInit  usart.o
    0x08003544   0x08003544   0x00000038   Code   RO         1098    .text.HRTIM_ForceRegistersUpdate  stm32g4xx_hal_hrtim.o
    0x0800357c   0x0800357c   0x00000026   Code   RO          978    .text.HRTIM_MasterBase_Config  stm32g4xx_hal_hrtim.o
    0x080035a2   0x080035a2   0x00000002   PAD
    0x080035a4   0x080035a4   0x00000090   Code   RO         1094    .text.HRTIM_MasterWaveform_Config  stm32g4xx_hal_hrtim.o
    0x08003634   0x08003634   0x000000f6   Code   RO         1004    .text.HRTIM_OutputConfig  stm32g4xx_hal_hrtim.o
    0x0800372a   0x0800372a   0x00000002   PAD
    0x0800372c   0x0800372c   0x0000002e   Code   RO          980    .text.HRTIM_TimingUnitBase_Config  stm32g4xx_hal_hrtim.o
    0x0800375a   0x0800375a   0x00000002   PAD
    0x0800375c   0x0800375c   0x00000198   Code   RO         1096    .text.HRTIM_TimingUnitWaveform_Config  stm32g4xx_hal_hrtim.o
    0x080038f4   0x080038f4   0x00000058   Code   RO         1102    .text.HRTIM_TimingUnitWaveform_Control  stm32g4xx_hal_hrtim.o
    0x0800394c   0x0800394c   0x00000002   Code   RO           86    .text.HardFault_Handler  stm32g4xx_it.o
    0x0800394e   0x0800394e   0x00000002   PAD
    0x08003950   0x08003950   0x00000012   Code   RO          257    .text.LL_ADC_Disable  stm32g4xx_hal_adc.o
    0x08003962   0x08003962   0x00000002   PAD
    0x08003964   0x08003964   0x00000010   Code   RO          125    .text.LL_ADC_DisableDeepPowerDown  stm32g4xx_hal_adc.o
    0x08003974   0x08003974   0x00000012   Code   RO          255    .text.LL_ADC_Enable  stm32g4xx_hal_adc.o
    0x08003986   0x08003986   0x00000002   PAD
    0x08003988   0x08003988   0x00000014   Code   RO          129    .text.LL_ADC_EnableInternalRegulator  stm32g4xx_hal_adc.o
    0x0800399c   0x0800399c   0x00000008   Code   RO          217    .text.LL_ADC_GetCommonPathInternalCh  stm32g4xx_hal_adc.o
    0x080039a4   0x080039a4   0x00000008   Code   RO          353    .text.LL_ADC_GetCommonPathInternalCh  stm32g4xx_hal_adc_ex.o
    0x080039ac   0x080039ac   0x00000008   Code   RO          159    .text.LL_ADC_GetMultiDMATransfer  stm32g4xx_hal_adc.o
    0x080039b4   0x080039b4   0x00000008   Code   RO          149    .text.LL_ADC_GetMultimode  stm32g4xx_hal_adc.o
    0x080039bc   0x080039bc   0x00000008   Code   RO          289    .text.LL_ADC_GetMultimode  stm32g4xx_hal_adc_ex.o
    0x080039c4   0x080039c4   0x0000000c   Code   RO          211    .text.LL_ADC_GetOffsetChannel  stm32g4xx_hal_adc.o
    0x080039d0   0x080039d0   0x0000000c   Code   RO          347    .text.LL_ADC_GetOffsetChannel  stm32g4xx_hal_adc_ex.o
    0x080039dc   0x080039dc   0x00000008   Code   RO          291    .text.LL_ADC_INJ_GetTrigAuto  stm32g4xx_hal_adc_ex.o
    0x080039e4   0x080039e4   0x00000008   Code   RO          137    .text.LL_ADC_INJ_IsConversionOngoing  stm32g4xx_hal_adc.o
    0x080039ec   0x080039ec   0x00000008   Code   RO          281    .text.LL_ADC_INJ_IsConversionOngoing  stm32g4xx_hal_adc_ex.o
    0x080039f4   0x080039f4   0x0000000e   Code   RO          189    .text.LL_ADC_INJ_IsTriggerSourceSWStart  stm32g4xx_hal_adc.o
    0x08003a02   0x08003a02   0x00000002   PAD
    0x08003a04   0x08003a04   0x00000012   Code   RO          293    .text.LL_ADC_INJ_StartConversion  stm32g4xx_hal_adc_ex.o
    0x08003a16   0x08003a16   0x00000002   PAD
    0x08003a18   0x08003a18   0x00000006   Code   RO          271    .text.LL_ADC_IsCalibrationOnGoing  stm32g4xx_hal_adc_ex.o
    0x08003a1e   0x08003a1e   0x00000002   PAD
    0x08003a20   0x08003a20   0x00000008   Code   RO          123    .text.LL_ADC_IsDeepPowerDownEnabled  stm32g4xx_hal_adc.o
    0x08003a28   0x08003a28   0x00000008   Code   RO          249    .text.LL_ADC_IsDisableOngoing  stm32g4xx_hal_adc.o
    0x08003a30   0x08003a30   0x00000008   Code   RO          133    .text.LL_ADC_IsEnabled  stm32g4xx_hal_adc.o
    0x08003a38   0x08003a38   0x00000008   Code   RO          283    .text.LL_ADC_IsEnabled  stm32g4xx_hal_adc_ex.o
    0x08003a40   0x08003a40   0x00000008   Code   RO          127    .text.LL_ADC_IsInternalRegulatorEnabled  stm32g4xx_hal_adc.o
    0x08003a48   0x08003a48   0x00000008   Code   RO          131    .text.LL_ADC_REG_IsConversionOngoing  stm32g4xx_hal_adc.o
    0x08003a50   0x08003a50   0x00000008   Code   RO          279    .text.LL_ADC_REG_IsConversionOngoing  stm32g4xx_hal_adc_ex.o
    0x08003a58   0x08003a58   0x0000000e   Code   RO          161    .text.LL_ADC_REG_IsTriggerSourceSWStart  stm32g4xx_hal_adc.o
    0x08003a66   0x08003a66   0x00000002   PAD
    0x08003a68   0x08003a68   0x00000026   Code   RO          199    .text.LL_ADC_REG_SetSequencerRanks  stm32g4xx_hal_adc.o
    0x08003a8e   0x08003a8e   0x00000002   PAD
    0x08003a90   0x08003a90   0x00000022   Code   RO          201    .text.LL_ADC_SetChannelSamplingTime  stm32g4xx_hal_adc.o
    0x08003ab2   0x08003ab2   0x00000002   PAD
    0x08003ab4   0x08003ab4   0x00000022   Code   RO          337    .text.LL_ADC_SetChannelSamplingTime  stm32g4xx_hal_adc_ex.o
    0x08003ad6   0x08003ad6   0x00000002   PAD
    0x08003ad8   0x08003ad8   0x0000002a   Code   RO          215    .text.LL_ADC_SetChannelSingleDiff  stm32g4xx_hal_adc.o
    0x08003b02   0x08003b02   0x00000002   PAD
    0x08003b04   0x08003b04   0x0000002a   Code   RO          351    .text.LL_ADC_SetChannelSingleDiff  stm32g4xx_hal_adc_ex.o
    0x08003b2e   0x08003b2e   0x00000002   PAD
    0x08003b30   0x08003b30   0x0000000c   Code   RO          135    .text.LL_ADC_SetCommonClock  stm32g4xx_hal_adc.o
    0x08003b3c   0x08003b3c   0x0000000c   Code   RO          219    .text.LL_ADC_SetCommonPathInternalCh  stm32g4xx_hal_adc.o
    0x08003b48   0x08003b48   0x0000000c   Code   RO          355    .text.LL_ADC_SetCommonPathInternalCh  stm32g4xx_hal_adc_ex.o
    0x08003b54   0x08003b54   0x00000024   Code   RO          205    .text.LL_ADC_SetOffset  stm32g4xx_hal_adc.o
    0x08003b78   0x08003b78   0x00000024   Code   RO          341    .text.LL_ADC_SetOffset  stm32g4xx_hal_adc_ex.o
    0x08003b9c   0x08003b9c   0x00000010   Code   RO          209    .text.LL_ADC_SetOffsetSaturation  stm32g4xx_hal_adc.o
    0x08003bac   0x08003bac   0x00000010   Code   RO          345    .text.LL_ADC_SetOffsetSaturation  stm32g4xx_hal_adc_ex.o
    0x08003bbc   0x08003bbc   0x00000010   Code   RO          207    .text.LL_ADC_SetOffsetSign  stm32g4xx_hal_adc.o
    0x08003bcc   0x08003bcc   0x00000010   Code   RO          343    .text.LL_ADC_SetOffsetSign  stm32g4xx_hal_adc_ex.o
    0x08003bdc   0x08003bdc   0x0000000e   Code   RO          213    .text.LL_ADC_SetOffsetState  stm32g4xx_hal_adc.o
    0x08003bea   0x08003bea   0x00000002   PAD
    0x08003bec   0x08003bec   0x0000000e   Code   RO          349    .text.LL_ADC_SetOffsetState  stm32g4xx_hal_adc_ex.o
    0x08003bfa   0x08003bfa   0x00000002   PAD
    0x08003bfc   0x08003bfc   0x0000000c   Code   RO          203    .text.LL_ADC_SetSamplingTimeCommonConfig  stm32g4xx_hal_adc.o
    0x08003c08   0x08003c08   0x0000000c   Code   RO          339    .text.LL_ADC_SetSamplingTimeCommonConfig  stm32g4xx_hal_adc_ex.o
    0x08003c14   0x08003c14   0x0000001a   Code   RO          269    .text.LL_ADC_StartCalibration  stm32g4xx_hal_adc_ex.o
    0x08003c2e   0x08003c2e   0x00000002   PAD
    0x08003c30   0x08003c30   0x0000015a   Code   RO           34    .text.MX_ADC1_Init  adc.o
    0x08003d8a   0x08003d8a   0x00000002   PAD
    0x08003d8c   0x08003d8c   0x0000007c   Code   RO           25    .text.MX_GPIO_Init  gpio.o
    0x08003e08   0x08003e08   0x0000036a   Code   RO           49    .text.MX_HRTIM1_Init  hrtim.o
    0x08004172   0x08004172   0x00000002   PAD
    0x08004174   0x08004174   0x0000007e   Code   RO           66    .text.MX_UART4_Init  usart.o
    0x080041f2   0x080041f2   0x00000002   PAD
    0x080041f4   0x080041f4   0x0000007e   Code   RO           68    .text.MX_USART1_UART_Init  usart.o
    0x08004272   0x08004272   0x00000002   PAD
    0x08004274   0x08004274   0x00000002   Code   RO           88    .text.MemManage_Handler  stm32g4xx_it.o
    0x08004276   0x08004276   0x00000002   PAD
    0x08004278   0x08004278   0x00000002   Code   RO           84    .text.NMI_Handler   stm32g4xx_it.o
    0x0800427a   0x0800427a   0x00000002   PAD
    0x0800427c   0x0800427c   0x0000002c   Code   RO          896    .text.NVIC_EncodePriority  stm32g4xx_hal_cortex.o
    0x080042a8   0x080042a8   0x0000001e   Code   RO         1511    .text.PWM_Disable   pwm.o
    0x080042c6   0x080042c6   0x00000002   PAD
    0x080042c8   0x080042c8   0x0000001e   Code   RO         1509    .text.PWM_Enable    pwm.o
    0x080042e6   0x080042e6   0x00000002   PAD
    0x080042e8   0x080042e8   0x00000014   Code   RO         1507    .text.PWM_Init      pwm.o
    0x080042fc   0x080042fc   0x00000068   Code   RO         1513    .text.PWM_SetDutyCycle  pwm.o
    0x08004364   0x08004364   0x00000002   Code   RO           98    .text.PendSV_Handler  stm32g4xx_it.o
    0x08004366   0x08004366   0x00000002   PAD
    0x08004368   0x08004368   0x00000048   Code   RO          475    .text.RCC_GetSysClockFreqFromPLLSource  stm32g4xx_hal_rcc.o
    0x080043b0   0x080043b0   0x00000114   Code   RO         1532    .text.SC_Compute    signal_conditioning.o
    0x080044c4   0x080044c4   0x0000005a   Code   RO         1530    .text.SC_Init       signal_conditioning.o
    0x0800451e   0x0800451e   0x00000002   PAD
    0x08004520   0x08004520   0x00000002   Code   RO           94    .text.SVC_Handler   stm32g4xx_it.o
    0x08004522   0x08004522   0x00000002   PAD
    0x08004524   0x08004524   0x0000002e   Code   RO          912    .text.SysTick_Config  stm32g4xx_hal_cortex.o
    0x08004552   0x08004552   0x00000002   PAD
    0x08004554   0x08004554   0x00000008   Code   RO          100    .text.SysTick_Handler  stm32g4xx_it.o
    0x0800455c   0x0800455c   0x00000068   Code   RO           13    .text.SystemClock_Config  main.o
    0x080045c4   0x080045c4   0x00000012   Code   RO         1457    .text.SystemInit    system_stm32g4xx.o
    0x080045d6   0x080045d6   0x00000002   PAD
    0x080045d8   0x080045d8   0x00000054   Code   RO         1432    .text.UARTEx_SetNbDataToProcess  stm32g4xx_hal_uart_ex.o
    0x0800462c   0x0800462c   0x000000e6   Code   RO         1267    .text.UART_AdvFeatureConfig  stm32g4xx_hal_uart.o
    0x08004712   0x08004712   0x00000002   PAD
    0x08004714   0x08004714   0x000000c0   Code   RO         1271    .text.UART_CheckIdleState  stm32g4xx_hal_uart.o
    0x080047d4   0x080047d4   0x0000005a   Code   RO         1323    .text.UART_EndRxTransfer  stm32g4xx_hal_uart.o
    0x0800482e   0x0800482e   0x00000002   PAD
    0x08004830   0x08004830   0x000002dc   Code   RO         1269    .text.UART_SetConfig  stm32g4xx_hal_uart.o
    0x08004b0c   0x08004b0c   0x000000c2   Code   RO         1285    .text.UART_WaitOnFlagUntilTimeout  stm32g4xx_hal_uart.o
    0x08004bce   0x08004bce   0x00000002   PAD
    0x08004bd0   0x08004bd0   0x00000002   Code   RO           92    .text.UsageFault_Handler  stm32g4xx_it.o
    0x08004bd2   0x08004bd2   0x00000002   PAD
    0x08004bd4   0x08004bd4   0x00000020   Code   RO          900    .text.__NVIC_EnableIRQ  stm32g4xx_hal_cortex.o
    0x08004bf4   0x08004bf4   0x00000010   Code   RO          892    .text.__NVIC_GetPriorityGrouping  stm32g4xx_hal_cortex.o
    0x08004c04   0x08004c04   0x00000022   Code   RO          894    .text.__NVIC_SetPriority  stm32g4xx_hal_cortex.o
    0x08004c26   0x08004c26   0x00000002   PAD
    0x08004c28   0x08004c28   0x00000020   Code   RO          888    .text.__NVIC_SetPriorityGrouping  stm32g4xx_hal_cortex.o
    0x08004c48   0x08004c48   0x00000026   Code   RO           11    .text.main          main.o
    0x08004c6e   0x08004c6e   0x0000001a   Code   RO         1667    x$fpl$fpinit        fz_wm.l(fpinit.o)
    0x08004c88   0x08004c88   0x00000010   Data   RO         1462    .rodata.AHBPrescTable  system_stm32g4xx.o
    0x08004c98   0x08004c98   0x00000008   Data   RO         1463    .rodata.APBPrescTable  system_stm32g4xx.o
    0x08004ca0   0x08004ca0   0x00000018   Data   RO         1403    .rodata.UARTPrescTable  stm32g4xx_hal_uart.o
    0x08004cb8   0x08004cb8   0x00000010   Data   RO         1448    .rodata.cst8        stm32g4xx_hal_uart_ex.o
    0x08004cc8   0x08004cc8   0x00000020   Data   RO         1728    Region$$Table       anon$$obj.o


    Execution Region RW_IRAM1 (Exec base: 0x20000000, Load base: 0x08004ce8, Size: 0x00000948, Max: 0x00020000, ABSOLUTE)

    Exec Addr    Load Addr    Size         Type   Attr      Idx    E Section Name        Object

    0x20000000   0x08004ce8   0x00000004   Data   RW         1461    .data.SystemCoreClock  system_stm32g4xx.o
    0x20000004   0x08004cec   0x00000004   Data   RW         1495    .data.duty_cycle1   application.o
    0x20000008   0x08004cf0   0x00000004   Data   RW         1496    .data.duty_cycle2   application.o
    0x2000000c   0x08004cf4   0x00000004   Data   RW         1519    .data.duty_port1    pwm.o
    0x20000010   0x08004cf8   0x00000004   Data   RW         1520    .data.duty_port2    pwm.o
    0x20000014   0x08004cfc   0x00000001   Data   RW         1489    .data.flag_uvlo     application.o
    0x20000015   0x08004cfd   0x00000001   PAD
    0x20000016   0x08004cfe   0x00000002   Data   RW         1521    .data.period        pwm.o
    0x20000018   0x08004d00   0x00000004   Data   RW         1498    .data.slow_start_Vout  application.o
    0x2000001c   0x08004d04   0x00000004   Data   RW         1493    .data.switching_frequency  application.o
    0x20000020   0x08004d08   0x00000004   Data   RW         1494    .data.switching_period  application.o
    0x20000024   0x08004d0c   0x00000004   Data   RW         1497    .data.target_Vout   application.o
    0x20000028   0x08004d10   0x00000004   Data   RW          459    .data.uwTickFreq    stm32g4xx_hal.o
    0x2000002c   0x08004d14   0x00000004   Data   RW          458    .data.uwTickPrio    stm32g4xx_hal.o
    0x20000030        -       0x00000060   Zero   RW         1595    .bss                c_w.l(libspace.o)
    0x20000090        -       0x00000004   Zero   RW         1535    .bss.Icoff1         signal_conditioning.o
    0x20000094        -       0x00000004   Zero   RW         1536    .bss.Icoff2         signal_conditioning.o
    0x20000098        -       0x00000004   Zero   RW         1539    .bss.Iin            signal_conditioning.o
    0x2000009c        -       0x00000004   Zero   RW         1540    .bss.Iout           signal_conditioning.o
    0x200000a0        -       0x00000004   Zero   RW         1534    .bss.Vcoff          signal_conditioning.o
    0x200000a4        -       0x00000004   Zero   RW         1537    .bss.Vin            signal_conditioning.o
    0x200000a8        -       0x00000004   Zero   RW         1538    .bss.Vout           signal_conditioning.o
    0x200000ac        -       0x00000001   Zero   RW         1486    .bss.direction      application.o
    0x200000ad        -       0x00000001   Zero   RW         1491    .bss.flag_error_supply_voltage  application.o
    0x200000ae        -       0x00000001   Zero   RW         1492    .bss.flag_init_finished  application.o
    0x200000af        -       0x00000001   Zero   RW         1490    .bss.flag_slow_start  application.o
    0x200000b0        -       0x0000006c   Zero   RW           40    .bss.hadc1          adc.o
    0x2000011c        -       0x000000fc   Zero   RW           57    .bss.hhrtim1        hrtim.o
    0x20000218        -       0x00000094   Zero   RW           75    .bss.huart1         usart.o
    0x200002ac        -       0x00000094   Zero   RW           74    .bss.huart4         usart.o
    0x20000340        -       0x00000001   Zero   RW         1487    .bss.operation_mode  application.o
    0x20000341        -       0x00000001   Zero   RW         1488    .bss.slow_start_mode  application.o
    0x20000342   0x08004d18   0x00000002   PAD
    0x20000344        -       0x00000004   Zero   RW          460    .bss.uwTick         stm32g4xx_hal.o
    0x20000348        -       0x00000200   Zero   RW            2    HEAP                startup_stm32g474xx.o
    0x20000548        -       0x00000400   Zero   RW            1    STACK               startup_stm32g474xx.o


==============================================================================

Image component sizes


      Code (inc. data)   RO Data    RW Data    ZI Data      Debug   Object Name

       496          0          0          0        108      10373   adc.o
      1106         20          0         25          6       6376   application.o
       124          0          0          0          0       2341   gpio.o
      1018          0          0          0        252       9672   hrtim.o
       152          0          0          0          0       1675   main.o
       184          0          0         10          0       1977   pwm.o
       366          4          0          0         28       1200   signal_conditioning.o
        64         26        472          0       1536        844   startup_stm32g474xx.o
       194          0          0          8          4       9540   stm32g4xx_hal.o
      2994          0          0          0          0      24299   stm32g4xx_hal_adc.o
      2298          0          0          0          0      21518   stm32g4xx_hal_adc_ex.o
       258          0          0          0          0      11379   stm32g4xx_hal_cortex.o
       442          0          0          0          0       5378   stm32g4xx_hal_gpio.o
      3244        324          0          0          0      66820   stm32g4xx_hal_hrtim.o
        56          0          0          0          0       1609   stm32g4xx_hal_msp.o
       256          0          0          0          0       9269   stm32g4xx_hal_pwr_ex.o
      1946          0          0          0          0       9347   stm32g4xx_hal_rcc.o
       774          0          0          0          0      11071   stm32g4xx_hal_rcc_ex.o
      1536         62         24          0          0      33412   stm32g4xx_hal_uart.o
       286          0         16          0          0      10288   stm32g4xx_hal_uart_ex.o
        40          0          0          0          0       1523   stm32g4xx_it.o
        18          0         24          4          0       2759   system_stm32g4xx.o
       480          0          0          0        296       6948   usart.o

    ----------------------------------------------------------------------
     18494        436        568         48       2232     259618   Object Totals
         0          0         32          0          0          0   (incl. Generated)
       162          0          0          1          2          0   (incl. Padding)

    ----------------------------------------------------------------------

      Code (inc. data)   RO Data    RW Data    ZI Data      Debug   Library Member Name

         8          0          0          0          0         68   __main.o
         0          0          0          0          0          0   __rtentry.o
        12          0          0          0          0          0   __rtentry2.o
         6          0          0          0          0          0   __rtentry4.o
        52          8          0          0          0          0   __scatter.o
        26          0          0          0          0          0   __scatter_copy.o
        28          0          0          0          0          0   __scatter_zi.o
        18          0          0          0          0         80   exit.o
         6          0          0          0          0        152   heapauxi.o
         0          0          0          0          0          0   indicate_semi.o
         2          0          0          0          0          0   libinit.o
         6          0          0          0          0          0   libinit2.o
         2          0          0          0          0          0   libshutdown.o
         2          0          0          0          0          0   libshutdown2.o
         8          4          0          0         96         68   libspace.o
       240          0          0          0          0        100   lludivv7m.o
        78          0          0          0          0         80   rt_memclr_w.o
         2          0          0          0          0          0   rtexit.o
        10          0          0          0          0          0   rtexit2.o
        12          4          0          0          0         68   sys_exit.o
        74          0          0          0          0         80   sys_stackheap_outer.o
         2          0          0          0          0         68   use_no_semi.o
        26          0          0          0          0        116   fpinit.o

    ----------------------------------------------------------------------
       626         16          0          0         96        880   Library Totals
         6          0          0          0          0          0   (incl. Padding)

    ----------------------------------------------------------------------

      Code (inc. data)   RO Data    RW Data    ZI Data      Debug   Library Name

       594         16          0          0         96        764   c_w.l
        26          0          0          0          0        116   fz_wm.l

    ----------------------------------------------------------------------
       626         16          0          0         96        880   Library Totals

    ----------------------------------------------------------------------

==============================================================================


      Code (inc. data)   RO Data    RW Data    ZI Data      Debug   

     19120        452        568         48       2328     259818   Grand Totals
     19120        452        568         48       2328     259818   ELF Image Totals
     19120        452        568         48          0          0   ROM Totals

==============================================================================

    Total RO  Size (Code + RO Data)                19688 (  19.23kB)
    Total RW  Size (RW Data + ZI Data)              2376 (   2.32kB)
    Total ROM Size (Code + RO Data + RW Data)      19736 (  19.27kB)

==============================================================================

