Component: ARM Compiler 6.16 Tool: armlink [5dfeaa00]

==============================================================================

Section Cross References

    startup_stm32g474xx.o(STACK) refers (Special) to heapauxi.o(.text) for __use_two_region_memory
    startup_stm32g474xx.o(HEAP) refers (Special) to heapauxi.o(.text) for __use_two_region_memory
    startup_stm32g474xx.o(RESET) refers (Special) to heapauxi.o(.text) for __use_two_region_memory
    startup_stm32g474xx.o(RESET) refers to startup_stm32g474xx.o(STACK) for __initial_sp
    startup_stm32g474xx.o(RESET) refers to startup_stm32g474xx.o(.text) for Reset_Handler
    startup_stm32g474xx.o(RESET) refers to stm32g4xx_it.o(.text.NMI_Handler) for NMI_Handler
    startup_stm32g474xx.o(RESET) refers to stm32g4xx_it.o(.text.HardFault_Handler) for HardFault_Handler
    startup_stm32g474xx.o(RESET) refers to stm32g4xx_it.o(.text.MemManage_Handler) for MemManage_Handler
    startup_stm32g474xx.o(RESET) refers to stm32g4xx_it.o(.text.BusFault_Handler) for BusFault_Handler
    startup_stm32g474xx.o(RESET) refers to stm32g4xx_it.o(.text.UsageFault_Handler) for UsageFault_Handler
    startup_stm32g474xx.o(RESET) refers to stm32g4xx_it.o(.text.SVC_Handler) for SVC_Handler
    startup_stm32g474xx.o(RESET) refers to stm32g4xx_it.o(.text.DebugMon_Handler) for DebugMon_Handler
    startup_stm32g474xx.o(RESET) refers to stm32g4xx_it.o(.text.PendSV_Handler) for PendSV_Handler
    startup_stm32g474xx.o(RESET) refers to stm32g4xx_it.o(.text.SysTick_Handler) for SysTick_Handler
    startup_stm32g474xx.o(RESET) refers to stm32g4xx_it.o(.text.DMA1_Channel1_IRQHandler) for DMA1_Channel1_IRQHandler
    startup_stm32g474xx.o(RESET) refers to stm32g4xx_it.o(.text.ADC1_2_IRQHandler) for ADC1_2_IRQHandler
    startup_stm32g474xx.o(RESET) refers to stm32g4xx_it.o(.text.USART1_IRQHandler) for USART1_IRQHandler
    startup_stm32g474xx.o(.text) refers (Special) to heapauxi.o(.text) for __use_two_region_memory
    startup_stm32g474xx.o(.text) refers to system_stm32g4xx.o(.text.SystemInit) for SystemInit
    startup_stm32g474xx.o(.text) refers to __main.o(!!!main) for __main
    startup_stm32g474xx.o(.text) refers to startup_stm32g474xx.o(HEAP) for Heap_Mem
    startup_stm32g474xx.o(.text) refers to startup_stm32g474xx.o(STACK) for Stack_Mem
    main.o(.text.main) refers to stm32g4xx_hal.o(.text.HAL_Init) for HAL_Init
    main.o(.text.main) refers to main.o(.text.SystemClock_Config) for SystemClock_Config
    main.o(.text.main) refers to gpio.o(.text.MX_GPIO_Init) for MX_GPIO_Init
    main.o(.text.main) refers to dma.o(.text.MX_DMA_Init) for MX_DMA_Init
    main.o(.text.main) refers to hrtim.o(.text.MX_HRTIM1_Init) for MX_HRTIM1_Init
    main.o(.text.main) refers to usart.o(.text.MX_USART1_UART_Init) for MX_USART1_UART_Init
    main.o(.text.main) refers to adc.o(.text.MX_ADC1_Init) for MX_ADC1_Init
    main.o(.text.main) refers to usart.o(.text.MX_UART4_Init) for MX_UART4_Init
    main.o(.text.main) refers to application.o(.text.APP_Init) for APP_Init
    main.o(.text.main) refers to application.o(.text.APP_MainLoop) for APP_MainLoop
    main.o(.ARM.exidx.text.main) refers to main.o(.text.main) for [Anonymous Symbol]
    main.o(.text.SystemClock_Config) refers to rt_memclr_w.o(.text) for __aeabi_memclr4
    main.o(.text.SystemClock_Config) refers to stm32g4xx_hal_pwr_ex.o(.text.HAL_PWREx_ControlVoltageScaling) for HAL_PWREx_ControlVoltageScaling
    main.o(.text.SystemClock_Config) refers to stm32g4xx_hal_rcc.o(.text.HAL_RCC_OscConfig) for HAL_RCC_OscConfig
    main.o(.text.SystemClock_Config) refers to stm32g4xx_hal_rcc.o(.text.HAL_RCC_ClockConfig) for HAL_RCC_ClockConfig
    main.o(.text.SystemClock_Config) refers to main.o(.text.Error_Handler) for Error_Handler
    main.o(.ARM.exidx.text.SystemClock_Config) refers to main.o(.text.SystemClock_Config) for [Anonymous Symbol]
    main.o(.ARM.exidx.text.Error_Handler) refers to main.o(.text.Error_Handler) for [Anonymous Symbol]
    gpio.o(.text.MX_GPIO_Init) refers to stm32g4xx_hal_gpio.o(.text.HAL_GPIO_WritePin) for HAL_GPIO_WritePin
    gpio.o(.text.MX_GPIO_Init) refers to stm32g4xx_hal_gpio.o(.text.HAL_GPIO_Init) for HAL_GPIO_Init
    gpio.o(.ARM.exidx.text.MX_GPIO_Init) refers to gpio.o(.text.MX_GPIO_Init) for [Anonymous Symbol]
    adc.o(.text.MX_ADC1_Init) refers to rt_memclr_w.o(.text) for __aeabi_memclr4
    adc.o(.text.MX_ADC1_Init) refers to adc.o(.bss.hadc1) for hadc1
    adc.o(.text.MX_ADC1_Init) refers to stm32g4xx_hal_adc.o(.text.HAL_ADC_Init) for HAL_ADC_Init
    adc.o(.text.MX_ADC1_Init) refers to main.o(.text.Error_Handler) for Error_Handler
    adc.o(.text.MX_ADC1_Init) refers to stm32g4xx_hal_adc_ex.o(.text.HAL_ADCEx_MultiModeConfigChannel) for HAL_ADCEx_MultiModeConfigChannel
    adc.o(.text.MX_ADC1_Init) refers to stm32g4xx_hal_adc.o(.text.HAL_ADC_ConfigChannel) for HAL_ADC_ConfigChannel
[...]
    _printf_flags                            0x00000000   Number         0  printf_stubs.o ABSOLUTE
    _printf_return_value                     0x00000000   Number         0  printf_stubs.o ABSOLUTE
    _printf_sizespec                         0x00000000   Number         0  printf_stubs.o ABSOLUTE
    _printf_widthprec                        0x00000000   Number         0  printf_stubs.o ABSOLUTE
    __ARM_exceptions_init                     - Undefined Weak Reference
    __alloca_initialize                       - Undefined Weak Reference
    __arm_preinit_                            - Undefined Weak Reference
    __cpp_initialize__aeabi_                  - Undefined Weak Reference
    __cxa_finalize                            - Undefined Weak Reference
    __sigvec_lookup                           - Undefined Weak Reference
    _atexit_init                              - Undefined Weak Reference
    _call_atexit_fns                          - Undefined Weak Reference
    _clock_init                               - Undefined Weak Reference
    _fp_trap_init                             - Undefined Weak Reference
    _fp_trap_shutdown                         - Undefined Weak Reference
    _get_lc_collate                           - Undefined Weak Reference
    _get_lc_ctype                             - Undefined Weak Reference
    _get_lc_monetary                          - Undefined Weak Reference
    _get_lc_time                              - Undefined Weak Reference
    _getenv_init                              - Undefined Weak Reference
    _handle_redirection                       - Undefined Weak Reference
    _init_alloc                               - Undefined Weak Reference
    _init_user_alloc                          - Undefined Weak Reference
    _initio                                   - Undefined Weak Reference
    _printf_post_padding                      - Undefined Weak Reference
    _printf_pre_padding                       - Undefined Weak Reference
    _printf_truncate_signed                   - Undefined Weak Reference
    _printf_truncate_unsigned                 - Undefined Weak Reference
    _rand_init                                - Undefined Weak Reference
    _signal_finish                            - Undefined Weak Reference
    _signal_init                              - Undefined Weak Reference
    _terminate_alloc                          - Undefined Weak Reference
    _terminate_user_alloc                     - Undefined Weak Reference
    _terminateio                              - Undefined Weak Reference
    __Vectors_Size                           0x000001d8   Number         0  startup_stm32g474xx.o ABSOLUTE
    __Vectors                                0x08000000   Data           4  startup_stm32g474xx.o(RESET)
    __Vectors_End                            0x080001d8   Data           0  startup_stm32g474xx.o(RESET)
    __main                                   0x080001d9   Thumb Code     8  __main.o(!!!main)
    __scatterload                            0x080001e1   Thumb Code     0  __scatter.o(!!!scatter)
    __scatterload_rt2                        0x080001e1   Thumb Code    44  __scatter.o(!!!scatter)
    __scatterload_rt2_thumb_only             0x080001e1   Thumb Code     0  __scatter.o(!!!scatter)
    __scatterload_null                       0x080001ef   Thumb Code     0  __scatter.o(!!!scatter)
    __scatterload_copy                       0x08000215   Thumb Code    26  __scatter_copy.o(!!handler_copy)
    __scatterload_zeroinit                   0x08000231   Thumb Code    28  __scatter_zi.o(!!handler_zi)
    _printf_f                                0x0800024d   Thumb Code     0  _printf_f.o(.ARM.Collect$$_printf_percent$$00000003)
    _printf_percent                          0x0800024d   Thumb Code     0  _printf_percent.o(.ARM.Collect$$_printf_percent$$00000000)
    _printf_d                                0x08000253   Thumb Code     0  _printf_d.o(.ARM.Collect$$_printf_percent$$00000009)
    _printf_percent_end                      0x08000259   Thumb Code     0  _printf_percent_end.o(.ARM.Collect$$_printf_percent$$00000017)
    __rt_lib_init                            0x0800025d   Thumb Code     0  libinit.o(.ARM.Collect$$libinit$$00000000)
    __rt_lib_init_fp_1                       0x0800025f   Thumb Code     0  libinit2.o(.ARM.Collect$$libinit$$00000001)
    __rt_lib_init_heap_1                     0x08000263   Thumb Code     0  libinit2.o(.ARM.Collect$$libinit$$0000000A)
    __rt_lib_init_lc_common                  0x08000263   Thumb Code     0  libinit2.o(.ARM.Collect$$libinit$$0000000F)
    __rt_lib_init_preinit_1                  0x08000263   Thumb Code     0  libinit2.o(.ARM.Collect$$libinit$$00000004)
    __rt_lib_init_rand_1                     0x08000263   Thumb Code     0  libinit2.o(.ARM.Collect$$libinit$$0000000E)
    __rt_lib_init_user_alloc_1               0x08000263   Thumb Code     0  libinit2.o(.ARM.Collect$$libinit$$0000000C)
    __rt_lib_init_lc_collate_1               0x08000269   Thumb Code     0  libinit2.o(.ARM.Collect$$libinit$$00000011)
    __rt_lib_init_lc_ctype_1                 0x08000269   Thumb Code     0  libinit2.o(.ARM.Collect$$libinit$$00000013)
    __rt_lib_init_lc_monetary_1              0x08000269   Thumb Code     0  libinit2.o(.ARM.Collect$$libinit$$00000015)
    __rt_lib_init_lc_numeric_2               0x08000269   Thumb Code     0  libinit2.o(.ARM.Collect$$libinit$$00000016)
    __rt_lib_init_alloca_1                   0x08000273   Thumb Code     0  libinit2.o(.ARM.Collect$$libinit$$0000002E)
    __rt_lib_init_argv_1                     0x08000273   Thumb Code     0  libinit2.o(.ARM.Collect$$libinit$$0000002C)
    __rt_lib_init_atexit_1                   0x08000273   Thumb Code     0  libinit2.o(.ARM.Collect$$libinit$$0000001B)
    __rt_lib_init_clock_1                    0x08000273   Thumb Code     0  libinit2.o(.ARM.Collect$$libinit$$00000021)
    __rt_lib_init_cpp_1                      0x08000273   Thumb Code     0  libinit2.o(.ARM.Collect$$libinit$$00000032)
    __rt_lib_init_exceptions_1               0x08000273   Thumb Code     0  libinit2.o(.ARM.Collect$$libinit$$00000030)
    __rt_lib_init_fp_trap_1                  0x08000273   Thumb Code     0  libinit2.o(.ARM.Collect$$libinit$$0000001F)
    __rt_lib_init_getenv_1                   0x08000273   Thumb Code     0  libinit2.o(.ARM.Collect$$libinit$$00000023)
    __rt_lib_init_lc_numeric_1               0x08000273   Thumb Code     0  libinit2.o(.ARM.Collect$$libinit$$00000017)
    __rt_lib_init_lc_time_1                  0x08000273   Thumb Code     0  libinit2.o(.ARM.Collect$$libinit$$00000019)
    __rt_lib_init_return                     0x08000273   Thumb Code     0  libinit2.o(.ARM.Collect$$libinit$$00000033)
    __rt_lib_init_signal_1                   0x08000273   Thumb Code     0  libinit2.o(.ARM.Collect$$libinit$$0000001D)
    __rt_lib_init_stdio_1                    0x08000273   Thumb Code     0  libinit2.o(.ARM.Collect$$libinit$$00000025)
    __rt_lib_shutdown                        0x08000275   Thumb Code     0  libshutdown.o(.ARM.Collect$$libshutdown$$00000000)
    __rt_lib_shutdown_cpp_1                  0x08000277   Thumb Code     0  libshutdown2.o(.ARM.Collect$$libshutdown$$00000002)
    __rt_lib_shutdown_fp_trap_1              0x08000277   Thumb Code     0  libshutdown2.o(.ARM.Collect$$libshutdown$$00000007)
    __rt_lib_shutdown_heap_1                 0x08000277   Thumb Code     0  libshutdown2.o(.ARM.Collect$$libshutdown$$0000000F)
    __rt_lib_shutdown_return                 0x08000277   Thumb Code     0  libshutdown2.o(.ARM.Collect$$libshutdown$$00000010)
    __rt_lib_shutdown_signal_1               0x08000277   Thumb Code     0  libshutdown2.o(.ARM.Collect$$libshutdown$$0000000A)
    __rt_lib_shutdown_stdio_1                0x08000277   Thumb Code     0  libshutdown2.o(.ARM.Collect$$libshutdown$$00000004)
    __rt_lib_shutdown_user_alloc_1           0x08000277   Thumb Code     0  libshutdown2.o(.ARM.Collect$$libshutdown$$0000000C)
    __rt_entry                               0x08000279   Thumb Code     0  __rtentry.o(.ARM.Collect$$rtentry$$00000000)
    __rt_entry_presh_1                       0x08000279   Thumb Code     0  __rtentry2.o(.ARM.Collect$$rtentry$$00000002)
    __rt_entry_sh                            0x08000279   Thumb Code     0  __rtentry4.o(.ARM.Collect$$rtentry$$00000004)
    __rt_entry_li                            0x0800027f   Thumb Code     0  __rtentry2.o(.ARM.Collect$$rtentry$$0000000A)
    __rt_entry_postsh_1                      0x0800027f   Thumb Code     0  __rtentry2.o(.ARM.Collect$$rtentry$$00000009)
    __rt_entry_main                          0x08000283   Thumb Code     0  __rtentry2.o(.ARM.Collect$$rtentry$$0000000D)
    __rt_entry_postli_1                      0x08000283   Thumb Code     0  __rtentry2.o(.ARM.Collect$$rtentry$$0000000C)
    __rt_exit                                0x0800028b   Thumb Code     0  rtexit.o(.ARM.Collect$$rtexit$$00000000)
    __rt_exit_ls                             0x0800028d   Thumb Code     0  rtexit2.o(.ARM.Collect$$rtexit$$00000003)
    __rt_exit_prels_1                        0x0800028d   Thumb Code     0  rtexit2.o(.ARM.Collect$$rtexit$$00000002)
    __rt_exit_exit                           0x08000291   Thumb Code     0  rtexit2.o(.ARM.Collect$$rtexit$$00000004)
    Reset_Handler                            0x08000299   Thumb Code     8  startup_stm32g474xx.o(.text)
    ADC3_IRQHandler                          0x080002b3   Thumb Code     0  startup_stm32g474xx.o(.text)
    ADC4_IRQHandler                          0x080002b3   Thumb Code     0  startup_stm32g474xx.o(.text)
    ADC5_IRQHandler                          0x080002b3   Thumb Code     0  startup_stm32g474xx.o(.text)
    COMP1_2_3_IRQHandler                     0x080002b3   Thumb Code     0  startup_stm32g474xx.o(.text)
    COMP4_5_6_IRQHandler                     0x080002b3   Thumb Code     0  startup_stm32g474xx.o(.text)
    COMP7_IRQHandler                         0x080002b3   Thumb Code     0  startup_stm32g474xx.o(.text)
    CORDIC_IRQHandler                        0x080002b3   Thumb Code     0  startup_stm32g474xx.o(.text)
    CRS_IRQHandler                           0x080002b3   Thumb Code     0  startup_stm32g474xx.o(.text)
    DMA1_Channel2_IRQHandler                 0x080002b3   Thumb Code     0  startup_stm32g474xx.o(.text)
    DMA1_Channel3_IRQHandler                 0x080002b3   Thumb Code     0  startup_stm32g474xx.o(.text)
    DMA1_Channel4_IRQHandler                 0x080002b3   Thumb Code     0  startup_stm32g474xx.o(.text)
    DMA1_Channel5_IRQHandler                 0x080002b3   Thumb Code     0  startup_stm32g474xx.o(.text)
    DMA1_Channel6_IRQHandler                 0x080002b3   Thumb Code     0  startup_stm32g474xx.o(.text)
    DMA1_Channel7_IRQHandler                 0x080002b3   Thumb Code     0  startup_stm32g474xx.o(.text)
    DMA1_Channel8_IRQHandler                 0x080002b3   Thumb Code     0  startup_stm32g474xx.o(.text)
    DMA2_Channel1_IRQHandler                 0x080002b3   Thumb Code     0  startup_stm32g474xx.o(.text)
    DMA2_Channel2_IRQHandler                 0x080002b3   Thumb Code     0  startup_stm32g474xx.o(.text)
    DMA2_Channel3_IRQHandler                 0x080002b3   Thumb Code     0  startup_stm32g474xx.o(.text)
    DMA2_Channel4_IRQHandler                 0x080002b3   Thumb Code     0  startup_stm32g474xx.o(.text)
    DMA2_Channel5_IRQHandler                 0x080002b3   Thumb Code     0  startup_stm32g474xx.o(.text)
    DMA2_Channel6_IRQHandler                 0x080002b3   Thumb Code     0  startup_stm32g474xx.o(.text)
    DMA2_Channel7_IRQHandler                 0x080002b3   Thumb Code     0  startup_stm32g474xx.o(.text)
    DMA2_Channel8_IRQHandler                 0x080002b3   Thumb Code     0  startup_stm32g474xx.o(.text)
    DMAMUX_OVR_IRQHandler                    0x080002b3   Thumb Code     0  startup_stm32g474xx.o(.text)
    EXTI0_IRQHandler                         0x080002b3   Thumb Code     0  startup_stm32g474xx.o(.text)
    EXTI15_10_IRQHandler                     0x080002b3   Thumb Code     0  startup_stm32g474xx.o(.text)
    EXTI1_IRQHandler                         0x080002b3   Thumb Code     0  startup_stm32g474xx.o(.text)
    EXTI2_IRQHandler                         0x080002b3   Thumb Code     0  startup_stm32g474xx.o(.text)
    EXTI3_IRQHandler                         0x080002b3   Thumb Code     0  startup_stm32g474xx.o(.text)
    EXTI4_IRQHandler                         0x080002b3   Thumb Code     0  startup_stm32g474xx.o(.text)
    EXTI9_5_IRQHandler                       0x080002b3   Thumb Code     0  startup_stm32g474xx.o(.text)
    FDCAN1_IT0_IRQHandler                    0x080002b3   Thumb Code     0  startup_stm32g474xx.o(.text)
    FDCAN1_IT1_IRQHandler                    0x080002b3   Thumb Code     0  startup_stm32g474xx.o(.text)
    FDCAN2_IT0_IRQHandler                    0x080002b3   Thumb Code     0  startup_stm32g474xx.o(.text)
    FDCAN2_IT1_IRQHandler                    0x080002b3   Thumb Code     0  startup_stm32g474xx.o(.text)
    FDCAN3_IT0_IRQHandler                    0x080002b3   Thumb Code     0  startup_stm32g474xx.o(.text)
    FDCAN3_IT1_IRQHandler                    0x080002b3   Thumb Code     0  startup_stm32g474xx.o(.text)
    FLASH_IRQHandler                         0x080002b3   Thumb Code     0  startup_stm32g474xx.o(.text)
    FMAC_IRQHandler                          0x080002b3   Thumb Code     0  startup_stm32g474xx.o(.text)
    FMC_IRQHandler                           0x080002b3   Thumb Code     0  startup_stm32g474xx.o(.text)
    FPU_IRQHandler                           0x080002b3   Thumb Code     0  startup_stm32g474xx.o(.text)
    HRTIM1_FLT_IRQHandler                    0x080002b3   Thumb Code     0  startup_stm32g474xx.o(.text)
    HRTIM1_Master_IRQHandler                 0x080002b3   Thumb Code     0  startup_stm32g474xx.o(.text)
    HRTIM1_TIMA_IRQHandler                   0x080002b3   Thumb Code     0  startup_stm32g474xx.o(.text)
    HRTIM1_TIMB_IRQHandler                   0x080002b3   Thumb Code     0  startup_stm32g474xx.o(.text)
    HRTIM1_TIMC_IRQHandler                   0x080002b3   Thumb Code     0  startup_stm32g474xx.o(.text)
    HRTIM1_TIMD_IRQHandler                   0x080002b3   Thumb Code     0  startup_stm32g474xx.o(.text)
    HRTIM1_TIME_IRQHandler                   0x080002b3   Thumb Code     0  startup_stm32g474xx.o(.text)
    HRTIM1_TIMF_IRQHandler                   0x080002b3   Thumb Code     0  startup_stm32g474xx.o(.text)
    I2C1_ER_IRQHandler                       0x080002b3   Thumb Code     0  startup_stm32g474xx.o(.text)
    I2C1_EV_IRQHandler                       0x080002b3   Thumb Code     0  startup_stm32g474xx.o(.text)
    I2C2_ER_IRQHandler                       0x080002b3   Thumb Code     0  startup_stm32g474xx.o(.text)
    I2C2_EV_IRQHandler                       0x080002b3   Thumb Code     0  startup_stm32g474xx.o(.text)
    I2C3_ER_IRQHandler                       0x080002b3   Thumb Code     0  startup_stm32g474xx.o(.text)
    I2C3_EV_IRQHandler                       0x080002b3   Thumb Code     0  startup_stm32g474xx.o(.text)
    I2C4_ER_IRQHandler                       0x080002b3   Thumb Code     0  startup_stm32g474xx.o(.text)
    I2C4_EV_IRQHandler                       0x080002b3   Thumb Code     0  startup_stm32g474xx.o(.text)
    LPTIM1_IRQHandler                        0x080002b3   Thumb Code     0  startup_stm32g474xx.o(.text)
    LPUART1_IRQHandler                       0x080002b3   Thumb Code     0  startup_stm32g474xx.o(.text)
    PVD_PVM_IRQHandler                       0x080002b3   Thumb Code     0  startup_stm32g474xx.o(.text)
    QUADSPI_IRQHandler                       0x080002b3   Thumb Code     0  startup_stm32g474xx.o(.text)
    RCC_IRQHandler                           0x080002b3   Thumb Code     0  startup_stm32g474xx.o(.text)
    RNG_IRQHandler                           0x080002b3   Thumb Code     0  startup_stm32g474xx.o(.text)
    RTC_Alarm_IRQHandler                     0x080002b3   Thumb Code     0  startup_stm32g474xx.o(.text)
    RTC_TAMP_LSECSS_IRQHandler               0x080002b3   Thumb Code     0  startup_stm32g474xx.o(.text)
    RTC_WKUP_IRQHandler                      0x080002b3   Thumb Code     0  startup_stm32g474xx.o(.text)
    SAI1_IRQHandler                          0x080002b3   Thumb Code     0  startup_stm32g474xx.o(.text)
    SPI1_IRQHandler                          0x080002b3   Thumb Code     0  startup_stm32g474xx.o(.text)
    SPI2_IRQHandler                          0x080002b3   Thumb Code     0  startup_stm32g474xx.o(.text)
    SPI3_IRQHandler                          0x080002b3   Thumb Code     0  startup_stm32g474xx.o(.text)
    SPI4_IRQHandler                          0x080002b3   Thumb Code     0  startup_stm32g474xx.o(.text)
    TIM1_BRK_TIM15_IRQHandler                0x080002b3   Thumb Code     0  startup_stm32g474xx.o(.text)
    TIM1_CC_IRQHandler                       0x080002b3   Thumb Code     0  startup_stm32g474xx.o(.text)
    TIM1_TRG_COM_TIM17_IRQHandler            0x080002b3   Thumb Code     0  startup_stm32g474xx.o(.text)
    TIM1_UP_TIM16_IRQHandler                 0x080002b3   Thumb Code     0  startup_stm32g474xx.o(.text)
    TIM20_BRK_IRQHandler                     0x080002b3   Thumb Code     0  startup_stm32g474xx.o(.text)
    TIM20_CC_IRQHandler                      0x080002b3   Thumb Code     0  startup_stm32g474xx.o(.text)
    TIM20_TRG_COM_IRQHandler                 0x080002b3   Thumb Code     0  startup_stm32g474xx.o(.text)
    TIM20_UP_IRQHandler                      0x080002b3   Thumb Code     0  startup_stm32g474xx.o(.text)
    TIM2_IRQHandler                          0x080002b3   Thumb Code     0  startup_stm32g474xx.o(.text)
    TIM3_IRQHandler                          0x080002b3   Thumb Code     0  startup_stm32g474xx.o(.text)
    TIM4_IRQHandler                          0x080002b3   Thumb Code     0  startup_stm32g474xx.o(.text)
    TIM5_IRQHandler                          0x080002b3   Thumb Code     0  startup_stm32g474xx.o(.text)
    TIM6_DAC_IRQHandler                      0x080002b3   Thumb Code     0  startup_stm32g474xx.o(.text)
    TIM7_DAC_IRQHandler                      0x080002b3   Thumb Code     0  startup_stm32g474xx.o(.text)
    TIM8_BRK_IRQHandler                      0x080002b3   Thumb Code     0  startup_stm32g474xx.o(.text)
    TIM8_CC_IRQHandler                       0x080002b3   Thumb Code     0  startup_stm32g474xx.o(.text)
    TIM8_TRG_COM_IRQHandler                  0x080002b3   Thumb Code     0  startup_stm32g474xx.o(.text)
    TIM8_UP_IRQHandler                       0x080002b3   Thumb Code     0  startup_stm32g474xx.o(.text)
    UART4_IRQHandler                         0x080002b3   Thumb Code     0  startup_stm32g474xx.o(.text)
    UART5_IRQHandler                         0x080002b3   Thumb Code     0  startup_stm32g474xx.o(.text)
    UCPD1_IRQHandler                         0x080002b3   Thumb Code     0  startup_stm32g474xx.o(.text)
    USART2_IRQHandler                        0x080002b3   Thumb Code     0  startup_stm32g474xx.o(.text)
    USART3_IRQHandler                        0x080002b3   Thumb Code     0  startup_stm32g474xx.o(.text)
    USBWakeUp_IRQHandler                     0x080002b3   Thumb Code     0  startup_stm32g474xx.o(.text)
    USB_HP_IRQHandler                        0x080002b3   Thumb Code     0  startup_stm32g474xx.o(.text)
    USB_LP_IRQHandler                        0x080002b3   Thumb Code     0  startup_stm32g474xx.o(.text)
    WWDG_IRQHandler                          0x080002b3   Thumb Code     0  startup_stm32g474xx.o(.text)
    __user_initial_stackheap                 0x080002b5   Thumb Code     0  startup_stm32g474xx.o(.text)
    __aeabi_uldivmod                         0x080002d9   Thumb Code     0  lludivv7m.o(.text)
    _ll_udiv                                 0x080002d9   Thumb Code   240  lludivv7m.o(.text)
    __2sprintf                               0x080003c9   Thumb Code    34  noretval__2sprintf.o(.text)
    _printf_int_dec                          0x080003f1   Thumb Code   104  _printf_dec.o(.text)
    __printf                                 0x08000469   Thumb Code   270  __printf_wp.o(.text)
    strlen                                   0x08000577   Thumb Code    62  strlen.o(.text)
    __aeabi_memclr4                          0x080005b5   Thumb Code     0  rt_memclr_w.o(.text)
    __aeabi_memclr8                          0x080005b5   Thumb Code     0  rt_memclr_w.o(.text)
    __rt_memclr_w                            0x080005b5   Thumb Code     0  rt_memclr_w.o(.text)
    _memset_w                                0x080005b9   Thumb Code    74  rt_memclr_w.o(.text)
    __use_two_region_memory                  0x08000603   Thumb Code     2  heapauxi.o(.text)
    __rt_heap_escrow$2region                 0x08000605   Thumb Code     2  heapauxi.o(.text)
    __rt_heap_expand$2region                 0x08000607   Thumb Code     2  heapauxi.o(.text)
    _printf_int_common                       0x08000609   Thumb Code   178  _printf_intcommon.o(.text)
    _printf_fp_dec_real                      0x0800086b   Thumb Code   620  _printf_fp_dec.o(.text)
    _printf_char_common                      0x08000ae3   Thumb Code    32  _printf_char_common.o(.text)
    _sputc                                   0x08000b09   Thumb Code    10  _sputc.o(.text)
    __rt_locale                              0x08000b15   Thumb Code     8  rt_locale_intlibspace.o(.text)
    _ll_udiv10                               0x08000b1d   Thumb Code   138  lludiv10.o(.text)
    _printf_fp_infnan                        0x08000ba9   Thumb Code   112  _printf_fp_infnan.o(.text)
    _btod_etento                             0x08000c29   Thumb Code   224  bigflt0.o(.text)
    __user_libspace                          0x08000d0d   Thumb Code     8  libspace.o(.text)
    __user_perproc_libspace                  0x08000d0d   Thumb Code     0  libspace.o(.text)
    __user_perthread_libspace                0x08000d0d   Thumb Code     0  libspace.o(.text)
    __user_setup_stackheap                   0x08000d15   Thumb Code    74  sys_stackheap_outer.o(.text)
    exit                                     0x08000d5f   Thumb Code    18  exit.o(.text)
    strcmp                                   0x08000d71   Thumb Code   124  strcmpv7em.o(.text)
    _sys_exit                                0x08000ded   Thumb Code     8  sys_exit.o(.text)
    __I$use$semihosting                      0x08000df9   Thumb Code     0  use_no_semi.o(.text)
    __use_no_semihosting_swi                 0x08000df9   Thumb Code     2  use_no_semi.o(.text)
    __semihosting_library_function           0x08000dfb   Thumb Code     0  indicate_semi.o(.text)
    ADC1_2_IRQHandler                        0x08000dfd   Thumb Code    16  stm32g4xx_it.o(.text.ADC1_2_IRQHandler)
    ADC_Disable                              0x08000e0d   Thumb Code   126  stm32g4xx_hal_adc.o(.text.ADC_Disable)
    ADC_Enable                               0x08000e8d   Thumb Code   238  stm32g4xx_hal_adc.o(.text.ADC_Enable)
    APP_ClosedLoopControl                    0x08000f7d   Thumb Code     8  application.o(.text.APP_ClosedLoopControl)
    APP_DetermineDirection                   0x08000f85   Thumb Code   168  application.o(.text.APP_DetermineDirection)
    APP_Init                                 0x0800102d   Thumb Code    64  application.o(.text.APP_Init)
    APP_MainLoop                             0x0800106d   Thumb Code   192  application.o(.text.APP_MainLoop)
    APP_VoltageClosedLoop                    0x0800114d   Thumb Code  1044  application.o(.text.APP_VoltageClosedLoop)
    BusFault_Handler                         0x08001561   Thumb Code     2  stm32g4xx_it.o(.text.BusFault_Handler)
    DMA1_Channel1_IRQHandler                 0x08001565   Thumb Code    16  stm32g4xx_it.o(.text.DMA1_Channel1_IRQHandler)
    DebugMon_Handler                         0x08001631   Thumb Code     2  stm32g4xx_it.o(.text.DebugMon_Handler)
    Error_Handler                            0x08001635   Thumb Code    10  main.o(.text.Error_Handler)
    HAL_ADCEx_Calibration_Start              0x08001641   Thumb Code   132  stm32g4xx_hal_adc_ex.o(.text.HAL_ADCEx_Calibration_Start)
    HAL_ADCEx_EndOfSamplingCallback          0x080016c5   Thumb Code     2  stm32g4xx_hal_adc_ex.o(.text.HAL_ADCEx_EndOfSamplingCallback)
    HAL_ADCEx_InjectedConfigChannel          0x080016c9   Thumb Code  1174  stm32g4xx_hal_adc_ex.o(.text.HAL_ADCEx_InjectedConfigChannel)
    HAL_ADCEx_InjectedConvCpltCallback       0x08001b61   Thumb Code    24  application.o(.text.HAL_ADCEx_InjectedConvCpltCallback)
    HAL_ADCEx_InjectedGetValue               0x08001b79   Thumb Code    50  stm32g4xx_hal_adc_ex.o(.text.HAL_ADCEx_InjectedGetValue)
    HAL_ADCEx_InjectedQueueOverflowCallback  0x08001bad   Thumb Code     2  stm32g4xx_hal_adc_ex.o(.text.HAL_ADCEx_InjectedQueueOverflowCallback)
    HAL_ADCEx_InjectedStart                  0x08001bb1   Thumb Code   286  stm32g4xx_hal_adc_ex.o(.text.HAL_ADCEx_InjectedStart)
    HAL_ADCEx_LevelOutOfWindow2Callback      0x08001cd1   Thumb Code     2  stm32g4xx_hal_adc_ex.o(.text.HAL_ADCEx_LevelOutOfWindow2Callback)
    HAL_ADCEx_LevelOutOfWindow3Callback      0x08001cd5   Thumb Code     2  stm32g4xx_hal_adc_ex.o(.text.HAL_ADCEx_LevelOutOfWindow3Callback)
    HAL_ADCEx_MultiModeConfigChannel         0x08001cd9   Thumb Code   356  stm32g4xx_hal_adc_ex.o(.text.HAL_ADCEx_MultiModeConfigChannel)
    HAL_ADC_ConfigChannel                    0x08001e3d   Thumb Code   922  stm32g4xx_hal_adc.o(.text.HAL_ADC_ConfigChannel)
    HAL_ADC_ConvCpltCallback                 0x080021d9   Thumb Code     2  stm32g4xx_hal_adc.o(.text.HAL_ADC_ConvCpltCallback)
    HAL_ADC_ErrorCallback                    0x080021dd   Thumb Code     2  stm32g4xx_hal_adc.o(.text.HAL_ADC_ErrorCallback)
    HAL_ADC_IRQHandler                       0x080021e1   Thumb Code   738  stm32g4xx_hal_adc.o(.text.HAL_ADC_IRQHandler)
    HAL_ADC_Init                             0x080024c5   Thumb Code   548  stm32g4xx_hal_adc.o(.text.HAL_ADC_Init)
    HAL_ADC_LevelOutOfWindowCallback         0x080026e9   Thumb Code     2  stm32g4xx_hal_adc.o(.text.HAL_ADC_LevelOutOfWindowCallback)
    HAL_ADC_MspInit                          0x080026ed   Thumb Code   150  adc.o(.text.HAL_ADC_MspInit)
    HAL_DMA_Abort                            0x08002785   Thumb Code   110  stm32g4xx_hal_dma.o(.text.HAL_DMA_Abort)
    HAL_DMA_Abort_IT                         0x080027f5   Thumb Code   122  stm32g4xx_hal_dma.o(.text.HAL_DMA_Abort_IT)
    HAL_DMA_IRQHandler                       0x08002871   Thumb Code   170  stm32g4xx_hal_dma.o(.text.HAL_DMA_IRQHandler)
    HAL_DMA_Init                             0x0800291d   Thumb Code   216  stm32g4xx_hal_dma.o(.text.HAL_DMA_Init)
    HAL_DMA_Start_IT                         0x080029f5   Thumb Code   138  stm32g4xx_hal_dma.o(.text.HAL_DMA_Start_IT)
    HAL_Delay                                0x08002a81   Thumb Code    40  stm32g4xx_hal.o(.text.HAL_Delay)
    HAL_GPIO_Init                            0x08002aa9   Thumb Code   414  stm32g4xx_hal_gpio.o(.text.HAL_GPIO_Init)
    HAL_GPIO_TogglePin                       0x08002c49   Thumb Code    16  stm32g4xx_hal_gpio.o(.text.HAL_GPIO_TogglePin)
    HAL_GPIO_WritePin                        0x08002c59   Thumb Code    12  stm32g4xx_hal_gpio.o(.text.HAL_GPIO_WritePin)
    HAL_GetTick                              0x08002c65   Thumb Code    12  stm32g4xx_hal.o(.text.HAL_GetTick)
    HAL_HRTIM_ADCPostScalerConfig            0x08002c71   Thumb Code   334  stm32g4xx_hal_hrtim.o(.text.HAL_HRTIM_ADCPostScalerConfig)
    HAL_HRTIM_ADCTriggerConfig               0x08002dc1   Thumb Code   570  stm32g4xx_hal_hrtim.o(.text.HAL_HRTIM_ADCTriggerConfig)
    HAL_HRTIM_DLLCalibrationStart            0x08002ffd   Thumb Code    84  stm32g4xx_hal_hrtim.o(.text.HAL_HRTIM_DLLCalibrationStart)
    HAL_HRTIM_DeadTimeConfig                 0x08003051   Thumb Code   148  stm32g4xx_hal_hrtim.o(.text.HAL_HRTIM_DeadTimeConfig)
    HAL_HRTIM_Init                           0x080030e5   Thumb Code   176  stm32g4xx_hal_hrtim.o(.text.HAL_HRTIM_Init)
    HAL_HRTIM_MspInit                        0x08003195   Thumb Code    50  hrtim.o(.text.HAL_HRTIM_MspInit)
    HAL_HRTIM_MspPostInit                    0x080031c9   Thumb Code    94  hrtim.o(.text.HAL_HRTIM_MspPostInit)
    HAL_HRTIM_PollForDLLCalibration          0x08003229   Thumb Code    82  stm32g4xx_hal_hrtim.o(.text.HAL_HRTIM_PollForDLLCalibration)
    HAL_HRTIM_TimeBaseConfig                 0x0800327d   Thumb Code    50  stm32g4xx_hal_hrtim.o(.text.HAL_HRTIM_TimeBaseConfig)
    HAL_HRTIM_WaveformCompareConfig          0x080032b1   Thumb Code   332  stm32g4xx_hal_hrtim.o(.text.HAL_HRTIM_WaveformCompareConfig)
    HAL_HRTIM_WaveformCountStart             0x080033fd   Thumb Code    40  stm32g4xx_hal_hrtim.o(.text.HAL_HRTIM_WaveformCountStart)
    HAL_HRTIM_WaveformCountStop              0x08003425   Thumb Code    42  stm32g4xx_hal_hrtim.o(.text.HAL_HRTIM_WaveformCountStop)
    HAL_HRTIM_WaveformOutputConfig           0x08003451   Thumb Code    58  stm32g4xx_hal_hrtim.o(.text.HAL_HRTIM_WaveformOutputConfig)
    HAL_HRTIM_WaveformOutputStart            0x0800348d   Thumb Code    44  stm32g4xx_hal_hrtim.o(.text.HAL_HRTIM_WaveformOutputStart)
    HAL_HRTIM_WaveformOutputStop             0x080034b9   Thumb Code    44  stm32g4xx_hal_hrtim.o(.text.HAL_HRTIM_WaveformOutputStop)
    HAL_HRTIM_WaveformTimerConfig            0x080034e5   Thumb Code   146  stm32g4xx_hal_hrtim.o(.text.HAL_HRTIM_WaveformTimerConfig)
    HAL_HRTIM_WaveformTimerControl           0x08003579   Thumb Code    68  stm32g4xx_hal_hrtim.o(.text.HAL_HRTIM_WaveformTimerControl)
    HAL_IncTick                              0x080035bd   Thumb Code    26  stm32g4xx_hal.o(.text.HAL_IncTick)
    HAL_Init                                 0x080035d9   Thumb Code    30  stm32g4xx_hal.o(.text.HAL_Init)
    HAL_InitTick                             0x080035f9   Thumb Code    86  stm32g4xx_hal.o(.text.HAL_InitTick)
    HAL_MspInit                              0x08003651   Thumb Code    56  stm32g4xx_hal_msp.o(.text.HAL_MspInit)
    HAL_NVIC_EnableIRQ                       0x08003689   Thumb Code     8  stm32g4xx_hal_cortex.o(.text.HAL_NVIC_EnableIRQ)
    HAL_NVIC_SetPriority                     0x08003691   Thumb Code    30  stm32g4xx_hal_cortex.o(.text.HAL_NVIC_SetPriority)
    HAL_NVIC_SetPriorityGrouping             0x080036b1   Thumb Code     8  stm32g4xx_hal_cortex.o(.text.HAL_NVIC_SetPriorityGrouping)
    HAL_PWREx_ControlVoltageScaling          0x080036b9   Thumb Code   238  stm32g4xx_hal_pwr_ex.o(.text.HAL_PWREx_ControlVoltageScaling)
    HAL_PWREx_DisableUCPDDeadBattery         0x080037a9   Thumb Code    18  stm32g4xx_hal_pwr_ex.o(.text.HAL_PWREx_DisableUCPDDeadBattery)
    HAL_RCCEx_PeriphCLKConfig                0x080037bd   Thumb Code   774  stm32g4xx_hal_rcc_ex.o(.text.HAL_RCCEx_PeriphCLKConfig)
    HAL_RCC_ClockConfig                      0x08003ac5   Thumb Code   518  stm32g4xx_hal_rcc.o(.text.HAL_RCC_ClockConfig)
    HAL_RCC_GetHCLKFreq                      0x08003ccd   Thumb Code    12  stm32g4xx_hal_rcc.o(.text.HAL_RCC_GetHCLKFreq)
    HAL_RCC_GetPCLK1Freq                     0x08003cd9   Thumb Code    38  stm32g4xx_hal_rcc.o(.text.HAL_RCC_GetPCLK1Freq)
    HAL_RCC_GetPCLK2Freq                     0x08003d01   Thumb Code    38  stm32g4xx_hal_rcc.o(.text.HAL_RCC_GetPCLK2Freq)
    HAL_RCC_GetSysClockFreq                  0x08003d29   Thumb Code   122  stm32g4xx_hal_rcc.o(.text.HAL_RCC_GetSysClockFreq)
    HAL_RCC_OscConfig                        0x08003da5   Thumb Code  1146  stm32g4xx_hal_rcc.o(.text.HAL_RCC_OscConfig)
    HAL_SYSTICK_Config                       0x08004221   Thumb Code     8  stm32g4xx_hal_cortex.o(.text.HAL_SYSTICK_Config)
    HAL_UARTEx_DisableFifoMode               0x08004229   Thumb Code    54  stm32g4xx_hal_uart_ex.o(.text.HAL_UARTEx_DisableFifoMode)
    HAL_UARTEx_RxEventCallback               0x08004261   Thumb Code     2  stm32g4xx_hal_uart.o(.text.HAL_UARTEx_RxEventCallback)
    HAL_UARTEx_RxFifoFullCallback            0x08004265   Thumb Code     2  stm32g4xx_hal_uart_ex.o(.text.HAL_UARTEx_RxFifoFullCallback)
    HAL_UARTEx_SetRxFifoThreshold            0x08004269   Thumb Code    74  stm32g4xx_hal_uart_ex.o(.text.HAL_UARTEx_SetRxFifoThreshold)
    HAL_UARTEx_SetTxFifoThreshold            0x080042b5   Thumb Code    74  stm32g4xx_hal_uart_ex.o(.text.HAL_UARTEx_SetTxFifoThreshold)
    HAL_UARTEx_TxFifoEmptyCallback           0x08004301   Thumb Code     2  stm32g4xx_hal_uart_ex.o(.text.HAL_UARTEx_TxFifoEmptyCallback)
    HAL_UARTEx_WakeupCallback                0x08004305   Thumb Code     2  stm32g4xx_hal_uart_ex.o(.text.HAL_UARTEx_WakeupCallback)
    HAL_UART_ErrorCallback                   0x08004309   Thumb Code     2  stm32g4xx_hal_uart.o(.text.HAL_UART_ErrorCallback)
    HAL_UART_IRQHandler                      0x0800430d   Thumb Code   802  stm32g4xx_hal_uart.o(.text.HAL_UART_IRQHandler)
    HAL_UART_Init                            0x08004631   Thumb Code    98  stm32g4xx_hal_uart.o(.text.HAL_UART_Init)
    HAL_UART_MspInit                         0x08004695   Thumb Code   328  usart.o(.text.HAL_UART_MspInit)
    HAL_UART_Transmit_DMA                    0x080047dd   Thumb Code   148  stm32g4xx_hal_uart.o(.text.HAL_UART_Transmit_DMA)
    HAL_UART_TxCpltCallback                  0x08004871   Thumb Code     2  stm32g4xx_hal_uart.o(.text.HAL_UART_TxCpltCallback)
    HAL_UART_TxHalfCpltCallback              0x08004875   Thumb Code     2  stm32g4xx_hal_uart.o(.text.HAL_UART_TxHalfCpltCallback)
    HardFault_Handler                        0x08004c81   Thumb Code     2  stm32g4xx_it.o(.text.HardFault_Handler)
    MX_ADC1_Init                             0x08004f65   Thumb Code   346  adc.o(.text.MX_ADC1_Init)
    MX_DMA_Init                              0x080050c1   Thumb Code    68  dma.o(.text.MX_DMA_Init)
    MX_GPIO_Init                             0x08005105   Thumb Code   124  gpio.o(.text.MX_GPIO_Init)
    MX_HRTIM1_Init                           0x08005181   Thumb Code   874  hrtim.o(.text.MX_HRTIM1_Init)
    MX_UART4_Init                            0x080054ed   Thumb Code   126  usart.o(.text.MX_UART4_Init)
    MX_USART1_UART_Init                      0x0800556d   Thumb Code   126  usart.o(.text.MX_USART1_UART_Init)
    MemManage_Handler                        0x080055ed   Thumb Code     2  stm32g4xx_it.o(.text.MemManage_Handler)
    NMI_Handler                              0x080055f1   Thumb Code     2  stm32g4xx_it.o(.text.NMI_Handler)
    PID_Calculate                            0x08005621   Thumb Code   150  pid.o(.text.PID_Calculate)
    PID_Init                                 0x080056b9   Thumb Code    52  pid.o(.text.PID_Init)
    PID_SetParam                             0x080056ed   Thumb Code    22  pid.o(.text.PID_SetParam)
    PWM_Disable                              0x08005705   Thumb Code    30  pwm.o(.text.PWM_Disable)
    PWM_Enable                               0x08005725   Thumb Code    30  pwm.o(.text.PWM_Enable)
    PWM_Init                                 0x08005745   Thumb Code    20  pwm.o(.text.PWM_Init)
    PWM_SetDutyCycle                         0x08005759   Thumb Code   104  pwm.o(.text.PWM_SetDutyCycle)
    PendSV_Handler                           0x080057c1   Thumb Code     2  stm32g4xx_it.o(.text.PendSV_Handler)
    SC_Compute                               0x0800580d   Thumb Code   276  signal_conditioning.o(.text.SC_Compute)
    SC_Init                                  0x08005921   Thumb Code    90  signal_conditioning.o(.text.SC_Init)
    SVC_Handler                              0x0800597d   Thumb Code     2  stm32g4xx_it.o(.text.SVC_Handler)
    SysTick_Handler                          0x080059b1   Thumb Code     8  stm32g4xx_it.o(.text.SysTick_Handler)
    SystemClock_Config                       0x080059b9   Thumb Code   104  main.o(.text.SystemClock_Config)
    SystemInit                               0x08005a21   Thumb Code    18  system_stm32g4xx.o(.text.SystemInit)
    UART_AdvFeatureConfig                    0x08005a89   Thumb Code   230  stm32g4xx_hal_uart.o(.text.UART_AdvFeatureConfig)
    UART_CheckIdleState                      0x08005b71   Thumb Code   192  stm32g4xx_hal_uart.o(.text.UART_CheckIdleState)
    UART_SetConfig                           0x08005d9d   Thumb Code   700  stm32g4xx_hal_uart.o(.text.UART_SetConfig)
    UART_WaitOnFlagUntilTimeout              0x08006079   Thumb Code   194  stm32g4xx_hal_uart.o(.text.UART_WaitOnFlagUntilTimeout)
    USART1_IRQHandler                        0x0800613d   Thumb Code    16  stm32g4xx_it.o(.text.USART1_IRQHandler)
    UsageFault_Handler                       0x0800614d   Thumb Code     2  stm32g4xx_it.o(.text.UsageFault_Handler)
    main                                     0x080061c5   Thumb Code    42  main.o(.text.main)
    _btod_d2e                                0x080061ef   Thumb Code    62  btod.o(CL$$btod_d2e)
    _d2e_denorm_low                          0x0800622d   Thumb Code    70  btod.o(CL$$btod_d2e_denorm_low)
    _d2e_norm_op1                            0x08006273   Thumb Code    96  btod.o(CL$$btod_d2e_norm_op1)
    __btod_div_common                        0x080062d5   Thumb Code   696  btod.o(CL$$btod_div_common)
    _e2e                                     0x0800660d   Thumb Code   220  btod.o(CL$$btod_e2e)
    _btod_ediv                               0x080066e9   Thumb Code    42  btod.o(CL$$btod_ediv)
    _btod_emul                               0x08006713   Thumb Code    42  btod.o(CL$$btod_emul)
    __btod_mult_common                       0x0800673d   Thumb Code   580  btod.o(CL$$btod_mult_common)
    __ARM_fpclassify                         0x08006981   Thumb Code    48  fpclassify.o(i.__ARM_fpclassify)
    _is_digit                                0x080069b1   Thumb Code    14  __printf_wp.o(i._is_digit)
    _get_lc_numeric                          0x080069c1   Thumb Code    44  lc_numeric_c.o(locale$$code)
    __fpl_dretinf                            0x080069ed   Thumb Code    12  dretinf.o(x$fpl$dretinf)
    __aeabi_f2d                              0x080069f9   Thumb Code     0  f2d.o(x$fpl$f2d)
    _f2d                                     0x080069f9   Thumb Code    86  f2d.o(x$fpl$f2d)
    __fpl_fnaninf                            0x08006a4f   Thumb Code   140  fnaninf.o(x$fpl$fnaninf)
    _fp_init                                 0x08006adb   Thumb Code    26  fpinit.o(x$fpl$fpinit)
    __fplib_config_fpu_vfp                   0x08006af3   Thumb Code     0  fpinit.o(x$fpl$fpinit)
    __fplib_config_pureend_doubles           0x08006af3   Thumb Code     0  fpinit.o(x$fpl$fpinit)
    _printf_fp_dec                           0x08006af5   Thumb Code     4  printf1.o(x$fpl$printf1)
    __I$use$fp                               0x08006af8   Number         0  usenofp.o(x$fpl$usenofp)
    AHBPrescTable                            0x08006b8c   Data          16  system_stm32g4xx.o(.rodata.AHBPrescTable)
    APBPrescTable                            0x08006b9c   Data           8  system_stm32g4xx.o(.rodata.APBPrescTable)
    UARTPrescTable                           0x08006ba4   Data          24  stm32g4xx_hal_uart.o(.rodata.UARTPrescTable)
    Region$$Table$$Base                      0x08006bcc   Number         0  anon$$obj.o(Region$$Table)
    Region$$Table$$Limit                     0x08006bec   Number         0  anon$$obj.o(Region$$Table)
    SystemCoreClock                          0x20000000   Data           4  system_stm32g4xx.o(.data.SystemCoreClock)
    duty_cycle1                              0x20000004   Data           4  application.o(.data.duty_cycle1)
    duty_cycle2                              0x20000008   Data           4  application.o(.data.duty_cycle2)
    flag_uvlo                                0x20000014   Data           1  application.o(.data.flag_uvlo)
    slow_start_Vout                          0x20000018   Data           4  application.o(.data.slow_start_Vout)
    switching_frequency                      0x2000001c   Data           4  application.o(.data.switching_frequency)
    switching_period                         0x20000020   Data           4  application.o(.data.switching_period)
    target_Vout                              0x20000024   Data           4  application.o(.data.target_Vout)
    uwTickFreq                               0x20000028   Data           4  stm32g4xx_hal.o(.data.uwTickFreq)
    uwTickPrio                               0x2000002c   Data           4  stm32g4xx_hal.o(.data.uwTickPrio)
    __libspace_start                         0x20000030   Data          96  libspace.o(.bss)
    __temporary_stack_top$libspace           0x20000090   Data           0  libspace.o(.bss)
    Iin                                      0x20000098   Data           4  signal_conditioning.o(.bss.Iin)
    Iout                                     0x2000009c   Data           4  signal_conditioning.o(.bss.Iout)
    Vin                                      0x200000a4   Data           4  signal_conditioning.o(.bss.Vin)
    Vout                                     0x200000a8   Data           4  signal_conditioning.o(.bss.Vout)
    comp_duty_cycle                          0x200000ac   Data           4  application.o(.bss.comp_duty_cycle)
    direction                                0x200000b0   Data           1  application.o(.bss.direction)
    flag_data_update                         0x200000b1   Data           1  application.o(.bss.flag_data_update)
    flag_error_supply_voltage                0x200000b2   Data           1  application.o(.bss.flag_error_supply_voltage)
    flag_init_finished                       0x200000b3   Data           1  application.o(.bss.flag_init_finished)
    flag_slow_start                          0x200000b4   Data           1  application.o(.bss.flag_slow_start)
    hadc1                                    0x200000b8   Data         108  adc.o(.bss.hadc1)
    hdma_usart1_tx                           0x20000124   Data          96  usart.o(.bss.hdma_usart1_tx)
    hhrtim1                                  0x20000184   Data         252  hrtim.o(.bss.hhrtim1)
    huart1                                   0x20000280   Data         148  usart.o(.bss.huart1)
    huart4                                   0x20000314   Data         148  usart.o(.bss.huart4)
    operation_mode                           0x200003a8   Data           1  application.o(.bss.operation_mode)
    pid_voltage                              0x200003ac   Data          32  pid.o(.bss.pid_voltage)
    slow_start_mode                          0x200003cc   Data           1  application.o(.bss.slow_start_mode)
    tx_buffer                                0x200003cd   Data          50  application.o(.bss.tx_buffer)
    uwTick                                   0x20000400   Data           4  stm32g4xx_hal.o(.bss.uwTick)



==============================================================================

Memory Map of the image

  Image Entry point : 0x080001d9

  Load Region LR_IROM1 (Base: 0x08000000, Size: 0x00006c38, Max: 0x00080000, ABSOLUTE)

    Execution Region ER_IROM1 (Exec base: 0x08000000, Load base: 0x08000000, Size: 0x00006c08, Max: 0x00080000, ABSOLUTE)

    Exec Addr    Load Addr    Size         Type   Attr      Idx    E Section Name        Object

    0x08000000   0x08000000   0x000001d8   Data   RO            3    RESET               startup_stm32g474xx.o
    0x080001d8   0x080001d8   0x00000008   Code   RO         1620  * !!!main             c_w.l(__main.o)
    0x080001e0   0x080001e0   0x00000034   Code   RO         1864    !!!scatter          c_w.l(__scatter.o)
    0x08000214   0x08000214   0x0000001a   Code   RO         1866    !!handler_copy      c_w.l(__scatter_copy.o)
    0x0800022e   0x0800022e   0x00000002   PAD
    0x08000230   0x08000230   0x0000001c   Code   RO         1868    !!handler_zi        c_w.l(__scatter_zi.o)
    0x0800024c   0x0800024c   0x00000000   Code   RO         1613    .ARM.Collect$$_printf_percent$$00000000  c_w.l(_printf_percent.o)
    0x0800024c   0x0800024c   0x00000006   Code   RO         1612    .ARM.Collect$$_printf_percent$$00000003  c_w.l(_printf_f.o)
    0x08000252   0x08000252   0x00000006   Code   RO         1611    .ARM.Collect$$_printf_percent$$00000009  c_w.l(_printf_d.o)
    0x08000258   0x08000258   0x00000004   Code   RO         1641    .ARM.Collect$$_printf_percent$$00000017  c_w.l(_printf_percent_end.o)
    0x0800025c   0x0800025c   0x00000002   Code   RO         1729    .ARM.Collect$$libinit$$00000000  c_w.l(libinit.o)
    0x0800025e   0x0800025e   0x00000004   Code   RO         1730    .ARM.Collect$$libinit$$00000001  c_w.l(libinit2.o)
    0x08000262   0x08000262   0x00000000   Code   RO         1733    .ARM.Collect$$libinit$$00000004  c_w.l(libinit2.o)
    0x08000262   0x08000262   0x00000000   Code   RO         1736    .ARM.Collect$$libinit$$0000000A  c_w.l(libinit2.o)
    0x08000262   0x08000262   0x00000000   Code   RO         1738    .ARM.Collect$$libinit$$0000000C  c_w.l(libinit2.o)
    0x08000262   0x08000262   0x00000000   Code   RO         1740    .ARM.Collect$$libinit$$0000000E  c_w.l(libinit2.o)
    0x08000262   0x08000262   0x00000006   Code   RO         1741    .ARM.Collect$$libinit$$0000000F  c_w.l(libinit2.o)
    0x08000268   0x08000268   0x00000000   Code   RO         1743    .ARM.Collect$$libinit$$00000011  c_w.l(libinit2.o)
    0x08000268   0x08000268   0x00000000   Code   RO         1745    .ARM.Collect$$libinit$$00000013  c_w.l(libinit2.o)
    0x08000268   0x08000268   0x00000000   Code   RO         1747    .ARM.Collect$$libinit$$00000015  c_w.l(libinit2.o)
    0x08000268   0x08000268   0x0000000a   Code   RO         1748    .ARM.Collect$$libinit$$00000016  c_w.l(libinit2.o)
    0x08000272   0x08000272   0x00000000   Code   RO         1749    .ARM.Collect$$libinit$$00000017  c_w.l(libinit2.o)
    0x08000272   0x08000272   0x00000000   Code   RO         1751    .ARM.Collect$$libinit$$00000019  c_w.l(libinit2.o)
    0x08000272   0x08000272   0x00000000   Code   RO         1753    .ARM.Collect$$libinit$$0000001B  c_w.l(libinit2.o)
    0x08000272   0x08000272   0x00000000   Code   RO         1755    .ARM.Collect$$libinit$$0000001D  c_w.l(libinit2.o)
    0x08000272   0x08000272   0x00000000   Code   RO         1757    .ARM.Collect$$libinit$$0000001F  c_w.l(libinit2.o)
    0x08000272   0x08000272   0x00000000   Code   RO         1759    .ARM.Collect$$libinit$$00000021  c_w.l(libinit2.o)
    0x08000272   0x08000272   0x00000000   Code   RO         1761    .ARM.Collect$$libinit$$00000023  c_w.l(libinit2.o)
    0x08000272   0x08000272   0x00000000   Code   RO         1763    .ARM.Collect$$libinit$$00000025  c_w.l(libinit2.o)
    0x08000272   0x08000272   0x00000000   Code   RO         1767    .ARM.Collect$$libinit$$0000002C  c_w.l(libinit2.o)
    0x08000272   0x08000272   0x00000000   Code   RO         1769    .ARM.Collect$$libinit$$0000002E  c_w.l(libinit2.o)
    0x08000272   0x08000272   0x00000000   Code   RO         1771    .ARM.Collect$$libinit$$00000030  c_w.l(libinit2.o)
    0x08000272   0x08000272   0x00000000   Code   RO         1773    .ARM.Collect$$libinit$$00000032  c_w.l(libinit2.o)
    0x08000272   0x08000272   0x00000002   Code   RO         1774    .ARM.Collect$$libinit$$00000033  c_w.l(libinit2.o)
    0x08000274   0x08000274   0x00000002   Code   RO         1829    .ARM.Collect$$libshutdown$$00000000  c_w.l(libshutdown.o)
    0x08000276   0x08000276   0x00000000   Code   RO         1847    .ARM.Collect$$libshutdown$$00000002  c_w.l(libshutdown2.o)
    0x08000276   0x08000276   0x00000000   Code   RO         1849    .ARM.Collect$$libshutdown$$00000004  c_w.l(libshutdown2.o)
    0x08000276   0x08000276   0x00000000   Code   RO         1852    .ARM.Collect$$libshutdown$$00000007  c_w.l(libshutdown2.o)
    0x08000276   0x08000276   0x00000000   Code   RO         1855    .ARM.Collect$$libshutdown$$0000000A  c_w.l(libshutdown2.o)
    0x08000276   0x08000276   0x00000000   Code   RO         1857    .ARM.Collect$$libshutdown$$0000000C  c_w.l(libshutdown2.o)
    0x08000276   0x08000276   0x00000000   Code   RO         1860    .ARM.Collect$$libshutdown$$0000000F  c_w.l(libshutdown2.o)
    0x08000276   0x08000276   0x00000002   Code   RO         1861    .ARM.Collect$$libshutdown$$00000010  c_w.l(libshutdown2.o)
    0x08000278   0x08000278   0x00000000   Code   RO         1626    .ARM.Collect$$rtentry$$00000000  c_w.l(__rtentry.o)
    0x08000278   0x08000278   0x00000000   Code   RO         1648    .ARM.Collect$$rtentry$$00000002  c_w.l(__rtentry2.o)
    0x08000278   0x08000278   0x00000006   Code   RO         1660    .ARM.Collect$$rtentry$$00000004  c_w.l(__rtentry4.o)
    0x0800027e   0x0800027e   0x00000000   Code   RO         1650    .ARM.Collect$$rtentry$$00000009  c_w.l(__rtentry2.o)
    0x0800027e   0x0800027e   0x00000004   Code   RO         1651    .ARM.Collect$$rtentry$$0000000A  c_w.l(__rtentry2.o)
    0x08000282   0x08000282   0x00000000   Code   RO         1653    .ARM.Collect$$rtentry$$0000000C  c_w.l(__rtentry2.o)
    0x08000282   0x08000282   0x00000008   Code   RO         1654    .ARM.Collect$$rtentry$$0000000D  c_w.l(__rtentry2.o)
    0x0800028a   0x0800028a   0x00000002   Code   RO         1775    .ARM.Collect$$rtexit$$00000000  c_w.l(rtexit.o)
    0x0800028c   0x0800028c   0x00000000   Code   RO         1794    .ARM.Collect$$rtexit$$00000002  c_w.l(rtexit2.o)
    0x0800028c   0x0800028c   0x00000004   Code   RO         1795    .ARM.Collect$$rtexit$$00000003  c_w.l(rtexit2.o)
    0x08000290   0x08000290   0x00000006   Code   RO         1796    .ARM.Collect$$rtexit$$00000004  c_w.l(rtexit2.o)
    0x08000296   0x08000296   0x00000002   PAD
    0x08000298   0x08000298   0x00000040   Code   RO            4    .text               startup_stm32g474xx.o
    0x080002d8   0x080002d8   0x000000f0   Code   RO         1581    .text               c_w.l(lludivv7m.o)
    0x080003c8   0x080003c8   0x00000028   Code   RO         1585    .text               c_w.l(noretval__2sprintf.o)
    0x080003f0   0x080003f0   0x00000078   Code   RO         1589    .text               c_w.l(_printf_dec.o)
    0x08000468   0x08000468   0x0000010e   Code   RO         1599    .text               c_w.l(__printf_wp.o)
    0x08000576   0x08000576   0x0000003e   Code   RO         1614    .text               c_w.l(strlen.o)
    0x080005b4   0x080005b4   0x0000004e   Code   RO         1616    .text               c_w.l(rt_memclr_w.o)
    0x08000602   0x08000602   0x00000006   Code   RO         1618    .text               c_w.l(heapauxi.o)
    0x08000608   0x08000608   0x000000b2   Code   RO         1631    .text               c_w.l(_printf_intcommon.o)
    0x080006ba   0x080006ba   0x0000041c   Code   RO         1633    .text               c_w.l(_printf_fp_dec.o)
    0x08000ad6   0x08000ad6   0x00000002   PAD
    0x08000ad8   0x08000ad8   0x00000030   Code   RO         1637    .text               c_w.l(_printf_char_common.o)
    0x08000b08   0x08000b08   0x0000000a   Code   RO         1639    .text               c_w.l(_sputc.o)
    0x08000b12   0x08000b12   0x00000002   PAD
    0x08000b14   0x08000b14   0x00000008   Code   RO         1667    .text               c_w.l(rt_locale_intlibspace.o)
    0x08000b1c   0x08000b1c   0x0000008a   Code   RO         1669    .text               c_w.l(lludiv10.o)
    0x08000ba6   0x08000ba6   0x00000002   PAD
    0x08000ba8   0x08000ba8   0x00000080   Code   RO         1671    .text               c_w.l(_printf_fp_infnan.o)
    0x08000c28   0x08000c28   0x000000e4   Code   RO         1675    .text               c_w.l(bigflt0.o)
    0x08000d0c   0x08000d0c   0x00000008   Code   RO         1709    .text               c_w.l(libspace.o)
    0x08000d14   0x08000d14   0x0000004a   Code   RO         1712    .text               c_w.l(sys_stackheap_outer.o)
    0x08000d5e   0x08000d5e   0x00000012   Code   RO         1716    .text               c_w.l(exit.o)
    0x08000d70   0x08000d70   0x0000007c   Code   RO         1722    .text               c_w.l(strcmpv7em.o)
    0x08000dec   0x08000dec   0x0000000c   Code   RO         1789    .text               c_w.l(sys_exit.o)
    0x08000df8   0x08000df8   0x00000002   Code   RO         1816    .text               c_w.l(use_no_semi.o)
    0x08000dfa   0x08000dfa   0x00000000   Code   RO         1818    .text               c_w.l(indicate_semi.o)
    0x08000dfa   0x08000dfa   0x00000002   PAD
    0x08000dfc   0x08000dfc   0x00000010   Code   RO          114    .text.ADC1_2_IRQHandler  stm32g4xx_it.o
    0x08000e0c   0x08000e0c   0x0000007e   Code   RO          157    .text.ADC_Disable   stm32g4xx_hal_adc.o
    0x08000e8a   0x08000e8a   0x00000002   PAD
    0x08000e8c   0x08000e8c   0x000000ee   Code   RO          165    .text.ADC_Enable    stm32g4xx_hal_adc.o
    0x08000f7a   0x08000f7a   0x00000002   PAD
    0x08000f7c   0x08000f7c   0x00000008   Code   RO         1496    .text.APP_ClosedLoopControl  application.o
    0x08000f84   0x08000f84   0x000000a8   Code   RO         1486    .text.APP_DetermineDirection  application.o
    0x0800102c   0x0800102c   0x00000040   Code   RO         1488    .text.APP_Init      application.o
    0x0800106c   0x0800106c   0x000000e0   Code   RO         1490    .text.APP_MainLoop  application.o
    0x0800114c   0x0800114c   0x00000414   Code   RO         1492    .text.APP_VoltageClosedLoop  application.o
    0x08001560   0x08001560   0x00000002   Code   RO          100    .text.BusFault_Handler  stm32g4xx_it.o
    0x08001562   0x08001562   0x00000002   PAD
    0x08001564   0x08001564   0x00000010   Code   RO          112    .text.DMA1_Channel1_IRQHandler  stm32g4xx_it.o
    0x08001574   0x08001574   0x0000004a   Code   RO          724    .text.DMA_CalcDMAMUXChannelBaseAndMask  stm32g4xx_hal_dma.o
    0x080015be   0x080015be   0x00000002   PAD
    0x080015c0   0x080015c0   0x00000026   Code   RO          726    .text.DMA_CalcDMAMUXRequestGenBaseAndMask  stm32g4xx_hal_dma.o
    0x080015e6   0x080015e6   0x00000002   PAD
    0x080015e8   0x080015e8   0x00000046   Code   RO          732    .text.DMA_SetConfig  stm32g4xx_hal_dma.o
    0x0800162e   0x0800162e   0x00000002   PAD
    0x08001630   0x08001630   0x00000002   Code   RO          106    .text.DebugMon_Handler  stm32g4xx_it.o
    0x08001632   0x08001632   0x00000002   PAD
    0x08001634   0x08001634   0x0000000a   Code   RO           15    .text.Error_Handler  main.o
    0x0800163e   0x0800163e   0x00000002   PAD
    0x08001640   0x08001640   0x00000084   Code   RO          281    .text.HAL_ADCEx_Calibration_Start  stm32g4xx_hal_adc_ex.o
    0x080016c4   0x080016c4   0x00000002   Code   RO          339    .text.HAL_ADCEx_EndOfSamplingCallback  stm32g4xx_hal_adc_ex.o
    0x080016c6   0x080016c6   0x00000002   PAD
    0x080016c8   0x080016c8   0x00000496   Code   RO          349    .text.HAL_ADCEx_InjectedConfigChannel  stm32g4xx_hal_adc_ex.o
    0x08001b5e   0x08001b5e   0x00000002   PAD
    0x08001b60   0x08001b60   0x00000018   Code   RO         1498    .text.HAL_ADCEx_InjectedConvCpltCallback  application.o
    0x08001b78   0x08001b78   0x00000032   Code   RO          329    .text.HAL_ADCEx_InjectedGetValue  stm32g4xx_hal_adc_ex.o
    0x08001baa   0x08001baa   0x00000002   PAD
    0x08001bac   0x08001bac   0x00000002   Code   RO          333    .text.HAL_ADCEx_InjectedQueueOverflowCallback  stm32g4xx_hal_adc_ex.o
    0x08001bae   0x08001bae   0x00000002   PAD
    0x08001bb0   0x08001bb0   0x0000011e   Code   RO          301    .text.HAL_ADCEx_InjectedStart  stm32g4xx_hal_adc_ex.o
    0x08001cce   0x08001cce   0x00000002   PAD
    0x08001cd0   0x08001cd0   0x00000002   Code   RO          335    .text.HAL_ADCEx_LevelOutOfWindow2Callback  stm32g4xx_hal_adc_ex.o
    0x08001cd2   0x08001cd2   0x00000002   PAD
    0x08001cd4   0x08001cd4   0x00000002   Code   RO          337    .text.HAL_ADCEx_LevelOutOfWindow3Callback  stm32g4xx_hal_adc_ex.o
    0x08001cd6   0x08001cd6   0x00000002   PAD
    0x08001cd8   0x08001cd8   0x00000164   Code   RO          371    .text.HAL_ADCEx_MultiModeConfigChannel  stm32g4xx_hal_adc_ex.o
    0x08001e3c   0x08001e3c   0x0000039a   Code   RO          211    .text.HAL_ADC_ConfigChannel  stm32g4xx_hal_adc.o
    0x080021d6   0x080021d6   0x00000002   PAD
    0x080021d8   0x080021d8   0x00000002   Code   RO          201    .text.HAL_ADC_ConvCpltCallback  stm32g4xx_hal_adc.o
    0x080021da   0x080021da   0x00000002   PAD
    0x080021dc   0x080021dc   0x00000002   Code   RO          207    .text.HAL_ADC_ErrorCallback  stm32g4xx_hal_adc.o
    0x080021de   0x080021de   0x00000002   PAD
    0x080021e0   0x080021e0   0x000002e2   Code   RO          199    .text.HAL_ADC_IRQHandler  stm32g4xx_hal_adc.o
    0x080024c2   0x080024c2   0x00000002   PAD
    0x080024c4   0x080024c4   0x00000224   Code   RO          133    .text.HAL_ADC_Init  stm32g4xx_hal_adc.o
    0x080026e8   0x080026e8   0x00000002   Code   RO          205    .text.HAL_ADC_LevelOutOfWindowCallback  stm32g4xx_hal_adc.o
    0x080026ea   0x080026ea   0x00000002   PAD
    0x080026ec   0x080026ec   0x00000096   Code   RO           36    .text.HAL_ADC_MspInit  adc.o
    0x08002782   0x08002782   0x00000002   PAD
    0x08002784   0x08002784   0x0000006e   Code   RO          736    .text.HAL_DMA_Abort  stm32g4xx_hal_dma.o
    0x080027f2   0x080027f2   0x00000002   PAD
    0x080027f4   0x080027f4   0x0000007a   Code   RO          738    .text.HAL_DMA_Abort_IT  stm32g4xx_hal_dma.o
    0x0800286e   0x0800286e   0x00000002   PAD
    0x08002870   0x08002870   0x000000aa   Code   RO          742    .text.HAL_DMA_IRQHandler  stm32g4xx_hal_dma.o
    0x0800291a   0x0800291a   0x00000002   PAD
    0x0800291c   0x0800291c   0x000000d8   Code   RO          722    .text.HAL_DMA_Init  stm32g4xx_hal_dma.o
    0x080029f4   0x080029f4   0x0000008a   Code   RO          734    .text.HAL_DMA_Start_IT  stm32g4xx_hal_dma.o
    0x08002a7e   0x08002a7e   0x00000002   PAD
    0x08002a80   0x08002a80   0x00000028   Code   RO          416    .text.HAL_Delay     stm32g4xx_hal.o
    0x08002aa8   0x08002aa8   0x0000019e   Code   RO          672    .text.HAL_GPIO_Init  stm32g4xx_hal_gpio.o
    0x08002c46   0x08002c46   0x00000002   PAD
    0x08002c48   0x08002c48   0x00000010   Code   RO          680    .text.HAL_GPIO_TogglePin  stm32g4xx_hal_gpio.o
    0x08002c58   0x08002c58   0x0000000c   Code   RO          678    .text.HAL_GPIO_WritePin  stm32g4xx_hal_gpio.o
    0x08002c64   0x08002c64   0x0000000c   Code   RO          408    .text.HAL_GetTick   stm32g4xx_hal.o
    0x08002c70   0x08002c70   0x0000014e   Code   RO         1100    .text.HAL_HRTIM_ADCPostScalerConfig  stm32g4xx_hal_hrtim.o
    0x08002dbe   0x08002dbe   0x00000002   PAD
    0x08002dc0   0x08002dc0   0x0000023a   Code   RO         1098    .text.HAL_HRTIM_ADCTriggerConfig  stm32g4xx_hal_hrtim.o
    0x08002ffa   0x08002ffa   0x00000002   PAD
    0x08002ffc   0x08002ffc   0x00000054   Code   RO          984    .text.HAL_HRTIM_DLLCalibrationStart  stm32g4xx_hal_hrtim.o
    0x08003050   0x08003050   0x00000094   Code   RO         1130    .text.HAL_HRTIM_DeadTimeConfig  stm32g4xx_hal_hrtim.o
    0x080030e4   0x080030e4   0x000000b0   Code   RO          976    .text.HAL_HRTIM_Init  stm32g4xx_hal_hrtim.o
    0x08003194   0x08003194   0x00000032   Code   RO           62    .text.HAL_HRTIM_MspInit  hrtim.o
    0x080031c6   0x080031c6   0x00000002   PAD
    0x080031c8   0x080031c8   0x0000005e   Code   RO           60    .text.HAL_HRTIM_MspPostInit  hrtim.o
    0x08003226   0x08003226   0x00000002   PAD
    0x08003228   0x08003228   0x00000052   Code   RO          988    .text.HAL_HRTIM_PollForDLLCalibration  stm32g4xx_hal_hrtim.o
    0x0800327a   0x0800327a   0x00000002   PAD
    0x0800327c   0x0800327c   0x00000032   Code   RO          990    .text.HAL_HRTIM_TimeBaseConfig  stm32g4xx_hal_hrtim.o
    0x080032ae   0x080032ae   0x00000002   PAD
    0x080032b0   0x080032b0   0x0000014c   Code   RO         1136    .text.HAL_HRTIM_WaveformCompareConfig  stm32g4xx_hal_hrtim.o
    0x080033fc   0x080033fc   0x00000028   Code   RO         1148    .text.HAL_HRTIM_WaveformCountStart  stm32g4xx_hal_hrtim.o
    0x08003424   0x08003424   0x0000002a   Code   RO         1150    .text.HAL_HRTIM_WaveformCountStop  stm32g4xx_hal_hrtim.o
    0x0800344e   0x0800344e   0x00000002   PAD
    0x08003450   0x08003450   0x0000003a   Code   RO         1140    .text.HAL_HRTIM_WaveformOutputConfig  stm32g4xx_hal_hrtim.o
    0x0800348a   0x0800348a   0x00000002   PAD
    0x0800348c   0x0800348c   0x0000002c   Code   RO         1144    .text.HAL_HRTIM_WaveformOutputStart  stm32g4xx_hal_hrtim.o
    0x080034b8   0x080034b8   0x0000002c   Code   RO         1146    .text.HAL_HRTIM_WaveformOutputStop  stm32g4xx_hal_hrtim.o
    0x080034e4   0x080034e4   0x00000092   Code   RO         1106    .text.HAL_HRTIM_WaveformTimerConfig  stm32g4xx_hal_hrtim.o
    0x08003576   0x08003576   0x00000002   PAD
    0x08003578   0x08003578   0x00000044   Code   RO         1114    .text.HAL_HRTIM_WaveformTimerControl  stm32g4xx_hal_hrtim.o
    0x080035bc   0x080035bc   0x0000001a   Code   RO          406    .text.HAL_IncTick   stm32g4xx_hal.o
    0x080035d6   0x080035d6   0x00000002   PAD
    0x080035d8   0x080035d8   0x0000001e   Code   RO          396    .text.HAL_Init      stm32g4xx_hal.o
    0x080035f6   0x080035f6   0x00000002   PAD
    0x080035f8   0x080035f8   0x00000056   Code   RO          398    .text.HAL_InitTick  stm32g4xx_hal.o
    0x0800364e   0x0800364e   0x00000002   PAD
    0x08003650   0x08003650   0x00000038   Code   RO          125    .text.HAL_MspInit   stm32g4xx_hal_msp.o
    0x08003688   0x08003688   0x00000008   Code   RO          912    .text.HAL_NVIC_EnableIRQ  stm32g4xx_hal_cortex.o
    0x08003690   0x08003690   0x0000001e   Code   RO          904    .text.HAL_NVIC_SetPriority  stm32g4xx_hal_cortex.o
    0x080036ae   0x080036ae   0x00000002   PAD
    0x080036b0   0x080036b0   0x00000008   Code   RO          900    .text.HAL_NVIC_SetPriorityGrouping  stm32g4xx_hal_cortex.o
    0x080036b8   0x080036b8   0x000000ee   Code   RO          820    .text.HAL_PWREx_ControlVoltageScaling  stm32g4xx_hal_pwr_ex.o
    0x080037a6   0x080037a6   0x00000002   PAD
    0x080037a8   0x080037a8   0x00000012   Code   RO          890    .text.HAL_PWREx_DisableUCPDDeadBattery  stm32g4xx_hal_pwr_ex.o
    0x080037ba   0x080037ba   0x00000002   PAD
    0x080037bc   0x080037bc   0x00000306   Code   RO          523    .text.HAL_RCCEx_PeriphCLKConfig  stm32g4xx_hal_rcc_ex.o
    0x08003ac2   0x08003ac2   0x00000002   PAD
    0x08003ac4   0x08003ac4   0x00000206   Code   RO          487    .text.HAL_RCC_ClockConfig  stm32g4xx_hal_rcc.o
    0x08003cca   0x08003cca   0x00000002   PAD
    0x08003ccc   0x08003ccc   0x0000000c   Code   RO          495    .text.HAL_RCC_GetHCLKFreq  stm32g4xx_hal_rcc.o
    0x08003cd8   0x08003cd8   0x00000026   Code   RO          497    .text.HAL_RCC_GetPCLK1Freq  stm32g4xx_hal_rcc.o
    0x08003cfe   0x08003cfe   0x00000002   PAD
    0x08003d00   0x08003d00   0x00000026   Code   RO          499    .text.HAL_RCC_GetPCLK2Freq  stm32g4xx_hal_rcc.o
    0x08003d26   0x08003d26   0x00000002   PAD
    0x08003d28   0x08003d28   0x0000007a   Code   RO          491    .text.HAL_RCC_GetSysClockFreq  stm32g4xx_hal_rcc.o
    0x08003da2   0x08003da2   0x00000002   PAD
    0x08003da4   0x08003da4   0x0000047a   Code   RO          485    .text.HAL_RCC_OscConfig  stm32g4xx_hal_rcc.o
    0x0800421e   0x0800421e   0x00000002   PAD
    0x08004220   0x08004220   0x00000008   Code   RO          924    .text.HAL_SYSTICK_Config  stm32g4xx_hal_cortex.o
    0x08004228   0x08004228   0x00000036   Code   RO         1448    .text.HAL_UARTEx_DisableFifoMode  stm32g4xx_hal_uart_ex.o
    0x0800425e   0x0800425e   0x00000002   PAD
    0x08004260   0x08004260   0x00000002   Code   RO         1371    .text.HAL_UARTEx_RxEventCallback  stm32g4xx_hal_uart.o
    0x08004262   0x08004262   0x00000002   PAD
    0x08004264   0x08004264   0x00000002   Code   RO         1430    .text.HAL_UARTEx_RxFifoFullCallback  stm32g4xx_hal_uart_ex.o
    0x08004266   0x08004266   0x00000002   PAD
    0x08004268   0x08004268   0x0000004a   Code   RO         1452    .text.HAL_UARTEx_SetRxFifoThreshold  stm32g4xx_hal_uart_ex.o
    0x080042b2   0x080042b2   0x00000002   PAD
    0x080042b4   0x080042b4   0x0000004a   Code   RO         1450    .text.HAL_UARTEx_SetTxFifoThreshold  stm32g4xx_hal_uart_ex.o
    0x080042fe   0x080042fe   0x00000002   PAD
    0x08004300   0x08004300   0x00000002   Code   RO         1432    .text.HAL_UARTEx_TxFifoEmptyCallback  stm32g4xx_hal_uart_ex.o
    0x08004302   0x08004302   0x00000002   PAD
    0x08004304   0x08004304   0x00000002   Code   RO         1428    .text.HAL_UARTEx_WakeupCallback  stm32g4xx_hal_uart_ex.o
    0x08004306   0x08004306   0x00000002   PAD
    0x08004308   0x08004308   0x00000002   Code   RO         1369    .text.HAL_UART_ErrorCallback  stm32g4xx_hal_uart.o
    0x0800430a   0x0800430a   0x00000002   PAD
    0x0800430c   0x0800430c   0x00000322   Code   RO         1365    .text.HAL_UART_IRQHandler  stm32g4xx_hal_uart.o
    0x0800462e   0x0800462e   0x00000002   PAD
    0x08004630   0x08004630   0x00000062   Code   RO         1277    .text.HAL_UART_Init  stm32g4xx_hal_uart.o
    0x08004692   0x08004692   0x00000002   PAD
    0x08004694   0x08004694   0x00000148   Code   RO           79    .text.HAL_UART_MspInit  usart.o
    0x080047dc   0x080047dc   0x00000094   Code   RO         1317    .text.HAL_UART_Transmit_DMA  stm32g4xx_hal_uart.o
    0x08004870   0x08004870   0x00000002   Code   RO         1375    .text.HAL_UART_TxCpltCallback  stm32g4xx_hal_uart.o
    0x08004872   0x08004872   0x00000002   PAD
    0x08004874   0x08004874   0x00000002   Code   RO         1377    .text.HAL_UART_TxHalfCpltCallback  stm32g4xx_hal_uart.o
    0x08004876   0x08004876   0x00000002   PAD
    0x08004878   0x08004878   0x00000038   Code   RO         1112    .text.HRTIM_ForceRegistersUpdate  stm32g4xx_hal_hrtim.o
    0x080048b0   0x080048b0   0x00000026   Code   RO          992    .text.HRTIM_MasterBase_Config  stm32g4xx_hal_hrtim.o
    0x080048d6   0x080048d6   0x00000002   PAD
    0x080048d8   0x080048d8   0x00000090   Code   RO         1108    .text.HRTIM_MasterWaveform_Config  stm32g4xx_hal_hrtim.o
    0x08004968   0x08004968   0x000000f6   Code   RO         1018    .text.HRTIM_OutputConfig  stm32g4xx_hal_hrtim.o
    0x08004a5e   0x08004a5e   0x00000002   PAD
    0x08004a60   0x08004a60   0x0000002e   Code   RO          994    .text.HRTIM_TimingUnitBase_Config  stm32g4xx_hal_hrtim.o
    0x08004a8e   0x08004a8e   0x00000002   PAD
    0x08004a90   0x08004a90   0x00000198   Code   RO         1110    .text.HRTIM_TimingUnitWaveform_Config  stm32g4xx_hal_hrtim.o
    0x08004c28   0x08004c28   0x00000058   Code   RO         1116    .text.HRTIM_TimingUnitWaveform_Control  stm32g4xx_hal_hrtim.o
    0x08004c80   0x08004c80   0x00000002   Code   RO           96    .text.HardFault_Handler  stm32g4xx_it.o
    0x08004c82   0x08004c82   0x00000002   PAD
    0x08004c84   0x08004c84   0x00000012   Code   RO          271    .text.LL_ADC_Disable  stm32g4xx_hal_adc.o
    0x08004c96   0x08004c96   0x00000002   PAD
    0x08004c98   0x08004c98   0x00000010   Code   RO          139    .text.LL_ADC_DisableDeepPowerDown  stm32g4xx_hal_adc.o
    0x08004ca8   0x08004ca8   0x00000012   Code   RO          269    .text.LL_ADC_Enable  stm32g4xx_hal_adc.o
    0x08004cba   0x08004cba   0x00000002   PAD
    0x08004cbc   0x08004cbc   0x00000014   Code   RO          143    .text.LL_ADC_EnableInternalRegulator  stm32g4xx_hal_adc.o
    0x08004cd0   0x08004cd0   0x00000008   Code   RO          231    .text.LL_ADC_GetCommonPathInternalCh  stm32g4xx_hal_adc.o
    0x08004cd8   0x08004cd8   0x00000008   Code   RO          367    .text.LL_ADC_GetCommonPathInternalCh  stm32g4xx_hal_adc_ex.o
    0x08004ce0   0x08004ce0   0x00000008   Code   RO          173    .text.LL_ADC_GetMultiDMATransfer  stm32g4xx_hal_adc.o
    0x08004ce8   0x08004ce8   0x00000008   Code   RO          163    .text.LL_ADC_GetMultimode  stm32g4xx_hal_adc.o
    0x08004cf0   0x08004cf0   0x00000008   Code   RO          303    .text.LL_ADC_GetMultimode  stm32g4xx_hal_adc_ex.o
    0x08004cf8   0x08004cf8   0x0000000c   Code   RO          225    .text.LL_ADC_GetOffsetChannel  stm32g4xx_hal_adc.o
    0x08004d04   0x08004d04   0x0000000c   Code   RO          361    .text.LL_ADC_GetOffsetChannel  stm32g4xx_hal_adc_ex.o
    0x08004d10   0x08004d10   0x00000008   Code   RO          305    .text.LL_ADC_INJ_GetTrigAuto  stm32g4xx_hal_adc_ex.o
    0x08004d18   0x08004d18   0x00000008   Code   RO          151    .text.LL_ADC_INJ_IsConversionOngoing  stm32g4xx_hal_adc.o
    0x08004d20   0x08004d20   0x00000008   Code   RO          295    .text.LL_ADC_INJ_IsConversionOngoing  stm32g4xx_hal_adc_ex.o
    0x08004d28   0x08004d28   0x0000000e   Code   RO          203    .text.LL_ADC_INJ_IsTriggerSourceSWStart  stm32g4xx_hal_adc.o
    0x08004d36   0x08004d36   0x00000002   PAD
    0x08004d38   0x08004d38   0x00000012   Code   RO          307    .text.LL_ADC_INJ_StartConversion  stm32g4xx_hal_adc_ex.o
    0x08004d4a   0x08004d4a   0x00000002   PAD
    0x08004d4c   0x08004d4c   0x00000006   Code   RO          285    .text.LL_ADC_IsCalibrationOnGoing  stm32g4xx_hal_adc_ex.o
    0x08004d52   0x08004d52   0x00000002   PAD
    0x08004d54   0x08004d54   0x00000008   Code   RO          137    .text.LL_ADC_IsDeepPowerDownEnabled  stm32g4xx_hal_adc.o
    0x08004d5c   0x08004d5c   0x00000008   Code   RO          263    .text.LL_ADC_IsDisableOngoing  stm32g4xx_hal_adc.o
    0x08004d64   0x08004d64   0x00000008   Code   RO          147    .text.LL_ADC_IsEnabled  stm32g4xx_hal_adc.o
    0x08004d6c   0x08004d6c   0x00000008   Code   RO          297    .text.LL_ADC_IsEnabled  stm32g4xx_hal_adc_ex.o
    0x08004d74   0x08004d74   0x00000008   Code   RO          141    .text.LL_ADC_IsInternalRegulatorEnabled  stm32g4xx_hal_adc.o
    0x08004d7c   0x08004d7c   0x00000008   Code   RO          145    .text.LL_ADC_REG_IsConversionOngoing  stm32g4xx_hal_adc.o
    0x08004d84   0x08004d84   0x00000008   Code   RO          293    .text.LL_ADC_REG_IsConversionOngoing  stm32g4xx_hal_adc_ex.o
    0x08004d8c   0x08004d8c   0x0000000e   Code   RO          175    .text.LL_ADC_REG_IsTriggerSourceSWStart  stm32g4xx_hal_adc.o
    0x08004d9a   0x08004d9a   0x00000002   PAD
    0x08004d9c   0x08004d9c   0x00000026   Code   RO          213    .text.LL_ADC_REG_SetSequencerRanks  stm32g4xx_hal_adc.o
    0x08004dc2   0x08004dc2   0x00000002   PAD
    0x08004dc4   0x08004dc4   0x00000022   Code   RO          215    .text.LL_ADC_SetChannelSamplingTime  stm32g4xx_hal_adc.o
    0x08004de6   0x08004de6   0x00000002   PAD
    0x08004de8   0x08004de8   0x00000022   Code   RO          351    .text.LL_ADC_SetChannelSamplingTime  stm32g4xx_hal_adc_ex.o
    0x08004e0a   0x08004e0a   0x00000002   PAD
    0x08004e0c   0x08004e0c   0x0000002a   Code   RO          229    .text.LL_ADC_SetChannelSingleDiff  stm32g4xx_hal_adc.o
    0x08004e36   0x08004e36   0x00000002   PAD
    0x08004e38   0x08004e38   0x0000002a   Code   RO          365    .text.LL_ADC_SetChannelSingleDiff  stm32g4xx_hal_adc_ex.o
    0x08004e62   0x08004e62   0x00000002   PAD
    0x08004e64   0x08004e64   0x0000000c   Code   RO          149    .text.LL_ADC_SetCommonClock  stm32g4xx_hal_adc.o
    0x08004e70   0x08004e70   0x0000000c   Code   RO          233    .text.LL_ADC_SetCommonPathInternalCh  stm32g4xx_hal_adc.o
    0x08004e7c   0x08004e7c   0x0000000c   Code   RO          369    .text.LL_ADC_SetCommonPathInternalCh  stm32g4xx_hal_adc_ex.o
    0x08004e88   0x08004e88   0x00000024   Code   RO          219    .text.LL_ADC_SetOffset  stm32g4xx_hal_adc.o
    0x08004eac   0x08004eac   0x00000024   Code   RO          355    .text.LL_ADC_SetOffset  stm32g4xx_hal_adc_ex.o
    0x08004ed0   0x08004ed0   0x00000010   Code   RO          223    .text.LL_ADC_SetOffsetSaturation  stm32g4xx_hal_adc.o
    0x08004ee0   0x08004ee0   0x00000010   Code   RO          359    .text.LL_ADC_SetOffsetSaturation  stm32g4xx_hal_adc_ex.o
    0x08004ef0   0x08004ef0   0x00000010   Code   RO          221    .text.LL_ADC_SetOffsetSign  stm32g4xx_hal_adc.o
    0x08004f00   0x08004f00   0x00000010   Code   RO          357    .text.LL_ADC_SetOffsetSign  stm32g4xx_hal_adc_ex.o
    0x08004f10   0x08004f10   0x0000000e   Code   RO          227    .text.LL_ADC_SetOffsetState  stm32g4xx_hal_adc.o
    0x08004f1e   0x08004f1e   0x00000002   PAD
    0x08004f20   0x08004f20   0x0000000e   Code   RO          363    .text.LL_ADC_SetOffsetState  stm32g4xx_hal_adc_ex.o
    0x08004f2e   0x08004f2e   0x00000002   PAD
    0x08004f30   0x08004f30   0x0000000c   Code   RO          217    .text.LL_ADC_SetSamplingTimeCommonConfig  stm32g4xx_hal_adc.o
    0x08004f3c   0x08004f3c   0x0000000c   Code   RO          353    .text.LL_ADC_SetSamplingTimeCommonConfig  stm32g4xx_hal_adc_ex.o
    0x08004f48   0x08004f48   0x0000001a   Code   RO          283    .text.LL_ADC_StartCalibration  stm32g4xx_hal_adc_ex.o
    0x08004f62   0x08004f62   0x00000002   PAD
    0x08004f64   0x08004f64   0x0000015a   Code   RO           34    .text.MX_ADC1_Init  adc.o
    0x080050be   0x080050be   0x00000002   PAD
    0x080050c0   0x080050c0   0x00000044   Code   RO           49    .text.MX_DMA_Init   dma.o
    0x08005104   0x08005104   0x0000007c   Code   RO           25    .text.MX_GPIO_Init  gpio.o
    0x08005180   0x08005180   0x0000036a   Code   RO           58    .text.MX_HRTIM1_Init  hrtim.o
    0x080054ea   0x080054ea   0x00000002   PAD
    0x080054ec   0x080054ec   0x0000007e   Code   RO           75    .text.MX_UART4_Init  usart.o
    0x0800556a   0x0800556a   0x00000002   PAD
    0x0800556c   0x0800556c   0x0000007e   Code   RO           77    .text.MX_USART1_UART_Init  usart.o
    0x080055ea   0x080055ea   0x00000002   PAD
    0x080055ec   0x080055ec   0x00000002   Code   RO           98    .text.MemManage_Handler  stm32g4xx_it.o
    0x080055ee   0x080055ee   0x00000002   PAD
    0x080055f0   0x080055f0   0x00000002   Code   RO           94    .text.NMI_Handler   stm32g4xx_it.o
    0x080055f2   0x080055f2   0x00000002   PAD
    0x080055f4   0x080055f4   0x0000002c   Code   RO          910    .text.NVIC_EncodePriority  stm32g4xx_hal_cortex.o
    0x08005620   0x08005620   0x00000096   Code   RO         1569    .text.PID_Calculate  pid.o
    0x080056b6   0x080056b6   0x00000002   PAD
    0x080056b8   0x080056b8   0x00000034   Code   RO         1567    .text.PID_Init      pid.o
    0x080056ec   0x080056ec   0x00000016   Code   RO         1565    .text.PID_SetParam  pid.o
    0x08005702   0x08005702   0x00000002   PAD
    0x08005704   0x08005704   0x0000001e   Code   RO         1528    .text.PWM_Disable   pwm.o
    0x08005722   0x08005722   0x00000002   PAD
    0x08005724   0x08005724   0x0000001e   Code   RO         1526    .text.PWM_Enable    pwm.o
    0x08005742   0x08005742   0x00000002   PAD
    0x08005744   0x08005744   0x00000014   Code   RO         1524    .text.PWM_Init      pwm.o
    0x08005758   0x08005758   0x00000068   Code   RO         1530    .text.PWM_SetDutyCycle  pwm.o
    0x080057c0   0x080057c0   0x00000002   Code   RO          108    .text.PendSV_Handler  stm32g4xx_it.o
    0x080057c2   0x080057c2   0x00000002   PAD
    0x080057c4   0x080057c4   0x00000048   Code   RO          489    .text.RCC_GetSysClockFreqFromPLLSource  stm32g4xx_hal_rcc.o
    0x0800580c   0x0800580c   0x00000114   Code   RO         1549    .text.SC_Compute    signal_conditioning.o
    0x08005920   0x08005920   0x0000005a   Code   RO         1547    .text.SC_Init       signal_conditioning.o
    0x0800597a   0x0800597a   0x00000002   PAD
    0x0800597c   0x0800597c   0x00000002   Code   RO          104    .text.SVC_Handler   stm32g4xx_it.o
    0x0800597e   0x0800597e   0x00000002   PAD
    0x08005980   0x08005980   0x0000002e   Code   RO          926    .text.SysTick_Config  stm32g4xx_hal_cortex.o
    0x080059ae   0x080059ae   0x00000002   PAD
    0x080059b0   0x080059b0   0x00000008   Code   RO          110    .text.SysTick_Handler  stm32g4xx_it.o
    0x080059b8   0x080059b8   0x00000068   Code   RO           13    .text.SystemClock_Config  main.o
    0x08005a20   0x08005a20   0x00000012   Code   RO         1471    .text.SystemInit    system_stm32g4xx.o
    0x08005a32   0x08005a32   0x00000002   PAD
    0x08005a34   0x08005a34   0x00000054   Code   RO         1446    .text.UARTEx_SetNbDataToProcess  stm32g4xx_hal_uart_ex.o
    0x08005a88   0x08005a88   0x000000e6   Code   RO         1281    .text.UART_AdvFeatureConfig  stm32g4xx_hal_uart.o
    0x08005b6e   0x08005b6e   0x00000002   PAD
    0x08005b70   0x08005b70   0x000000c0   Code   RO         1285    .text.UART_CheckIdleState  stm32g4xx_hal_uart.o
    0x08005c30   0x08005c30   0x00000014   Code   RO         1367    .text.UART_DMAAbortOnError  stm32g4xx_hal_uart.o
    0x08005c44   0x08005c44   0x00000054   Code   RO         1323    .text.UART_DMAError  stm32g4xx_hal_uart.o
    0x08005c98   0x08005c98   0x00000044   Code   RO         1319    .text.UART_DMATransmitCplt  stm32g4xx_hal_uart.o
    0x08005cdc   0x08005cdc   0x0000000a   Code   RO         1321    .text.UART_DMATxHalfCplt  stm32g4xx_hal_uart.o
    0x08005ce6   0x08005ce6   0x00000002   PAD
    0x08005ce8   0x08005ce8   0x0000005a   Code   RO         1337    .text.UART_EndRxTransfer  stm32g4xx_hal_uart.o
    0x08005d42   0x08005d42   0x00000002   PAD
    0x08005d44   0x08005d44   0x00000028   Code   RO         1373    .text.UART_EndTransmit_IT  stm32g4xx_hal_uart.o
    0x08005d6c   0x08005d6c   0x00000030   Code   RO         1335    .text.UART_EndTxTransfer  stm32g4xx_hal_uart.o
    0x08005d9c   0x08005d9c   0x000002dc   Code   RO         1283    .text.UART_SetConfig  stm32g4xx_hal_uart.o
    0x08006078   0x08006078   0x000000c2   Code   RO         1299    .text.UART_WaitOnFlagUntilTimeout  stm32g4xx_hal_uart.o
    0x0800613a   0x0800613a   0x00000002   PAD
    0x0800613c   0x0800613c   0x00000010   Code   RO          116    .text.USART1_IRQHandler  stm32g4xx_it.o
    0x0800614c   0x0800614c   0x00000002   Code   RO          102    .text.UsageFault_Handler  stm32g4xx_it.o
    0x0800614e   0x0800614e   0x00000002   PAD
    0x08006150   0x08006150   0x00000020   Code   RO          914    .text.__NVIC_EnableIRQ  stm32g4xx_hal_cortex.o
    0x08006170   0x08006170   0x00000010   Code   RO          906    .text.__NVIC_GetPriorityGrouping  stm32g4xx_hal_cortex.o
    0x08006180   0x08006180   0x00000022   Code   RO          908    .text.__NVIC_SetPriority  stm32g4xx_hal_cortex.o
    0x080061a2   0x080061a2   0x00000002   PAD
    0x080061a4   0x080061a4   0x00000020   Code   RO          902    .text.__NVIC_SetPriorityGrouping  stm32g4xx_hal_cortex.o
    0x080061c4   0x080061c4   0x0000002a   Code   RO           11    .text.main          main.o
    0x080061ee   0x080061ee   0x0000003e   Code   RO         1678    CL$$btod_d2e        c_w.l(btod.o)
    0x0800622c   0x0800622c   0x00000046   Code   RO         1680    CL$$btod_d2e_denorm_low  c_w.l(btod.o)
    0x08006272   0x08006272   0x00000060   Code   RO         1679    CL$$btod_d2e_norm_op1  c_w.l(btod.o)
    0x080062d2   0x080062d2   0x00000002   PAD
    0x080062d4   0x080062d4   0x00000338   Code   RO         1688    CL$$btod_div_common  c_w.l(btod.o)
    0x0800660c   0x0800660c   0x000000dc   Code   RO         1685    CL$$btod_e2e        c_w.l(btod.o)
    0x080066e8   0x080066e8   0x0000002a   Code   RO         1682    CL$$btod_ediv       c_w.l(btod.o)
    0x08006712   0x08006712   0x0000002a   Code   RO         1681    CL$$btod_emul       c_w.l(btod.o)
    0x0800673c   0x0800673c   0x00000244   Code   RO         1687    CL$$btod_mult_common  c_w.l(btod.o)
    0x08006980   0x08006980   0x00000030   Code   RO         1707    i.__ARM_fpclassify  m_wm.l(fpclassify.o)
    0x080069b0   0x080069b0   0x0000000e   Code   RO         1601    i._is_digit         c_w.l(__printf_wp.o)
    0x080069be   0x080069be   0x00000002   PAD
    0x080069c0   0x080069c0   0x0000002c   Code   RO         1703    locale$$code        c_w.l(lc_numeric_c.o)
    0x080069ec   0x080069ec   0x0000000c   Code   RO         1642    x$fpl$dretinf       fz_wm.l(dretinf.o)
    0x080069f8   0x080069f8   0x00000056   Code   RO         1622    x$fpl$f2d           fz_wm.l(f2d.o)
    0x08006a4e   0x08006a4e   0x0000008c   Code   RO         1644    x$fpl$fnaninf       fz_wm.l(fnaninf.o)
    0x08006ada   0x08006ada   0x0000001a   Code   RO         1787    x$fpl$fpinit        fz_wm.l(fpinit.o)
    0x08006af4   0x08006af4   0x00000004   Code   RO         1624    x$fpl$printf1       fz_wm.l(printf1.o)
    0x08006af8   0x08006af8   0x00000000   Code   RO         1646    x$fpl$usenofp       fz_wm.l(usenofp.o)
    0x08006af8   0x08006af8   0x00000094   Data   RO         1676    .constdata          c_w.l(bigflt0.o)
    0x08006b8c   0x08006b8c   0x00000010   Data   RO         1476    .rodata.AHBPrescTable  system_stm32g4xx.o
    0x08006b9c   0x08006b9c   0x00000008   Data   RO         1477    .rodata.APBPrescTable  system_stm32g4xx.o
    0x08006ba4   0x08006ba4   0x00000018   Data   RO         1417    .rodata.UARTPrescTable  stm32g4xx_hal_uart.o
    0x08006bbc   0x08006bbc   0x00000010   Data   RO         1462    .rodata.cst8        stm32g4xx_hal_uart_ex.o
    0x08006bcc   0x08006bcc   0x00000020   Data   RO         1863    Region$$Table       anon$$obj.o
    0x08006bec   0x08006bec   0x0000001c   Data   RO         1702    locale$$data        c_w.l(lc_numeric_c.o)


    Execution Region RW_IRAM1 (Exec base: 0x20000000, Load base: 0x08006c08, Size: 0x00000a08, Max: 0x00020000, ABSOLUTE)

    Exec Addr    Load Addr    Size         Type   Attr      Idx    E Section Name        Object

    0x20000000   0x08006c08   0x00000004   Data   RW         1475    .data.SystemCoreClock  system_stm32g4xx.o
    0x20000004   0x08006c0c   0x00000004   Data   RW         1510    .data.duty_cycle1   application.o
    0x20000008   0x08006c10   0x00000004   Data   RW         1511    .data.duty_cycle2   application.o
    0x2000000c   0x08006c14   0x00000004   Data   RW         1536    .data.duty_port1    pwm.o
    0x20000010   0x08006c18   0x00000004   Data   RW         1537    .data.duty_port2    pwm.o
    0x20000014   0x08006c1c   0x00000001   Data   RW         1503    .data.flag_uvlo     application.o
    0x20000015   0x08006c1d   0x00000001   PAD
    0x20000016   0x08006c1e   0x00000002   Data   RW         1538    .data.period        pwm.o
    0x20000018   0x08006c20   0x00000004   Data   RW         1513    .data.slow_start_Vout  application.o
    0x2000001c   0x08006c24   0x00000004   Data   RW         1508    .data.switching_frequency  application.o
    0x20000020   0x08006c28   0x00000004   Data   RW         1509    .data.switching_period  application.o
    0x20000024   0x08006c2c   0x00000004   Data   RW         1512    .data.target_Vout   application.o
    0x20000028   0x08006c30   0x00000004   Data   RW          473    .data.uwTickFreq    stm32g4xx_hal.o
    0x2000002c   0x08006c34   0x00000004   Data   RW          472    .data.uwTickPrio    stm32g4xx_hal.o
    0x20000030        -       0x00000060   Zero   RW         1710    .bss                c_w.l(libspace.o)
    0x20000090        -       0x00000004   Zero   RW         1552    .bss.Icoff1         signal_conditioning.o
    0x20000094        -       0x00000004   Zero   RW         1553    .bss.Icoff2         signal_conditioning.o
    0x20000098        -       0x00000004   Zero   RW         1556    .bss.Iin            signal_conditioning.o
    0x2000009c        -       0x00000004   Zero   RW         1557    .bss.Iout           signal_conditioning.o
    0x200000a0        -       0x00000004   Zero   RW         1551    .bss.Vcoff          signal_conditioning.o
    0x200000a4        -       0x00000004   Zero   RW         1554    .bss.Vin            signal_conditioning.o
    0x200000a8        -       0x00000004   Zero   RW         1555    .bss.Vout           signal_conditioning.o
    0x200000ac        -       0x00000004   Zero   RW         1514    .bss.comp_duty_cycle  application.o
    0x200000b0        -       0x00000001   Zero   RW         1500    .bss.direction      application.o
    0x200000b1        -       0x00000001   Zero   RW         1507    .bss.flag_data_update  application.o
    0x200000b2        -       0x00000001   Zero   RW         1505    .bss.flag_error_supply_voltage  application.o
    0x200000b3        -       0x00000001   Zero   RW         1506    .bss.flag_init_finished  application.o
    0x200000b4        -       0x00000001   Zero   RW         1504    .bss.flag_slow_start  application.o
    0x200000b5   0x08006c38   0x00000003   PAD
    0x200000b8        -       0x0000006c   Zero   RW           40    .bss.hadc1          adc.o
    0x20000124        -       0x00000060   Zero   RW           85    .bss.hdma_usart1_tx  usart.o
    0x20000184        -       0x000000fc   Zero   RW           66    .bss.hhrtim1        hrtim.o
    0x20000280        -       0x00000094   Zero   RW           84    .bss.huart1         usart.o
    0x20000314        -       0x00000094   Zero   RW           83    .bss.huart4         usart.o
    0x200003a8        -       0x00000001   Zero   RW         1501    .bss.operation_mode  application.o
    0x200003a9   0x08006c38   0x00000003   PAD
    0x200003ac        -       0x00000020   Zero   RW         1571    .bss.pid_voltage    pid.o
    0x200003cc        -       0x00000001   Zero   RW         1502    .bss.slow_start_mode  application.o
    0x200003cd        -       0x00000032   Zero   RW         1515    .bss.tx_buffer      application.o
    0x200003ff   0x08006c38   0x00000001   PAD
    0x20000400        -       0x00000004   Zero   RW          474    .bss.uwTick         stm32g4xx_hal.o
    0x20000404   0x08006c38   0x00000004   PAD
    0x20000408        -       0x00000200   Zero   RW            2    HEAP                startup_stm32g474xx.o
    0x20000608        -       0x00000400   Zero   RW            1    STACK               startup_stm32g474xx.o


==============================================================================

Image component sizes


      Code (inc. data)   RO Data    RW Data    ZI Data      Debug   Object Name

       496          0          0          0        108      10373   adc.o
      1532         60          0         25         61       6775   application.o
        68          0          0          0          0       3944   dma.o
       124          0          0          0          0       2341   gpio.o
      1018          0          0          0        252       9672   hrtim.o
       156          0          0          0          0       1676   main.o
       224         16          0          0         32       1271   pid.o
       184          0          0         10          0       1977   pwm.o
       366          4          0          0         28       1200   signal_conditioning.o
        64         26        472          0       1536        844   startup_stm32g474xx.o
       194          0          0          8          4       9540   stm32g4xx_hal.o
      2994          0          0          0          0      24299   stm32g4xx_hal_adc.o
      2298          0          0          0          0      21518   stm32g4xx_hal_adc_ex.o
       258          0          0          0          0      11379   stm32g4xx_hal_cortex.o
       938          0          0          0          0       8618   stm32g4xx_hal_dma.o
       442          0          0          0          0       5378   stm32g4xx_hal_gpio.o
      3244        324          0          0          0      66820   stm32g4xx_hal_hrtim.o
        56          0          0          0          0       1609   stm32g4xx_hal_msp.o
       256          0          0          0          0       9269   stm32g4xx_hal_pwr_ex.o
      1946          0          0          0          0       9347   stm32g4xx_hal_rcc.o
       774          0          0          0          0      11071   stm32g4xx_hal_rcc_ex.o
      2764         62         24          0          0      33412   stm32g4xx_hal_uart.o
       292          0         16          0          0      10288   stm32g4xx_hal_uart_ex.o
        72          0          0          0          0       1714   stm32g4xx_it.o
        18          0         24          4          0       2759   system_stm32g4xx.o
       580          0          0          0        392       9370   usart.o

    ----------------------------------------------------------------------
     21554        492        568         48       2424     276464   Object Totals
         0          0         32          0          0          0   (incl. Generated)
       196          0          0          1         11          0   (incl. Padding)

    ----------------------------------------------------------------------

      Code (inc. data)   RO Data    RW Data    ZI Data      Debug   Library Member Name

         8          0          0          0          0         68   __main.o
       284          0          0          0          0        156   __printf_wp.o
         0          0          0          0          0          0   __rtentry.o
        12          0          0          0          0          0   __rtentry2.o
         6          0          0          0          0          0   __rtentry4.o
        52          8          0          0          0          0   __scatter.o
        26          0          0          0          0          0   __scatter_copy.o
        28          0          0          0          0          0   __scatter_zi.o
        48          6          0          0          0         96   _printf_char_common.o
         6          0          0          0          0          0   _printf_d.o
       120         16          0          0          0         92   _printf_dec.o
         6          0          0          0          0          0   _printf_f.o
      1052          0          0          0          0        148   _printf_fp_dec.o
       128         16          0          0          0         84   _printf_fp_infnan.o
       178          0          0          0          0         88   _printf_intcommon.o
         0          0          0          0          0          0   _printf_percent.o
         4          0          0          0          0          0   _printf_percent_end.o
        10          0          0          0          0         68   _sputc.o
       228          4        148          0          0         96   bigflt0.o
      1936        128          0          0          0        668   btod.o
        18          0          0          0          0         80   exit.o
         6          0          0          0          0        152   heapauxi.o
         0          0          0          0          0          0   indicate_semi.o
        44         10         28          0          0         76   lc_numeric_c.o
         2          0          0          0          0          0   libinit.o
        22          0          0          0          0          0   libinit2.o
         2          0          0          0          0          0   libshutdown.o
         2          0          0          0          0          0   libshutdown2.o
         8          4          0          0         96         68   libspace.o
       138          0          0          0          0         80   lludiv10.o
       240          0          0          0          0        100   lludivv7m.o
        40          6          0          0          0         84   noretval__2sprintf.o
         8          4          0          0          0         68   rt_locale_intlibspace.o
        78          0          0          0          0         80   rt_memclr_w.o
         2          0          0          0          0          0   rtexit.o
        10          0          0          0          0          0   rtexit2.o
       124          0          0          0          0         88   strcmpv7em.o
        62          0          0          0          0         76   strlen.o
        12          4          0          0          0         68   sys_exit.o
        74          0          0          0          0         80   sys_stackheap_outer.o
         2          0          0          0          0         68   use_no_semi.o
        12          0          0          0          0        116   dretinf.o
        86          4          0          0          0        132   f2d.o
       140          4          0          0          0        132   fnaninf.o
        26          0          0          0          0        116   fpinit.o
         4          0          0          0          0        116   printf1.o
         0          0          0          0          0          0   usenofp.o
        48          0          0          0          0        124   fpclassify.o

    ----------------------------------------------------------------------
      5358        214        176          0         96       3468   Library Totals
        16          0          0          0          0          0   (incl. Padding)

    ----------------------------------------------------------------------

      Code (inc. data)   RO Data    RW Data    ZI Data      Debug   Library Name

      5026        206        176          0         96       2732   c_w.l
       268          8          0          0          0        612   fz_wm.l
        48          0          0          0          0        124   m_wm.l

    ----------------------------------------------------------------------
      5358        214        176          0         96       3468   Library Totals

    ----------------------------------------------------------------------

==============================================================================


      Code (inc. data)   RO Data    RW Data    ZI Data      Debug   

     26912        706        744         48       2520     277596   Grand Totals
     26912        706        744         48       2520     277596   ELF Image Totals
     26912        706        744         48          0          0   ROM Totals

==============================================================================

    Total RO  Size (Code + RO Data)                27656 (  27.01kB)
    Total RW  Size (RW Data + ZI Data)              2568 (   2.51kB)
    Total ROM Size (Code + RO Data + RW Data)      27704 (  27.05kB)

==============================================================================

