Component: ARM Compiler 6.14 Tool: armlink [5db06800]

==============================================================================

Section Cross References

    startup_stm32g474xx.o(STACK) refers (Special) to heapauxi.o(.text) for __use_two_region_memory
    startup_stm32g474xx.o(HEAP) refers (Special) to heapauxi.o(.text) for __use_two_region_memory
    startup_stm32g474xx.o(RESET) refers (Special) to heapauxi.o(.text) for __use_two_region_memory
    startup_stm32g474xx.o(RESET) refers to startup_stm32g474xx.o(STACK) for __initial_sp
    startup_stm32g474xx.o(RESET) refers to startup_stm32g474xx.o(.text) for Reset_Handler
    startup_stm32g474xx.o(RESET) refers to stm32g4xx_it.o(.text.NMI_Handler) for NMI_Handler
    startup_stm32g474xx.o(RESET) refers to stm32g4xx_it.o(.text.HardFault_Handler) for HardFault_Handler
    startup_stm32g474xx.o(RESET) refers to stm32g4xx_it.o(.text.MemManage_Handler) for MemManage_Handler
    startup_stm32g474xx.o(RESET) refers to stm32g4xx_it.o(.text.BusFault_Handler) for BusFault_Handler
    startup_stm32g474xx.o(RESET) refers to stm32g4xx_it.o(.text.UsageFault_Handler) for UsageFault_Handler
    startup_stm32g474xx.o(RESET) refers to stm32g4xx_it.o(.text.SVC_Handler) for SVC_Handler
    startup_stm32g474xx.o(RESET) refers to stm32g4xx_it.o(.text.DebugMon_Handler) for DebugMon_Handler
    startup_stm32g474xx.o(RESET) refers to stm32g4xx_it.o(.text.PendSV_Handler) for PendSV_Handler
    startup_stm32g474xx.o(RESET) refers to stm32g4xx_it.o(.text.SysTick_Handler) for SysTick_Handler
    startup_stm32g474xx.o(RESET) refers to stm32g4xx_it.o(.text.DMA1_Channel1_IRQHandler) for DMA1_Channel1_IRQHandler
    startup_stm32g474xx.o(RESET) refers to stm32g4xx_it.o(.text.DMA1_Channel2_IRQHandler) for DMA1_Channel2_IRQHandler
    startup_stm32g474xx.o(RESET) refers to stm32g4xx_it.o(.text.USB_LP_IRQHandler) for USB_LP_IRQHandler
    startup_stm32g474xx.o(RESET) refers to stm32g4xx_it.o(.text.SPI1_IRQHandler) for SPI1_IRQHandler
    startup_stm32g474xx.o(.text) refers (Special) to heapauxi.o(.text) for __use_two_region_memory
    startup_stm32g474xx.o(.text) refers to system_stm32g4xx.o(.text.SystemInit) for SystemInit
    startup_stm32g474xx.o(.text) refers to __main.o(!!!main) for __main
    startup_stm32g474xx.o(.text) refers to startup_stm32g474xx.o(HEAP) for Heap_Mem
    startup_stm32g474xx.o(.text) refers to startup_stm32g474xx.o(STACK) for Stack_Mem
    main.o(.text.main) refers to stm32g4xx_hal.o(.text.HAL_Init) for HAL_Init
    main.o(.text.main) refers to main.o(.text.SystemClock_Config) for SystemClock_Config
    main.o(.text.main) refers to gpio.o(.text.MX_GPIO_Init) for MX_GPIO_Init
    main.o(.text.main) refers to dma.o(.text.MX_DMA_Init) for MX_DMA_Init
    main.o(.text.main) refers to spi.o(.text.MX_SPI1_Init) for MX_SPI1_Init
    main.o(.text.main) refers to adc.o(.text.MX_ADC1_Init) for MX_ADC1_Init
    main.o(.text.main) refers to i2c.o(.text.MX_I2C3_Init) for MX_I2C3_Init
    main.o(.text.main) refers to usart.o(.text.MX_LPUART1_UART_Init) for MX_LPUART1_UART_Init
    main.o(.text.main) refers to usb_device.o(.text.MX_USB_Device_Init) for MX_USB_Device_Init
    main.o(.text.main) refers to rt_memcpy_v6.o(.text) for __aeabi_memcpy
    main.o(.text.main) refers to strlen.o(.text) for strlen
    main.o(.text.main) refers to usbd_cdc_if.o(.text.CDC_Transmit_FS) for CDC_Transmit_FS
    main.o(.text.main) refers to st7789.o(.text.ST7789_Init) for ST7789_Init
    main.o(.text.main) refers to stm32g4xx_hal_gpio.o(.text.HAL_GPIO_TogglePin) for HAL_GPIO_TogglePin
    main.o(.text.main) refers to gt911.o(.text.GTP_Init) for GTP_Init
    main.o(.text.main) refers to gt911.o(.text.GTP911_Test) for GTP911_Test
    main.o(.text.main) refers to st7789.o(.text.ST7789_DrawPixel_4px) for ST7789_DrawPixel_4px
    main.o(.text.main) refers to main.o(.bss..L_MergedGlobals) for [Anonymous Symbol]
    main.o(.ARM.exidx.text.main) refers to main.o(.text.main) for [Anonymous Symbol]
    main.o(.text.SystemClock_Config) refers to rt_memclr_w.o(.text) for __aeabi_memclr4
    main.o(.text.SystemClock_Config) refers to stm32g4xx_hal_pwr_ex.o(.text.HAL_PWREx_ControlVoltageScaling) for HAL_PWREx_ControlVoltageScaling
    main.o(.text.SystemClock_Config) refers to stm32g4xx_hal_rcc.o(.text.HAL_RCC_OscConfig) for HAL_RCC_OscConfig
    main.o(.text.SystemClock_Config) refers to stm32g4xx_hal_rcc.o(.text.HAL_RCC_ClockConfig) for HAL_RCC_ClockConfig
    main.o(.ARM.exidx.text.SystemClock_Config) refers to main.o(.text.SystemClock_Config) for [Anonymous Symbol]
    main.o(.ARM.exidx.text.Error_Handler) refers to main.o(.text.Error_Handler) for [Anonymous Symbol]
    gpio.o(.text.MX_GPIO_Init) refers to stm32g4xx_hal_gpio.o(.text.HAL_GPIO_WritePin) for HAL_GPIO_WritePin
    gpio.o(.text.MX_GPIO_Init) refers to stm32g4xx_hal_gpio.o(.text.HAL_GPIO_Init) for HAL_GPIO_Init
    gpio.o(.ARM.exidx.text.MX_GPIO_Init) refers to gpio.o(.text.MX_GPIO_Init) for [Anonymous Symbol]
[...]
    _atexit_init                              - Undefined Weak Reference
    _call_atexit_fns                          - Undefined Weak Reference
    _clock_init                               - Undefined Weak Reference
    _fp_trap_init                             - Undefined Weak Reference
    _fp_trap_shutdown                         - Undefined Weak Reference
    _get_lc_collate                           - Undefined Weak Reference
    _get_lc_ctype                             - Undefined Weak Reference
    _get_lc_monetary                          - Undefined Weak Reference
    _get_lc_numeric                           - Undefined Weak Reference
    _get_lc_time                              - Undefined Weak Reference
    _getenv_init                              - Undefined Weak Reference
    _handle_redirection                       - Undefined Weak Reference
    _init_alloc                               - Undefined Weak Reference
    _init_user_alloc                          - Undefined Weak Reference
    _initio                                   - Undefined Weak Reference
    _printf_mbtowc                            - Undefined Weak Reference
    _printf_post_padding                      - Undefined Weak Reference
    _printf_pre_padding                       - Undefined Weak Reference
    _printf_truncate_signed                   - Undefined Weak Reference
    _printf_truncate_unsigned                 - Undefined Weak Reference
    _rand_init                                - Undefined Weak Reference
    _signal_finish                            - Undefined Weak Reference
    _signal_init                              - Undefined Weak Reference
    _terminate_alloc                          - Undefined Weak Reference
    _terminate_user_alloc                     - Undefined Weak Reference
    _terminateio                              - Undefined Weak Reference
    __Vectors_Size                           0x000001d8   Number         0  startup_stm32g474xx.o ABSOLUTE
    __Vectors                                0x08000000   Data           4  startup_stm32g474xx.o(RESET)
    __Vectors_End                            0x080001d8   Data           0  startup_stm32g474xx.o(RESET)
    __main                                   0x080001d9   Thumb Code     8  __main.o(!!!main)
    __scatterload                            0x080001e1   Thumb Code     0  __scatter.o(!!!scatter)
    __scatterload_rt2                        0x080001e1   Thumb Code    44  __scatter.o(!!!scatter)
    __scatterload_rt2_thumb_only             0x080001e1   Thumb Code     0  __scatter.o(!!!scatter)
    __scatterload_null                       0x080001ef   Thumb Code     0  __scatter.o(!!!scatter)
    __decompress                             0x08000215   Thumb Code    90  __dczerorl2.o(!!dczerorl2)
    __decompress1                            0x08000215   Thumb Code     0  __dczerorl2.o(!!dczerorl2)
    __scatterload_zeroinit                   0x08000271   Thumb Code    28  __scatter_zi.o(!!handler_zi)
    _printf_d                                0x0800028d   Thumb Code     0  _printf_d.o(.ARM.Collect$$_printf_percent$$00000009)
    _printf_percent                          0x0800028d   Thumb Code     0  _printf_percent.o(.ARM.Collect$$_printf_percent$$00000000)
    _printf_x                                0x08000293   Thumb Code     0  _printf_x.o(.ARM.Collect$$_printf_percent$$0000000C)
    _printf_s                                0x08000299   Thumb Code     0  _printf_s.o(.ARM.Collect$$_printf_percent$$00000014)
    _printf_percent_end                      0x0800029f   Thumb Code     0  _printf_percent_end.o(.ARM.Collect$$_printf_percent$$00000017)
    __rt_lib_init                            0x080002a3   Thumb Code     0  libinit.o(.ARM.Collect$$libinit$$00000000)
    __rt_lib_init_fp_1                       0x080002a5   Thumb Code     0  libinit2.o(.ARM.Collect$$libinit$$00000001)
    __rt_lib_init_alloca_1                   0x080002a9   Thumb Code     0  libinit2.o(.ARM.Collect$$libinit$$0000002E)
    __rt_lib_init_argv_1                     0x080002a9   Thumb Code     0  libinit2.o(.ARM.Collect$$libinit$$0000002C)
    __rt_lib_init_atexit_1                   0x080002a9   Thumb Code     0  libinit2.o(.ARM.Collect$$libinit$$0000001B)
    __rt_lib_init_clock_1                    0x080002a9   Thumb Code     0  libinit2.o(.ARM.Collect$$libinit$$00000021)
    __rt_lib_init_cpp_1                      0x080002a9   Thumb Code     0  libinit2.o(.ARM.Collect$$libinit$$00000032)
    __rt_lib_init_exceptions_1               0x080002a9   Thumb Code     0  libinit2.o(.ARM.Collect$$libinit$$00000030)
    __rt_lib_init_fp_trap_1                  0x080002a9   Thumb Code     0  libinit2.o(.ARM.Collect$$libinit$$0000001F)
    __rt_lib_init_getenv_1                   0x080002a9   Thumb Code     0  libinit2.o(.ARM.Collect$$libinit$$00000023)
    __rt_lib_init_heap_1                     0x080002a9   Thumb Code     0  libinit2.o(.ARM.Collect$$libinit$$0000000A)
    __rt_lib_init_lc_collate_1               0x080002a9   Thumb Code     0  libinit2.o(.ARM.Collect$$libinit$$00000011)
    __rt_lib_init_lc_ctype_1                 0x080002a9   Thumb Code     0  libinit2.o(.ARM.Collect$$libinit$$00000013)
    __rt_lib_init_lc_monetary_1              0x080002a9   Thumb Code     0  libinit2.o(.ARM.Collect$$libinit$$00000015)
    __rt_lib_init_lc_numeric_1               0x080002a9   Thumb Code     0  libinit2.o(.ARM.Collect$$libinit$$00000017)
    __rt_lib_init_lc_time_1                  0x080002a9   Thumb Code     0  libinit2.o(.ARM.Collect$$libinit$$00000019)
    __rt_lib_init_preinit_1                  0x080002a9   Thumb Code     0  libinit2.o(.ARM.Collect$$libinit$$00000004)
    __rt_lib_init_rand_1                     0x080002a9   Thumb Code     0  libinit2.o(.ARM.Collect$$libinit$$0000000E)
    __rt_lib_init_return                     0x080002a9   Thumb Code     0  libinit2.o(.ARM.Collect$$libinit$$00000033)
    __rt_lib_init_signal_1                   0x080002a9   Thumb Code     0  libinit2.o(.ARM.Collect$$libinit$$0000001D)
    __rt_lib_init_stdio_1                    0x080002a9   Thumb Code     0  libinit2.o(.ARM.Collect$$libinit$$00000025)
    __rt_lib_init_user_alloc_1               0x080002a9   Thumb Code     0  libinit2.o(.ARM.Collect$$libinit$$0000000C)
    __rt_lib_shutdown                        0x080002ab   Thumb Code     0  libshutdown.o(.ARM.Collect$$libshutdown$$00000000)
    __rt_lib_shutdown_cpp_1                  0x080002ad   Thumb Code     0  libshutdown2.o(.ARM.Collect$$libshutdown$$00000002)
    __rt_lib_shutdown_fp_trap_1              0x080002ad   Thumb Code     0  libshutdown2.o(.ARM.Collect$$libshutdown$$00000007)
    __rt_lib_shutdown_heap_1                 0x080002ad   Thumb Code     0  libshutdown2.o(.ARM.Collect$$libshutdown$$0000000F)
    __rt_lib_shutdown_return                 0x080002ad   Thumb Code     0  libshutdown2.o(.ARM.Collect$$libshutdown$$00000010)
    __rt_lib_shutdown_signal_1               0x080002ad   Thumb Code     0  libshutdown2.o(.ARM.Collect$$libshutdown$$0000000A)
    __rt_lib_shutdown_stdio_1                0x080002ad   Thumb Code     0  libshutdown2.o(.ARM.Collect$$libshutdown$$00000004)
    __rt_lib_shutdown_user_alloc_1           0x080002ad   Thumb Code     0  libshutdown2.o(.ARM.Collect$$libshutdown$$0000000C)
    __rt_entry                               0x080002af   Thumb Code     0  __rtentry.o(.ARM.Collect$$rtentry$$00000000)
    __rt_entry_presh_1                       0x080002af   Thumb Code     0  __rtentry2.o(.ARM.Collect$$rtentry$$00000002)
    __rt_entry_sh                            0x080002af   Thumb Code     0  __rtentry4.o(.ARM.Collect$$rtentry$$00000004)
    __rt_entry_li                            0x080002b5   Thumb Code     0  __rtentry2.o(.ARM.Collect$$rtentry$$0000000A)
    __rt_entry_postsh_1                      0x080002b5   Thumb Code     0  __rtentry2.o(.ARM.Collect$$rtentry$$00000009)
    __rt_entry_main                          0x080002b9   Thumb Code     0  __rtentry2.o(.ARM.Collect$$rtentry$$0000000D)
    __rt_entry_postli_1                      0x080002b9   Thumb Code     0  __rtentry2.o(.ARM.Collect$$rtentry$$0000000C)
    __rt_exit                                0x080002c1   Thumb Code     0  rtexit.o(.ARM.Collect$$rtexit$$00000000)
    __rt_exit_ls                             0x080002c3   Thumb Code     0  rtexit2.o(.ARM.Collect$$rtexit$$00000003)
    __rt_exit_prels_1                        0x080002c3   Thumb Code     0  rtexit2.o(.ARM.Collect$$rtexit$$00000002)
    __rt_exit_exit                           0x080002c7   Thumb Code     0  rtexit2.o(.ARM.Collect$$rtexit$$00000004)
    Reset_Handler                            0x080002cd   Thumb Code     8  startup_stm32g474xx.o(.text)
    ADC1_2_IRQHandler                        0x080002e7   Thumb Code     0  startup_stm32g474xx.o(.text)
    ADC3_IRQHandler                          0x080002e7   Thumb Code     0  startup_stm32g474xx.o(.text)
    ADC4_IRQHandler                          0x080002e7   Thumb Code     0  startup_stm32g474xx.o(.text)
    ADC5_IRQHandler                          0x080002e7   Thumb Code     0  startup_stm32g474xx.o(.text)
    COMP1_2_3_IRQHandler                     0x080002e7   Thumb Code     0  startup_stm32g474xx.o(.text)
    COMP4_5_6_IRQHandler                     0x080002e7   Thumb Code     0  startup_stm32g474xx.o(.text)
    COMP7_IRQHandler                         0x080002e7   Thumb Code     0  startup_stm32g474xx.o(.text)
    CORDIC_IRQHandler                        0x080002e7   Thumb Code     0  startup_stm32g474xx.o(.text)
    CRS_IRQHandler                           0x080002e7   Thumb Code     0  startup_stm32g474xx.o(.text)
    DMA1_Channel3_IRQHandler                 0x080002e7   Thumb Code     0  startup_stm32g474xx.o(.text)
    DMA1_Channel4_IRQHandler                 0x080002e7   Thumb Code     0  startup_stm32g474xx.o(.text)
    DMA1_Channel5_IRQHandler                 0x080002e7   Thumb Code     0  startup_stm32g474xx.o(.text)
    DMA1_Channel6_IRQHandler                 0x080002e7   Thumb Code     0  startup_stm32g474xx.o(.text)
    DMA1_Channel7_IRQHandler                 0x080002e7   Thumb Code     0  startup_stm32g474xx.o(.text)
    DMA1_Channel8_IRQHandler                 0x080002e7   Thumb Code     0  startup_stm32g474xx.o(.text)
    DMA2_Channel1_IRQHandler                 0x080002e7   Thumb Code     0  startup_stm32g474xx.o(.text)
    DMA2_Channel2_IRQHandler                 0x080002e7   Thumb Code     0  startup_stm32g474xx.o(.text)
    DMA2_Channel3_IRQHandler                 0x080002e7   Thumb Code     0  startup_stm32g474xx.o(.text)
    DMA2_Channel4_IRQHandler                 0x080002e7   Thumb Code     0  startup_stm32g474xx.o(.text)
    DMA2_Channel5_IRQHandler                 0x080002e7   Thumb Code     0  startup_stm32g474xx.o(.text)
    DMA2_Channel6_IRQHandler                 0x080002e7   Thumb Code     0  startup_stm32g474xx.o(.text)
    DMA2_Channel7_IRQHandler                 0x080002e7   Thumb Code     0  startup_stm32g474xx.o(.text)
    DMA2_Channel8_IRQHandler                 0x080002e7   Thumb Code     0  startup_stm32g474xx.o(.text)
    DMAMUX_OVR_IRQHandler                    0x080002e7   Thumb Code     0  startup_stm32g474xx.o(.text)
    EXTI0_IRQHandler                         0x080002e7   Thumb Code     0  startup_stm32g474xx.o(.text)
    EXTI15_10_IRQHandler                     0x080002e7   Thumb Code     0  startup_stm32g474xx.o(.text)
    EXTI1_IRQHandler                         0x080002e7   Thumb Code     0  startup_stm32g474xx.o(.text)
    EXTI2_IRQHandler                         0x080002e7   Thumb Code     0  startup_stm32g474xx.o(.text)
    EXTI3_IRQHandler                         0x080002e7   Thumb Code     0  startup_stm32g474xx.o(.text)
    EXTI4_IRQHandler                         0x080002e7   Thumb Code     0  startup_stm32g474xx.o(.text)
    EXTI9_5_IRQHandler                       0x080002e7   Thumb Code     0  startup_stm32g474xx.o(.text)
    FDCAN1_IT0_IRQHandler                    0x080002e7   Thumb Code     0  startup_stm32g474xx.o(.text)
    FDCAN1_IT1_IRQHandler                    0x080002e7   Thumb Code     0  startup_stm32g474xx.o(.text)
    FDCAN2_IT0_IRQHandler                    0x080002e7   Thumb Code     0  startup_stm32g474xx.o(.text)
    FDCAN2_IT1_IRQHandler                    0x080002e7   Thumb Code     0  startup_stm32g474xx.o(.text)
    FDCAN3_IT0_IRQHandler                    0x080002e7   Thumb Code     0  startup_stm32g474xx.o(.text)
    FDCAN3_IT1_IRQHandler                    0x080002e7   Thumb Code     0  startup_stm32g474xx.o(.text)
    FLASH_IRQHandler                         0x080002e7   Thumb Code     0  startup_stm32g474xx.o(.text)
    FMAC_IRQHandler                          0x080002e7   Thumb Code     0  startup_stm32g474xx.o(.text)
    FMC_IRQHandler                           0x080002e7   Thumb Code     0  startup_stm32g474xx.o(.text)
    FPU_IRQHandler                           0x080002e7   Thumb Code     0  startup_stm32g474xx.o(.text)
    HRTIM1_FLT_IRQHandler                    0x080002e7   Thumb Code     0  startup_stm32g474xx.o(.text)
    HRTIM1_Master_IRQHandler                 0x080002e7   Thumb Code     0  startup_stm32g474xx.o(.text)
    HRTIM1_TIMA_IRQHandler                   0x080002e7   Thumb Code     0  startup_stm32g474xx.o(.text)
    HRTIM1_TIMB_IRQHandler                   0x080002e7   Thumb Code     0  startup_stm32g474xx.o(.text)
    HRTIM1_TIMC_IRQHandler                   0x080002e7   Thumb Code     0  startup_stm32g474xx.o(.text)
    HRTIM1_TIMD_IRQHandler                   0x080002e7   Thumb Code     0  startup_stm32g474xx.o(.text)
    HRTIM1_TIME_IRQHandler                   0x080002e7   Thumb Code     0  startup_stm32g474xx.o(.text)
    HRTIM1_TIMF_IRQHandler                   0x080002e7   Thumb Code     0  startup_stm32g474xx.o(.text)
    I2C1_ER_IRQHandler                       0x080002e7   Thumb Code     0  startup_stm32g474xx.o(.text)
    I2C1_EV_IRQHandler                       0x080002e7   Thumb Code     0  startup_stm32g474xx.o(.text)
    I2C2_ER_IRQHandler                       0x080002e7   Thumb Code     0  startup_stm32g474xx.o(.text)
    I2C2_EV_IRQHandler                       0x080002e7   Thumb Code     0  startup_stm32g474xx.o(.text)
    I2C3_ER_IRQHandler                       0x080002e7   Thumb Code     0  startup_stm32g474xx.o(.text)
    I2C3_EV_IRQHandler                       0x080002e7   Thumb Code     0  startup_stm32g474xx.o(.text)
    I2C4_ER_IRQHandler                       0x080002e7   Thumb Code     0  startup_stm32g474xx.o(.text)
    I2C4_EV_IRQHandler                       0x080002e7   Thumb Code     0  startup_stm32g474xx.o(.text)
    LPTIM1_IRQHandler                        0x080002e7   Thumb Code     0  startup_stm32g474xx.o(.text)
    LPUART1_IRQHandler                       0x080002e7   Thumb Code     0  startup_stm32g474xx.o(.text)
    PVD_PVM_IRQHandler                       0x080002e7   Thumb Code     0  startup_stm32g474xx.o(.text)
    QUADSPI_IRQHandler                       0x080002e7   Thumb Code     0  startup_stm32g474xx.o(.text)
    RCC_IRQHandler                           0x080002e7   Thumb Code     0  startup_stm32g474xx.o(.text)
    RNG_IRQHandler                           0x080002e7   Thumb Code     0  startup_stm32g474xx.o(.text)
    RTC_Alarm_IRQHandler                     0x080002e7   Thumb Code     0  startup_stm32g474xx.o(.text)
    RTC_TAMP_LSECSS_IRQHandler               0x080002e7   Thumb Code     0  startup_stm32g474xx.o(.text)
    RTC_WKUP_IRQHandler                      0x080002e7   Thumb Code     0  startup_stm32g474xx.o(.text)
    SAI1_IRQHandler                          0x080002e7   Thumb Code     0  startup_stm32g474xx.o(.text)
    SPI2_IRQHandler                          0x080002e7   Thumb Code     0  startup_stm32g474xx.o(.text)
    SPI3_IRQHandler                          0x080002e7   Thumb Code     0  startup_stm32g474xx.o(.text)
    SPI4_IRQHandler                          0x080002e7   Thumb Code     0  startup_stm32g474xx.o(.text)
    TIM1_BRK_TIM15_IRQHandler                0x080002e7   Thumb Code     0  startup_stm32g474xx.o(.text)
    TIM1_CC_IRQHandler                       0x080002e7   Thumb Code     0  startup_stm32g474xx.o(.text)
    TIM1_TRG_COM_TIM17_IRQHandler            0x080002e7   Thumb Code     0  startup_stm32g474xx.o(.text)
    TIM1_UP_TIM16_IRQHandler                 0x080002e7   Thumb Code     0  startup_stm32g474xx.o(.text)
    TIM20_BRK_IRQHandler                     0x080002e7   Thumb Code     0  startup_stm32g474xx.o(.text)
    TIM20_CC_IRQHandler                      0x080002e7   Thumb Code     0  startup_stm32g474xx.o(.text)
    TIM20_TRG_COM_IRQHandler                 0x080002e7   Thumb Code     0  startup_stm32g474xx.o(.text)
    TIM20_UP_IRQHandler                      0x080002e7   Thumb Code     0  startup_stm32g474xx.o(.text)
    TIM2_IRQHandler                          0x080002e7   Thumb Code     0  startup_stm32g474xx.o(.text)
    TIM3_IRQHandler                          0x080002e7   Thumb Code     0  startup_stm32g474xx.o(.text)
    TIM4_IRQHandler                          0x080002e7   Thumb Code     0  startup_stm32g474xx.o(.text)
    TIM5_IRQHandler                          0x080002e7   Thumb Code     0  startup_stm32g474xx.o(.text)
    TIM6_DAC_IRQHandler                      0x080002e7   Thumb Code     0  startup_stm32g474xx.o(.text)
    TIM7_DAC_IRQHandler                      0x080002e7   Thumb Code     0  startup_stm32g474xx.o(.text)
    TIM8_BRK_IRQHandler                      0x080002e7   Thumb Code     0  startup_stm32g474xx.o(.text)
    TIM8_CC_IRQHandler                       0x080002e7   Thumb Code     0  startup_stm32g474xx.o(.text)
    TIM8_TRG_COM_IRQHandler                  0x080002e7   Thumb Code     0  startup_stm32g474xx.o(.text)
    TIM8_UP_IRQHandler                       0x080002e7   Thumb Code     0  startup_stm32g474xx.o(.text)
    UART4_IRQHandler                         0x080002e7   Thumb Code     0  startup_stm32g474xx.o(.text)
    UART5_IRQHandler                         0x080002e7   Thumb Code     0  startup_stm32g474xx.o(.text)
    UCPD1_IRQHandler                         0x080002e7   Thumb Code     0  startup_stm32g474xx.o(.text)
    USART1_IRQHandler                        0x080002e7   Thumb Code     0  startup_stm32g474xx.o(.text)
    USART2_IRQHandler                        0x080002e7   Thumb Code     0  startup_stm32g474xx.o(.text)
    USART3_IRQHandler                        0x080002e7   Thumb Code     0  startup_stm32g474xx.o(.text)
    USBWakeUp_IRQHandler                     0x080002e7   Thumb Code     0  startup_stm32g474xx.o(.text)
    USB_HP_IRQHandler                        0x080002e7   Thumb Code     0  startup_stm32g474xx.o(.text)
    WWDG_IRQHandler                          0x080002e7   Thumb Code     0  startup_stm32g474xx.o(.text)
    __user_initial_stackheap                 0x080002e9   Thumb Code     0  startup_stm32g474xx.o(.text)
    __aeabi_uldivmod                         0x0800030d   Thumb Code     0  lludivv7m.o(.text)
    _ll_udiv                                 0x0800030d   Thumb Code   240  lludivv7m.o(.text)
    __2sprintf                               0x080003fd   Thumb Code    34  noretval__2sprintf.o(.text)
    __printf                                 0x08000425   Thumb Code   104  __printf.o(.text)
    _printf_str                              0x0800048d   Thumb Code    82  _printf_str.o(.text)
    _printf_int_dec                          0x080004e1   Thumb Code   104  _printf_dec.o(.text)
    _printf_int_hex                          0x08000559   Thumb Code    84  _printf_hex_int.o(.text)
    _printf_longlong_hex                     0x08000559   Thumb Code     0  _printf_hex_int.o(.text)
    strlen                                   0x080005b1   Thumb Code    62  strlen.o(.text)
    __aeabi_memcpy                           0x080005ef   Thumb Code     0  rt_memcpy_v6.o(.text)
    __rt_memcpy                              0x080005ef   Thumb Code   138  rt_memcpy_v6.o(.text)
    _memcpy_lastbytes                        0x08000655   Thumb Code     0  rt_memcpy_v6.o(.text)
    __aeabi_memset4                          0x08000679   Thumb Code    16  aeabi_memset4.o(.text)
    __aeabi_memset8                          0x08000679   Thumb Code     0  aeabi_memset4.o(.text)
    __aeabi_memclr4                          0x08000689   Thumb Code     0  rt_memclr_w.o(.text)
    __aeabi_memclr8                          0x08000689   Thumb Code     0  rt_memclr_w.o(.text)
    __rt_memclr_w                            0x08000689   Thumb Code    78  rt_memclr_w.o(.text)
    _memset_w                                0x0800068d   Thumb Code     0  rt_memclr_w.o(.text)
    __use_two_region_memory                  0x080006d7   Thumb Code     2  heapauxi.o(.text)
    __rt_heap_escrow$2region                 0x080006d9   Thumb Code     2  heapauxi.o(.text)
    __rt_heap_expand$2region                 0x080006db   Thumb Code     2  heapauxi.o(.text)
    _printf_int_common                       0x080006dd   Thumb Code   178  _printf_intcommon.o(.text)
    _printf_char_common                      0x0800079b   Thumb Code    32  _printf_char_common.o(.text)
    _sputc                                   0x080007c1   Thumb Code    10  _sputc.o(.text)
    _printf_cs_common                        0x080007cb   Thumb Code    20  _printf_char.o(.text)
    _printf_char                             0x080007df   Thumb Code    16  _printf_char.o(.text)
    _printf_string                           0x080007ef   Thumb Code     8  _printf_char.o(.text)
    __aeabi_memcpy4                          0x080007f7   Thumb Code     0  rt_memcpy_w.o(.text)
    __aeabi_memcpy8                          0x080007f7   Thumb Code     0  rt_memcpy_w.o(.text)
    __rt_memcpy_w                            0x080007f7   Thumb Code   100  rt_memcpy_w.o(.text)
    _memcpy_lastbytes_aligned                0x0800083f   Thumb Code     0  rt_memcpy_w.o(.text)
    __user_setup_stackheap                   0x0800085b   Thumb Code    74  sys_stackheap_outer.o(.text)
    exit                                     0x080008a5   Thumb Code    18  exit.o(.text)
    __user_libspace                          0x080008b9   Thumb Code     8  libspace.o(.text)
    __user_perproc_libspace                  0x080008b9   Thumb Code     0  libspace.o(.text)
    __user_perthread_libspace                0x080008b9   Thumb Code     0  libspace.o(.text)
    _sys_exit                                0x080008c1   Thumb Code     8  sys_exit.o(.text)
    __I$use$semihosting                      0x080008cd   Thumb Code     0  use_no_semi.o(.text)
    __use_no_semihosting_swi                 0x080008cd   Thumb Code     2  use_no_semi.o(.text)
    BusFault_Handler                         0x080008cf   Thumb Code     2  stm32g4xx_it.o(.text.BusFault_Handler)
    __semihosting_library_function           0x080008cf   Thumb Code     0  indicate_semi.o(.text)
    CDC_Transmit_FS                          0x08000919   Thumb Code    44  usbd_cdc_if.o(.text.CDC_Transmit_FS)
    DMA1_Channel1_IRQHandler                 0x08000945   Thumb Code    12  stm32g4xx_it.o(.text.DMA1_Channel1_IRQHandler)
    DMA1_Channel2_IRQHandler                 0x08000951   Thumb Code    12  stm32g4xx_it.o(.text.DMA1_Channel2_IRQHandler)
    DebugMon_Handler                         0x08000a03   Thumb Code     2  stm32g4xx_it.o(.text.DebugMon_Handler)
    Error_Handler                            0x08000a05   Thumb Code     8  main.o(.text.Error_Handler)
    GTP911_Test                              0x08000a0d   Thumb Code   216  gt911.o(.text.GTP911_Test)
    GTP_Init                                 0x08000ae5   Thumb Code   372  gt911.o(.text.GTP_Init)
    GTXXXX_ReadReg                           0x08000c59   Thumb Code    28  gt911.o(.text.GTXXXX_ReadReg)
    GTXXXX_Scanf                             0x08000c75   Thumb Code   288  gt911.o(.text.GTXXXX_Scanf)
    GTXXXX_WriteReg                          0x08000d95   Thumb Code    32  gt911.o(.text.GTXXXX_WriteReg)
    HAL_ADCEx_MultiModeConfigChannel         0x08000db5   Thumb Code   248  stm32g4xx_hal_adc_ex.o(.text.HAL_ADCEx_MultiModeConfigChannel)
    HAL_ADC_ConfigChannel                    0x08000ead   Thumb Code   892  stm32g4xx_hal_adc.o(.text.HAL_ADC_ConfigChannel)
    HAL_ADC_Init                             0x08001229   Thumb Code   496  stm32g4xx_hal_adc.o(.text.HAL_ADC_Init)
    HAL_ADC_MspInit                          0x08001419   Thumb Code   128  adc.o(.text.HAL_ADC_MspInit)
    HAL_DMA_Abort_IT                         0x08001499   Thumb Code   118  stm32g4xx_hal_dma.o(.text.HAL_DMA_Abort_IT)
    HAL_DMA_IRQHandler                       0x0800150f   Thumb Code   148  stm32g4xx_hal_dma.o(.text.HAL_DMA_IRQHandler)
    HAL_DMA_Init                             0x080015a5   Thumb Code   184  stm32g4xx_hal_dma.o(.text.HAL_DMA_Init)
    HAL_DMA_Start_IT                         0x0800165d   Thumb Code   130  stm32g4xx_hal_dma.o(.text.HAL_DMA_Start_IT)
    HAL_Delay                                0x080016e1   Thumb Code    36  stm32g4xx_hal.o(.text.HAL_Delay)
    HAL_GPIO_Init                            0x08001705   Thumb Code   412  stm32g4xx_hal_gpio.o(.text.HAL_GPIO_Init)
    HAL_GPIO_TogglePin                       0x080018a1   Thumb Code    16  stm32g4xx_hal_gpio.o(.text.HAL_GPIO_TogglePin)
    HAL_GPIO_WritePin                        0x080018b1   Thumb Code    12  stm32g4xx_hal_gpio.o(.text.HAL_GPIO_WritePin)
    HAL_GetTick                              0x080018bd   Thumb Code    12  stm32g4xx_hal.o(.text.HAL_GetTick)
    HAL_I2CEx_ConfigAnalogFilter             0x080018c9   Thumb Code    74  stm32g4xx_hal_i2c_ex.o(.text.HAL_I2CEx_ConfigAnalogFilter)
    HAL_I2CEx_ConfigDigitalFilter            0x08001913   Thumb Code    72  stm32g4xx_hal_i2c_ex.o(.text.HAL_I2CEx_ConfigDigitalFilter)
    HAL_I2C_Init                             0x0800195d   Thumb Code   176  stm32g4xx_hal_i2c.o(.text.HAL_I2C_Init)
    HAL_I2C_Mem_Read                         0x08001a0d   Thumb Code   448  stm32g4xx_hal_i2c.o(.text.HAL_I2C_Mem_Read)
    HAL_I2C_Mem_Write                        0x08001bcd   Thumb Code   436  stm32g4xx_hal_i2c.o(.text.HAL_I2C_Mem_Write)
    HAL_I2C_MspInit                          0x08001d81   Thumb Code   136  i2c.o(.text.HAL_I2C_MspInit)
    HAL_IncTick                              0x08001e09   Thumb Code    20  stm32g4xx_hal.o(.text.HAL_IncTick)
    HAL_Init                                 0x08001e1d   Thumb Code    28  stm32g4xx_hal.o(.text.HAL_Init)
    HAL_InitTick                             0x08001e39   Thumb Code    72  stm32g4xx_hal.o(.text.HAL_InitTick)
    HAL_MspInit                              0x08001e81   Thumb Code    52  stm32g4xx_hal_msp.o(.text.HAL_MspInit)
    HAL_NVIC_EnableIRQ                       0x08001eb5   Thumb Code    28  stm32g4xx_hal_cortex.o(.text.HAL_NVIC_EnableIRQ)
    HAL_NVIC_SetPriority                     0x08001ed1   Thumb Code    56  stm32g4xx_hal_cortex.o(.text.HAL_NVIC_SetPriority)
    HAL_NVIC_SetPriorityGrouping             0x08001f09   Thumb Code    32  stm32g4xx_hal_cortex.o(.text.HAL_NVIC_SetPriorityGrouping)
    HAL_PCDEx_ActivateLPM                    0x08001f29   Thumb Code    42  stm32g4xx_hal_pcd_ex.o(.text.HAL_PCDEx_ActivateLPM)
    HAL_PCDEx_LPM_Callback                   0x08001f55   Thumb Code    68  usbd_conf.o(.text.HAL_PCDEx_LPM_Callback)
    HAL_PCDEx_PMAConfig                      0x08001f99   Thumb Code    58  stm32g4xx_hal_pcd_ex.o(.text.HAL_PCDEx_PMAConfig)
    HAL_PCD_DataInStageCallback              0x08001fd3   Thumb Code    18  usbd_conf.o(.text.HAL_PCD_DataInStageCallback)
    HAL_PCD_DataOutStageCallback             0x08001fe5   Thumb Code    20  usbd_conf.o(.text.HAL_PCD_DataOutStageCallback)
    HAL_PCD_EP_Close                         0x08001ff9   Thumb Code    72  stm32g4xx_hal_pcd.o(.text.HAL_PCD_EP_Close)
    HAL_PCD_EP_ClrStall                      0x08002041   Thumb Code    92  stm32g4xx_hal_pcd.o(.text.HAL_PCD_EP_ClrStall)
    HAL_PCD_EP_GetRxCount                    0x0800209d   Thumb Code    18  stm32g4xx_hal_pcd.o(.text.HAL_PCD_EP_GetRxCount)
    HAL_PCD_EP_Open                          0x080020af   Thumb Code    84  stm32g4xx_hal_pcd.o(.text.HAL_PCD_EP_Open)
    HAL_PCD_EP_Receive                       0x08002103   Thumb Code    44  stm32g4xx_hal_pcd.o(.text.HAL_PCD_EP_Receive)
    HAL_PCD_EP_SetStall                      0x0800212f   Thumb Code    92  stm32g4xx_hal_pcd.o(.text.HAL_PCD_EP_SetStall)
    HAL_PCD_EP_Transmit                      0x0800218b   Thumb Code    46  stm32g4xx_hal_pcd.o(.text.HAL_PCD_EP_Transmit)
    HAL_PCD_IRQHandler                       0x080021b9   Thumb Code  2232  stm32g4xx_hal_pcd.o(.text.HAL_PCD_IRQHandler)
    HAL_PCD_Init                             0x08002a71   Thumb Code   146  stm32g4xx_hal_pcd.o(.text.HAL_PCD_Init)
    HAL_PCD_MspInit                          0x08002b05   Thumb Code    92  usbd_conf.o(.text.HAL_PCD_MspInit)
    HAL_PCD_ResetCallback                    0x08002b61   Thumb Code    36  usbd_conf.o(.text.HAL_PCD_ResetCallback)
    HAL_PCD_ResumeCallback                   0x08002b85   Thumb Code    36  usbd_conf.o(.text.HAL_PCD_ResumeCallback)
    HAL_PCD_SOFCallback                      0x08002ba9   Thumb Code     8  usbd_conf.o(.text.HAL_PCD_SOFCallback)
    HAL_PCD_SetAddress                       0x08002bb1   Thumb Code    38  stm32g4xx_hal_pcd.o(.text.HAL_PCD_SetAddress)
    HAL_PCD_SetupStageCallback               0x08002bd7   Thumb Code    14  usbd_conf.o(.text.HAL_PCD_SetupStageCallback)
    HAL_PCD_Start                            0x08002be5   Thumb Code    42  stm32g4xx_hal_pcd.o(.text.HAL_PCD_Start)
    HAL_PCD_SuspendCallback                  0x08002c11   Thumb Code    32  usbd_conf.o(.text.HAL_PCD_SuspendCallback)
    HAL_PWREx_ControlVoltageScaling          0x08002c31   Thumb Code   180  stm32g4xx_hal_pwr_ex.o(.text.HAL_PWREx_ControlVoltageScaling)
    HAL_PWREx_DisableUCPDDeadBattery         0x08002ce5   Thumb Code    16  stm32g4xx_hal_pwr_ex.o(.text.HAL_PWREx_DisableUCPDDeadBattery)
    HAL_RCCEx_PeriphCLKConfig                0x08002cf5   Thumb Code   664  stm32g4xx_hal_rcc_ex.o(.text.HAL_RCCEx_PeriphCLKConfig)
    HAL_RCC_ClockConfig                      0x08002f8d   Thumb Code   484  stm32g4xx_hal_rcc.o(.text.HAL_RCC_ClockConfig)
    HAL_RCC_GetPCLK1Freq                     0x08003171   Thumb Code    24  stm32g4xx_hal_rcc.o(.text.HAL_RCC_GetPCLK1Freq)
    HAL_RCC_GetPCLK2Freq                     0x08003189   Thumb Code    32  stm32g4xx_hal_rcc.o(.text.HAL_RCC_GetPCLK2Freq)
    HAL_RCC_GetSysClockFreq                  0x080031a9   Thumb Code   104  stm32g4xx_hal_rcc.o(.text.HAL_RCC_GetSysClockFreq)
    HAL_RCC_OscConfig                        0x08003211   Thumb Code  1116  stm32g4xx_hal_rcc.o(.text.HAL_RCC_OscConfig)
    HAL_SPI_ErrorCallback                    0x0800366d   Thumb Code     2  stm32g4xx_hal_spi.o(.text.HAL_SPI_ErrorCallback)
    HAL_SPI_IRQHandler                       0x08003671   Thumb Code   264  stm32g4xx_hal_spi.o(.text.HAL_SPI_IRQHandler)
    HAL_SPI_Init                             0x08003779   Thumb Code   218  stm32g4xx_hal_spi.o(.text.HAL_SPI_Init)
    HAL_SPI_MspInit                          0x08003855   Thumb Code   176  spi.o(.text.HAL_SPI_MspInit)
    HAL_SPI_Transmit                         0x08003905   Thumb Code   414  stm32g4xx_hal_spi.o(.text.HAL_SPI_Transmit)
    HAL_SPI_Transmit_DMA                     0x08003aa5   Thumb Code   256  stm32g4xx_hal_spi.o(.text.HAL_SPI_Transmit_DMA)
    HAL_SPI_TxCpltCallback                   0x08003ba5   Thumb Code     2  stm32g4xx_hal_spi.o(.text.HAL_SPI_TxCpltCallback)
    HAL_SPI_TxHalfCpltCallback               0x08003ba7   Thumb Code     2  stm32g4xx_hal_spi.o(.text.HAL_SPI_TxHalfCpltCallback)
    HAL_SYSTICK_Config                       0x08003ba9   Thumb Code    40  stm32g4xx_hal_cortex.o(.text.HAL_SYSTICK_Config)
    HAL_UARTEx_DisableFifoMode               0x08003bd1   Thumb Code    54  stm32g4xx_hal_uart_ex.o(.text.HAL_UARTEx_DisableFifoMode)
    HAL_UARTEx_SetRxFifoThreshold            0x08003c07   Thumb Code    74  stm32g4xx_hal_uart_ex.o(.text.HAL_UARTEx_SetRxFifoThreshold)
    HAL_UARTEx_SetTxFifoThreshold            0x08003c51   Thumb Code    74  stm32g4xx_hal_uart_ex.o(.text.HAL_UARTEx_SetTxFifoThreshold)
    HAL_UART_Init                            0x08003c9b   Thumb Code   100  stm32g4xx_hal_uart.o(.text.HAL_UART_Init)
    HAL_UART_MspInit                         0x08003d01   Thumb Code   184  usart.o(.text.HAL_UART_MspInit)
    HardFault_Handler                        0x08003db9   Thumb Code     2  stm32g4xx_it.o(.text.HardFault_Handler)
    MX_ADC1_Init                             0x0800406d   Thumb Code   144  adc.o(.text.MX_ADC1_Init)
    MX_DMA_Init                              0x080040fd   Thumb Code    80  dma.o(.text.MX_DMA_Init)
    MX_GPIO_Init                             0x0800414d   Thumb Code   244  gpio.o(.text.MX_GPIO_Init)
    MX_I2C3_Init                             0x08004241   Thumb Code    88  i2c.o(.text.MX_I2C3_Init)
    MX_LPUART1_UART_Init                     0x08004299   Thumb Code   100  usart.o(.text.MX_LPUART1_UART_Init)
    MX_SPI1_Init                             0x080042fd   Thumb Code    76  spi.o(.text.MX_SPI1_Init)
    MX_USB_Device_Init                       0x08004349   Thumb Code    80  usb_device.o(.text.MX_USB_Device_Init)
    MemManage_Handler                        0x08004399   Thumb Code     2  stm32g4xx_it.o(.text.MemManage_Handler)
    NMI_Handler                              0x0800439b   Thumb Code     2  stm32g4xx_it.o(.text.NMI_Handler)
    PendSV_Handler                           0x0800439d   Thumb Code     2  stm32g4xx_it.o(.text.PendSV_Handler)
    SPI1_IRQHandler                          0x080043a1   Thumb Code    12  stm32g4xx_it.o(.text.SPI1_IRQHandler)
    ST7789_DrawPixel_4px                     0x08004601   Thumb Code    40  st7789.o(.text.ST7789_DrawPixel_4px)
    ST7789_Fill                              0x08004629   Thumb Code    88  st7789.o(.text.ST7789_Fill)
    ST7789_Fill_Color                        0x08004681   Thumb Code    56  st7789.o(.text.ST7789_Fill_Color)
    ST7789_Init                              0x080046b9   Thumb Code   308  st7789.o(.text.ST7789_Init)
    ST7789_SetRotation                       0x08004849   Thumb Code    40  st7789.o(.text.ST7789_SetRotation)
    SVC_Handler                              0x08004921   Thumb Code     2  stm32g4xx_it.o(.text.SVC_Handler)
    SysTick_Handler                          0x08004923   Thumb Code     4  stm32g4xx_it.o(.text.SysTick_Handler)
    SystemClock_Config                       0x08004927   Thumb Code   114  main.o(.text.SystemClock_Config)
    SystemInit                               0x08004999   Thumb Code    16  system_stm32g4xx.o(.text.SystemInit)
    UART_AdvFeatureConfig                    0x080049ed   Thumb Code   170  stm32g4xx_hal_uart.o(.text.UART_AdvFeatureConfig)
    UART_CheckIdleState                      0x08004a97   Thumb Code   178  stm32g4xx_hal_uart.o(.text.UART_CheckIdleState)
    UART_SetConfig                           0x08004ba1   Thumb Code   552  stm32g4xx_hal_uart.o(.text.UART_SetConfig)
    UART_WaitOnFlagUntilTimeout              0x08004dc9   Thumb Code   154  stm32g4xx_hal_uart.o(.text.UART_WaitOnFlagUntilTimeout)
    USBD_CDC_ConfigStrDescriptor             0x08004e65   Thumb Code    32  usbd_desc.o(.text.USBD_CDC_ConfigStrDescriptor)
    USBD_CDC_DeviceDescriptor                0x08004f55   Thumb Code    12  usbd_desc.o(.text.USBD_CDC_DeviceDescriptor)
    USBD_CDC_GetDeviceQualifierDescriptor    0x08004f91   Thumb Code    12  usbd_cdc.o(.text.USBD_CDC_GetDeviceQualifierDescriptor)
    USBD_CDC_InterfaceStrDescriptor          0x08005059   Thumb Code    36  usbd_desc.o(.text.USBD_CDC_InterfaceStrDescriptor)
    USBD_CDC_LangIDStrDescriptor             0x0800507d   Thumb Code    12  usbd_desc.o(.text.USBD_CDC_LangIDStrDescriptor)
    USBD_CDC_ManufacturerStrDescriptor       0x08005089   Thumb Code    32  usbd_desc.o(.text.USBD_CDC_ManufacturerStrDescriptor)
    USBD_CDC_ProductStrDescriptor            0x080050a9   Thumb Code    48  usbd_desc.o(.text.USBD_CDC_ProductStrDescriptor)
    USBD_CDC_ReceivePacket                   0x080050d9   Thumb Code    38  usbd_cdc.o(.text.USBD_CDC_ReceivePacket)
    USBD_CDC_RegisterInterface               0x080050ff   Thumb Code    14  usbd_cdc.o(.text.USBD_CDC_RegisterInterface)
    USBD_CDC_SerialStrDescriptor             0x0800510d   Thumb Code    52  usbd_desc.o(.text.USBD_CDC_SerialStrDescriptor)
    USBD_CDC_SetRxBuffer                     0x08005141   Thumb Code    18  usbd_cdc.o(.text.USBD_CDC_SetRxBuffer)
    USBD_CDC_SetTxBuffer                     0x08005153   Thumb Code    22  usbd_cdc.o(.text.USBD_CDC_SetTxBuffer)
    USBD_CDC_TransmitPacket                  0x08005223   Thumb Code    46  usbd_cdc.o(.text.USBD_CDC_TransmitPacket)
    USBD_ClrClassConfig                      0x08005251   Thumb Code    16  usbd_core.o(.text.USBD_ClrClassConfig)
    USBD_CtlContinueRx                       0x08005261   Thumb Code    16  usbd_ioreq.o(.text.USBD_CtlContinueRx)
    USBD_CtlContinueSendData                 0x08005271   Thumb Code    16  usbd_ioreq.o(.text.USBD_CtlContinueSendData)
    USBD_CtlError                            0x08005281   Thumb Code    22  usbd_ctlreq.o(.text.USBD_CtlError)
    USBD_CtlPrepareRx                        0x08005297   Thumb Code    26  usbd_ioreq.o(.text.USBD_CtlPrepareRx)
    USBD_CtlReceiveStatus                    0x080052b1   Thumb Code    22  usbd_ioreq.o(.text.USBD_CtlReceiveStatus)
    USBD_CtlSendData                         0x080052c7   Thumb Code    26  usbd_ioreq.o(.text.USBD_CtlSendData)
    USBD_CtlSendStatus                       0x080052e1   Thumb Code    22  usbd_ioreq.o(.text.USBD_CtlSendStatus)
    USBD_GetString                           0x080052f7   Thumb Code    58  usbd_ctlreq.o(.text.USBD_GetString)
    USBD_Init                                0x08005349   Thumb Code    38  usbd_core.o(.text.USBD_Init)
    USBD_LL_ClearStallEP                     0x0800536f   Thumb Code    18  usbd_conf.o(.text.USBD_LL_ClearStallEP)
    USBD_LL_CloseEP                          0x08005381   Thumb Code    18  usbd_conf.o(.text.USBD_LL_CloseEP)
    USBD_LL_DataInStage                      0x08005393   Thumb Code   164  usbd_core.o(.text.USBD_LL_DataInStage)
    USBD_LL_DataOutStage                     0x08005437   Thumb Code   100  usbd_core.o(.text.USBD_LL_DataOutStage)
    USBD_LL_GetRxDataSize                    0x0800549b   Thumb Code     8  usbd_conf.o(.text.USBD_LL_GetRxDataSize)
    USBD_LL_Init                             0x080054a5   Thumb Code   124  usbd_conf.o(.text.USBD_LL_Init)
    USBD_LL_IsStallEP                        0x08005521   Thumb Code    32  usbd_conf.o(.text.USBD_LL_IsStallEP)
    USBD_LL_OpenEP                           0x08005541   Thumb Code    24  usbd_conf.o(.text.USBD_LL_OpenEP)
    USBD_LL_PrepareReceive                   0x08005559   Thumb Code    18  usbd_conf.o(.text.USBD_LL_PrepareReceive)
    USBD_LL_Reset                            0x0800556b   Thumb Code    94  usbd_core.o(.text.USBD_LL_Reset)
    USBD_LL_Resume                           0x080055c9   Thumb Code    20  usbd_core.o(.text.USBD_LL_Resume)
    USBD_LL_SOF                              0x080055dd   Thumb Code    30  usbd_core.o(.text.USBD_LL_SOF)
    USBD_LL_SetSpeed                         0x080055fb   Thumb Code     6  usbd_core.o(.text.USBD_LL_SetSpeed)
    USBD_LL_SetUSBAddress                    0x08005601   Thumb Code    18  usbd_conf.o(.text.USBD_LL_SetUSBAddress)
    USBD_LL_SetupStage                       0x08005613   Thumb Code    96  usbd_core.o(.text.USBD_LL_SetupStage)
    USBD_LL_StallEP                          0x08005673   Thumb Code    18  usbd_conf.o(.text.USBD_LL_StallEP)
    USBD_LL_Start                            0x08005685   Thumb Code    18  usbd_conf.o(.text.USBD_LL_Start)
    USBD_LL_Suspend                          0x08005697   Thumb Code    18  usbd_core.o(.text.USBD_LL_Suspend)
    USBD_LL_Transmit                         0x080056a9   Thumb Code    18  usbd_conf.o(.text.USBD_LL_Transmit)
    USBD_ParseSetupRequest                   0x080056bb   Thumb Code    22  usbd_ctlreq.o(.text.USBD_ParseSetupRequest)
    USBD_RegisterClass                       0x080056d1   Thumb Code    38  usbd_core.o(.text.USBD_RegisterClass)
    USBD_SetClassConfig                      0x080056f7   Thumb Code    14  usbd_core.o(.text.USBD_SetClassConfig)
    USBD_Start                               0x08005705   Thumb Code     4  usbd_core.o(.text.USBD_Start)
    USBD_StdDevReq                           0x08005709   Thumb Code   716  usbd_ctlreq.o(.text.USBD_StdDevReq)
    USBD_StdEPReq                            0x080059d5   Thumb Code   302  usbd_ctlreq.o(.text.USBD_StdEPReq)
    USBD_StdItfReq                           0x08005b03   Thumb Code    76  usbd_ctlreq.o(.text.USBD_StdItfReq)
    USBD_static_free                         0x08005b4f   Thumb Code     2  usbd_conf.o(.text.USBD_static_free)
    USBD_static_malloc                       0x08005b51   Thumb Code     8  usbd_conf.o(.text.USBD_static_malloc)
    USB_ActivateEndpoint                     0x08005b59   Thumb Code   552  stm32g4xx_ll_usb.o(.text.USB_ActivateEndpoint)
    USB_DeactivateEndpoint                   0x08005d81   Thumb Code   228  stm32g4xx_ll_usb.o(.text.USB_DeactivateEndpoint)
    USB_DevConnect                           0x08005e65   Thumb Code    16  stm32g4xx_ll_usb.o(.text.USB_DevConnect)
    USB_DevInit                              0x08005e75   Thumb Code    24  stm32g4xx_ll_usb.o(.text.USB_DevInit)
    USB_DisableGlobalInt                     0x08005e8d   Thumb Code    18  stm32g4xx_ll_usb.o(.text.USB_DisableGlobalInt)
    USB_EPClearStall                         0x08005e9f   Thumb Code   114  stm32g4xx_ll_usb.o(.text.USB_EPClearStall)
    USB_EPSetStall                           0x08005f11   Thumb Code    48  stm32g4xx_ll_usb.o(.text.USB_EPSetStall)
    USB_EPStartXfer                          0x08005f41   Thumb Code  1116  stm32g4xx_ll_usb.o(.text.USB_EPStartXfer)
    USB_EnableGlobalInt                      0x0800639d   Thumb Code    18  stm32g4xx_ll_usb.o(.text.USB_EnableGlobalInt)
    USB_LP_IRQHandler                        0x080063b1   Thumb Code    12  stm32g4xx_it.o(.text.USB_LP_IRQHandler)
    USB_ReadInterrupts                       0x080063bd   Thumb Code     6  stm32g4xx_ll_usb.o(.text.USB_ReadInterrupts)
    USB_ReadPMA                              0x080063c3   Thumb Code    40  stm32g4xx_ll_usb.o(.text.USB_ReadPMA)
    USB_SetDevAddress                        0x080063eb   Thumb Code    12  stm32g4xx_ll_usb.o(.text.USB_SetDevAddress)
    USB_WritePMA                             0x080063f7   Thumb Code    26  stm32g4xx_ll_usb.o(.text.USB_WritePMA)
    UsageFault_Handler                       0x08006411   Thumb Code     2  stm32g4xx_it.o(.text.UsageFault_Handler)
    main                                     0x08006439   Thumb Code   188  main.o(.text.main)
    _fp_init                                 0x080064f5   Thumb Code    26  fpinit.o(x$fpl$fpinit)
    __fplib_config_fpu_vfp                   0x0800650d   Thumb Code     0  fpinit.o(x$fpl$fpinit)
    __fplib_config_pureend_doubles           0x0800650d   Thumb Code     0  fpinit.o(x$fpl$fpinit)
    AHBPrescTable                            0x08006536   Data          16  system_stm32g4xx.o(.rodata.AHBPrescTable)
    APBPrescTable                            0x08006546   Data           8  system_stm32g4xx.o(.rodata.APBPrescTable)
    UARTPrescTable                           0x0800654e   Data          24  stm32g4xx_hal_uart.o(.rodata.UARTPrescTable)
    Region$$Table$$Base                      0x08006588   Number         0  anon$$obj.o(Region$$Table)
    Region$$Table$$Limit                     0x080065a8   Number         0  anon$$obj.o(Region$$Table)
    uwTickPrio                               0x20000000   Data           4  stm32g4xx_hal.o(.data..L_MergedGlobals)
    uwTickFreq                               0x20000004   Data           4  stm32g4xx_hal.o(.data..L_MergedGlobals)
    CDC_Desc                                 0x20000008   Data          32  usbd_desc.o(.data.CDC_Desc)
    CTP_CFG_GT911                            0x20000028   Data         186  gt911.o(.data.CTP_CFG_GT911)
    DMA_MIN_SIZE                             0x200000e2   Data           2  st7789.o(.data.DMA_MIN_SIZE)
    SystemCoreClock                          0x200000e4   Data           4  system_stm32g4xx.o(.data.SystemCoreClock)
    USBD_CDC                                 0x200000e8   Data          56  usbd_cdc.o(.data.USBD_CDC)
    USBD_CDC_DeviceDesc                      0x200001a8   Data          18  usbd_desc.o(.data.USBD_CDC_DeviceDesc)
    USBD_Interface_fops_FS                   0x2000020c   Data          20  usbd_cdc_if.o(.data.USBD_Interface_fops_FS)
    USBD_LangIDDesc                          0x20000220   Data           4  usbd_desc.o(.data.USBD_LangIDDesc)
    USBD_StringSerial                        0x20000224   Data          26  usbd_desc.o(.data.USBD_StringSerial)
    __libspace_start                         0x20000240   Data          96  libspace.o(.bss)
    __temporary_stack_top$libspace           0x200002a0   Data           0  libspace.o(.bss)
    flagTouch                                0x200002a0   Data           1  main.o(.bss..L_MergedGlobals)
    touchPoint                               0x200002a2   Data           4  main.o(.bss..L_MergedGlobals)
    USBD_StrDesc                             0x2000030c   Data         512  usbd_desc.o(.bss.USBD_StrDesc)
    UserRxBufferFS                           0x2000072c   Data        2048  usbd_cdc_if.o(.bss.UserRxBufferFS)
    UserTxBufferFS                           0x20000f2c   Data        2048  usbd_cdc_if.o(.bss.UserTxBufferFS)
    User_Touch                               0x2000172c   Data          32  gt911.o(.bss.User_Touch)
    disp_buf                                 0x2000174c   Data        3200  st7789.o(.bss.disp_buf)
    hUsbDeviceFS                             0x200023cc   Data         720  usb_device.o(.bss.hUsbDeviceFS)
    hadc1                                    0x2000269c   Data         108  adc.o(.bss.hadc1)
    hdma_lpuart1_tx                          0x20002708   Data          96  usart.o(.bss.hdma_lpuart1_tx)
    hdma_spi1_tx                             0x20002768   Data          96  spi.o(.bss.hdma_spi1_tx)
    hi2c3                                    0x200027c8   Data          84  i2c.o(.bss.hi2c3)
    hlpuart1                                 0x2000281c   Data         148  usart.o(.bss.hlpuart1)
    hpcd_USB_FS                              0x200028b0   Data         732  usbd_conf.o(.bss.hpcd_USB_FS)
    hspi1                                    0x20002b8c   Data         100  spi.o(.bss.hspi1)
    uwTick                                   0x20002c54   Data           4  stm32g4xx_hal.o(.bss.uwTick)



==============================================================================

Memory Map of the image

  Image Entry point : 0x080001d9

  Load Region LR_IROM1 (Base: 0x08000000, Size: 0x000067e8, Max: 0x00080000, ABSOLUTE, COMPRESSED[0x000066d8])

    Execution Region ER_IROM1 (Exec base: 0x08000000, Load base: 0x08000000, Size: 0x000065a8, Max: 0x00080000, ABSOLUTE)

    Exec Addr    Load Addr    Size         Type   Attr      Idx    E Section Name        Object

    0x08000000   0x08000000   0x000001d8   Data   RO            3    RESET               startup_stm32g474xx.o
    0x080001d8   0x080001d8   0x00000008   Code   RO         1908  * !!!main             c_w.l(__main.o)
    0x080001e0   0x080001e0   0x00000034   Code   RO         2096    !!!scatter          c_w.l(__scatter.o)
    0x08000214   0x08000214   0x0000005a   Code   RO         2094    !!dczerorl2         c_w.l(__dczerorl2.o)
    0x0800026e   0x0800026e   0x00000002   PAD
    0x08000270   0x08000270   0x0000001c   Code   RO         2098    !!handler_zi        c_w.l(__scatter_zi.o)
    0x0800028c   0x0800028c   0x00000000   Code   RO         1897    .ARM.Collect$$_printf_percent$$00000000  c_w.l(_printf_percent.o)
    0x0800028c   0x0800028c   0x00000006   Code   RO         1896    .ARM.Collect$$_printf_percent$$00000009  c_w.l(_printf_d.o)
    0x08000292   0x08000292   0x00000006   Code   RO         1895    .ARM.Collect$$_printf_percent$$0000000C  c_w.l(_printf_x.o)
    0x08000298   0x08000298   0x00000006   Code   RO         1894    .ARM.Collect$$_printf_percent$$00000014  c_w.l(_printf_s.o)
    0x0800029e   0x0800029e   0x00000004   Code   RO         1923    .ARM.Collect$$_printf_percent$$00000017  c_w.l(_printf_percent_end.o)
    0x080002a2   0x080002a2   0x00000002   Code   RO         1958    .ARM.Collect$$libinit$$00000000  c_w.l(libinit.o)
    0x080002a4   0x080002a4   0x00000004   Code   RO         1970    .ARM.Collect$$libinit$$00000001  c_w.l(libinit2.o)
    0x080002a8   0x080002a8   0x00000000   Code   RO         1973    .ARM.Collect$$libinit$$00000004  c_w.l(libinit2.o)
    0x080002a8   0x080002a8   0x00000000   Code   RO         1976    .ARM.Collect$$libinit$$0000000A  c_w.l(libinit2.o)
    0x080002a8   0x080002a8   0x00000000   Code   RO         1978    .ARM.Collect$$libinit$$0000000C  c_w.l(libinit2.o)
    0x080002a8   0x080002a8   0x00000000   Code   RO         1980    .ARM.Collect$$libinit$$0000000E  c_w.l(libinit2.o)
    0x080002a8   0x080002a8   0x00000000   Code   RO         1983    .ARM.Collect$$libinit$$00000011  c_w.l(libinit2.o)
    0x080002a8   0x080002a8   0x00000000   Code   RO         1985    .ARM.Collect$$libinit$$00000013  c_w.l(libinit2.o)
    0x080002a8   0x080002a8   0x00000000   Code   RO         1987    .ARM.Collect$$libinit$$00000015  c_w.l(libinit2.o)
    0x080002a8   0x080002a8   0x00000000   Code   RO         1989    .ARM.Collect$$libinit$$00000017  c_w.l(libinit2.o)
    0x080002a8   0x080002a8   0x00000000   Code   RO         1991    .ARM.Collect$$libinit$$00000019  c_w.l(libinit2.o)
    0x080002a8   0x080002a8   0x00000000   Code   RO         1993    .ARM.Collect$$libinit$$0000001B  c_w.l(libinit2.o)
    0x080002a8   0x080002a8   0x00000000   Code   RO         1995    .ARM.Collect$$libinit$$0000001D  c_w.l(libinit2.o)
    0x080002a8   0x080002a8   0x00000000   Code   RO         1997    .ARM.Collect$$libinit$$0000001F  c_w.l(libinit2.o)
    0x080002a8   0x080002a8   0x00000000   Code   RO         1999    .ARM.Collect$$libinit$$00000021  c_w.l(libinit2.o)
    0x080002a8   0x080002a8   0x00000000   Code   RO         2001    .ARM.Collect$$libinit$$00000023  c_w.l(libinit2.o)
    0x080002a8   0x080002a8   0x00000000   Code   RO         2003    .ARM.Collect$$libinit$$00000025  c_w.l(libinit2.o)
    0x080002a8   0x080002a8   0x00000000   Code   RO         2007    .ARM.Collect$$libinit$$0000002C  c_w.l(libinit2.o)
    0x080002a8   0x080002a8   0x00000000   Code   RO         2009    .ARM.Collect$$libinit$$0000002E  c_w.l(libinit2.o)
    0x080002a8   0x080002a8   0x00000000   Code   RO         2011    .ARM.Collect$$libinit$$00000030  c_w.l(libinit2.o)
    0x080002a8   0x080002a8   0x00000000   Code   RO         2013    .ARM.Collect$$libinit$$00000032  c_w.l(libinit2.o)
    0x080002a8   0x080002a8   0x00000002   Code   RO         2014    .ARM.Collect$$libinit$$00000033  c_w.l(libinit2.o)
    0x080002aa   0x080002aa   0x00000002   Code   RO         2049    .ARM.Collect$$libshutdown$$00000000  c_w.l(libshutdown.o)
    0x080002ac   0x080002ac   0x00000000   Code   RO         2077    .ARM.Collect$$libshutdown$$00000002  c_w.l(libshutdown2.o)
    0x080002ac   0x080002ac   0x00000000   Code   RO         2079    .ARM.Collect$$libshutdown$$00000004  c_w.l(libshutdown2.o)
    0x080002ac   0x080002ac   0x00000000   Code   RO         2082    .ARM.Collect$$libshutdown$$00000007  c_w.l(libshutdown2.o)
    0x080002ac   0x080002ac   0x00000000   Code   RO         2085    .ARM.Collect$$libshutdown$$0000000A  c_w.l(libshutdown2.o)
    0x080002ac   0x080002ac   0x00000000   Code   RO         2087    .ARM.Collect$$libshutdown$$0000000C  c_w.l(libshutdown2.o)
    0x080002ac   0x080002ac   0x00000000   Code   RO         2090    .ARM.Collect$$libshutdown$$0000000F  c_w.l(libshutdown2.o)
    0x080002ac   0x080002ac   0x00000002   Code   RO         2091    .ARM.Collect$$libshutdown$$00000010  c_w.l(libshutdown2.o)
    0x080002ae   0x080002ae   0x00000000   Code   RO         1910    .ARM.Collect$$rtentry$$00000000  c_w.l(__rtentry.o)
    0x080002ae   0x080002ae   0x00000000   Code   RO         1927    .ARM.Collect$$rtentry$$00000002  c_w.l(__rtentry2.o)
    0x080002ae   0x080002ae   0x00000006   Code   RO         1939    .ARM.Collect$$rtentry$$00000004  c_w.l(__rtentry4.o)
    0x080002b4   0x080002b4   0x00000000   Code   RO         1929    .ARM.Collect$$rtentry$$00000009  c_w.l(__rtentry2.o)
    0x080002b4   0x080002b4   0x00000004   Code   RO         1930    .ARM.Collect$$rtentry$$0000000A  c_w.l(__rtentry2.o)
    0x080002b8   0x080002b8   0x00000000   Code   RO         1932    .ARM.Collect$$rtentry$$0000000C  c_w.l(__rtentry2.o)
    0x080002b8   0x080002b8   0x00000008   Code   RO         1933    .ARM.Collect$$rtentry$$0000000D  c_w.l(__rtentry2.o)
    0x080002c0   0x080002c0   0x00000002   Code   RO         1962    .ARM.Collect$$rtexit$$00000000  c_w.l(rtexit.o)
    0x080002c2   0x080002c2   0x00000000   Code   RO         2020    .ARM.Collect$$rtexit$$00000002  c_w.l(rtexit2.o)
    0x080002c2   0x080002c2   0x00000004   Code   RO         2021    .ARM.Collect$$rtexit$$00000003  c_w.l(rtexit2.o)
    0x080002c6   0x080002c6   0x00000006   Code   RO         2022    .ARM.Collect$$rtexit$$00000004  c_w.l(rtexit2.o)
    0x080002cc   0x080002cc   0x00000040   Code   RO            4    .text               startup_stm32g474xx.o
    0x0800030c   0x0800030c   0x000000f0   Code   RO         1841    .text               c_w.l(lludivv7m.o)
    0x080003fc   0x080003fc   0x00000028   Code   RO         1845    .text               c_w.l(noretval__2sprintf.o)
    0x08000424   0x08000424   0x00000068   Code   RO         1847    .text               c_w.l(__printf.o)
    0x0800048c   0x0800048c   0x00000052   Code   RO         1849    .text               c_w.l(_printf_str.o)
    0x080004de   0x080004de   0x00000002   PAD
    0x080004e0   0x080004e0   0x00000078   Code   RO         1851    .text               c_w.l(_printf_dec.o)
    0x08000558   0x08000558   0x00000058   Code   RO         1856    .text               c_w.l(_printf_hex_int.o)
    0x080005b0   0x080005b0   0x0000003e   Code   RO         1898    .text               c_w.l(strlen.o)
    0x080005ee   0x080005ee   0x0000008a   Code   RO         1900    .text               c_w.l(rt_memcpy_v6.o)
    0x08000678   0x08000678   0x00000010   Code   RO         1902    .text               c_w.l(aeabi_memset4.o)
    0x08000688   0x08000688   0x0000004e   Code   RO         1904    .text               c_w.l(rt_memclr_w.o)
    0x080006d6   0x080006d6   0x00000006   Code   RO         1906    .text               c_w.l(heapauxi.o)
    0x080006dc   0x080006dc   0x000000b2   Code   RO         1915    .text               c_w.l(_printf_intcommon.o)
    0x0800078e   0x0800078e   0x00000002   PAD
    0x08000790   0x08000790   0x00000030   Code   RO         1917    .text               c_w.l(_printf_char_common.o)
    0x080007c0   0x080007c0   0x0000000a   Code   RO         1919    .text               c_w.l(_sputc.o)
    0x080007ca   0x080007ca   0x0000002c   Code   RO         1921    .text               c_w.l(_printf_char.o)
    0x080007f6   0x080007f6   0x00000064   Code   RO         1924    .text               c_w.l(rt_memcpy_w.o)
    0x0800085a   0x0800085a   0x0000004a   Code   RO         1945    .text               c_w.l(sys_stackheap_outer.o)
    0x080008a4   0x080008a4   0x00000012   Code   RO         1947    .text               c_w.l(exit.o)
    0x080008b6   0x080008b6   0x00000002   PAD
    0x080008b8   0x080008b8   0x00000008   Code   RO         1959    .text               c_w.l(libspace.o)
    0x080008c0   0x080008c0   0x0000000c   Code   RO         2015    .text               c_w.l(sys_exit.o)
    0x080008cc   0x080008cc   0x00000002   Code   RO         2038    .text               c_w.l(use_no_semi.o)
    0x080008ce   0x080008ce   0x00000000   Code   RO         2040    .text               c_w.l(indicate_semi.o)
    0x080008ce   0x080008ce   0x00000002   Code   RO          112    .text.BusFault_Handler  stm32g4xx_it.o
    0x080008d0   0x080008d0   0x00000004   Code   RO         1687    .text.CDC_Control_FS  usbd_cdc_if.o
    0x080008d4   0x080008d4   0x00000004   Code   RO         1685    .text.CDC_DeInit_FS  usbd_cdc_if.o
    0x080008d8   0x080008d8   0x00000024   Code   RO         1683    .text.CDC_Init_FS   usbd_cdc_if.o
    0x080008fc   0x080008fc   0x00000018   Code   RO         1689    .text.CDC_Receive_FS  usbd_cdc_if.o
    0x08000914   0x08000914   0x00000004   Code   RO         1691    .text.CDC_TransmitCplt_FS  usbd_cdc_if.o
    0x08000918   0x08000918   0x0000002c   Code   RO         1693    .text.CDC_Transmit_FS  usbd_cdc_if.o
    0x08000944   0x08000944   0x0000000c   Code   RO          124    .text.DMA1_Channel1_IRQHandler  stm32g4xx_it.o
    0x08000950   0x08000950   0x0000000c   Code   RO          126    .text.DMA1_Channel2_IRQHandler  stm32g4xx_it.o
    0x0800095c   0x0800095c   0x00000048   Code   RO          596    .text.DMA_CalcDMAMUXChannelBaseAndMask  stm32g4xx_hal_dma.o
    0x080009a4   0x080009a4   0x00000024   Code   RO          598    .text.DMA_CalcDMAMUXRequestGenBaseAndMask  stm32g4xx_hal_dma.o
    0x080009c8   0x080009c8   0x0000003a   Code   RO          604    .text.DMA_SetConfig  stm32g4xx_hal_dma.o
    0x08000a02   0x08000a02   0x00000002   Code   RO          118    .text.DebugMon_Handler  stm32g4xx_it.o
    0x08000a04   0x08000a04   0x00000008   Code   RO           15    .text.Error_Handler  main.o
    0x08000a0c   0x08000a0c   0x000000d8   Code   RO         1558    .text.GTP911_Test   gt911.o
    0x08000ae4   0x08000ae4   0x00000174   Code   RO         1554    .text.GTP_Init      gt911.o
    0x08000c58   0x08000c58   0x0000001c   Code   RO         1552    .text.GTXXXX_ReadReg  gt911.o
    0x08000c74   0x08000c74   0x00000120   Code   RO         1556    .text.GTXXXX_Scanf  gt911.o
    0x08000d94   0x08000d94   0x00000020   Code   RO         1550    .text.GTXXXX_WriteReg  gt911.o
    0x08000db4   0x08000db4   0x000000f8   Code   RO          938    .text.HAL_ADCEx_MultiModeConfigChannel  stm32g4xx_hal_adc_ex.o
    0x08000eac   0x08000eac   0x0000037c   Code   RO          872    .text.HAL_ADC_ConfigChannel  stm32g4xx_hal_adc.o
    0x08001228   0x08001228   0x000001f0   Code   RO          820    .text.HAL_ADC_Init  stm32g4xx_hal_adc.o
    0x08001418   0x08001418   0x00000080   Code   RO           37    .text.HAL_ADC_MspInit  adc.o
    0x08001498   0x08001498   0x00000076   Code   RO          610    .text.HAL_DMA_Abort_IT  stm32g4xx_hal_dma.o
    0x0800150e   0x0800150e   0x00000094   Code   RO          614    .text.HAL_DMA_IRQHandler  stm32g4xx_hal_dma.o
    0x080015a2   0x080015a2   0x00000002   PAD
    0x080015a4   0x080015a4   0x000000b8   Code   RO          594    .text.HAL_DMA_Init  stm32g4xx_hal_dma.o
    0x0800165c   0x0800165c   0x00000082   Code   RO          606    .text.HAL_DMA_Start_IT  stm32g4xx_hal_dma.o
    0x080016de   0x080016de   0x00000002   PAD
    0x080016e0   0x080016e0   0x00000024   Code   RO          317    .text.HAL_Delay     stm32g4xx_hal.o
    0x08001704   0x08001704   0x0000019c   Code   RO          544    .text.HAL_GPIO_Init  stm32g4xx_hal_gpio.o
    0x080018a0   0x080018a0   0x00000010   Code   RO          552    .text.HAL_GPIO_TogglePin  stm32g4xx_hal_gpio.o
    0x080018b0   0x080018b0   0x0000000c   Code   RO          550    .text.HAL_GPIO_WritePin  stm32g4xx_hal_gpio.o
    0x080018bc   0x080018bc   0x0000000c   Code   RO          309    .text.HAL_GetTick   stm32g4xx_hal.o
    0x080018c8   0x080018c8   0x0000004a   Code   RO         1123    .text.HAL_I2CEx_ConfigAnalogFilter  stm32g4xx_hal_i2c_ex.o
    0x08001912   0x08001912   0x00000048   Code   RO         1125    .text.HAL_I2CEx_ConfigDigitalFilter  stm32g4xx_hal_i2c_ex.o
    0x0800195a   0x0800195a   0x00000002   PAD
    0x0800195c   0x0800195c   0x000000b0   Code   RO          957    .text.HAL_I2C_Init  stm32g4xx_hal_i2c.o
    0x08001a0c   0x08001a0c   0x000001c0   Code   RO         1023    .text.HAL_I2C_Mem_Read  stm32g4xx_hal_i2c.o
    0x08001bcc   0x08001bcc   0x000001b4   Code   RO         1021    .text.HAL_I2C_Mem_Write  stm32g4xx_hal_i2c.o
    0x08001d80   0x08001d80   0x00000088   Code   RO           61    .text.HAL_I2C_MspInit  i2c.o
    0x08001e08   0x08001e08   0x00000014   Code   RO          307    .text.HAL_IncTick   stm32g4xx_hal.o
    0x08001e1c   0x08001e1c   0x0000001c   Code   RO          297    .text.HAL_Init      stm32g4xx_hal.o
    0x08001e38   0x08001e38   0x00000048   Code   RO          299    .text.HAL_InitTick  stm32g4xx_hal.o
    0x08001e80   0x08001e80   0x00000034   Code   RO          139    .text.HAL_MspInit   stm32g4xx_hal_msp.o
    0x08001eb4   0x08001eb4   0x0000001c   Code   RO          778    .text.HAL_NVIC_EnableIRQ  stm32g4xx_hal_cortex.o
    0x08001ed0   0x08001ed0   0x00000038   Code   RO          774    .text.HAL_NVIC_SetPriority  stm32g4xx_hal_cortex.o
    0x08001f08   0x08001f08   0x00000020   Code   RO          772    .text.HAL_NVIC_SetPriorityGrouping  stm32g4xx_hal_cortex.o
    0x08001f28   0x08001f28   0x0000002a   Code   RO          231    .text.HAL_PCDEx_ActivateLPM  stm32g4xx_hal_pcd_ex.o
    0x08001f52   0x08001f52   0x00000002   PAD
    0x08001f54   0x08001f54   0x00000044   Code   RO         1627    .text.HAL_PCDEx_LPM_Callback  usbd_conf.o
    0x08001f98   0x08001f98   0x0000003a   Code   RO          221    .text.HAL_PCDEx_PMAConfig  stm32g4xx_hal_pcd_ex.o
    0x08001fd2   0x08001fd2   0x00000012   Code   RO         1579    .text.HAL_PCD_DataInStageCallback  usbd_conf.o
    0x08001fe4   0x08001fe4   0x00000014   Code   RO         1577    .text.HAL_PCD_DataOutStageCallback  usbd_conf.o
    0x08001ff8   0x08001ff8   0x00000048   Code   RO          191    .text.HAL_PCD_EP_Close  stm32g4xx_hal_pcd.o
    0x08002040   0x08002040   0x0000005c   Code   RO          201    .text.HAL_PCD_EP_ClrStall  stm32g4xx_hal_pcd.o
    0x0800209c   0x0800209c   0x00000012   Code   RO          195    .text.HAL_PCD_EP_GetRxCount  stm32g4xx_hal_pcd.o
    0x080020ae   0x080020ae   0x00000054   Code   RO          189    .text.HAL_PCD_EP_Open  stm32g4xx_hal_pcd.o
    0x08002102   0x08002102   0x0000002c   Code   RO          193    .text.HAL_PCD_EP_Receive  stm32g4xx_hal_pcd.o
    0x0800212e   0x0800212e   0x0000005c   Code   RO          199    .text.HAL_PCD_EP_SetStall  stm32g4xx_hal_pcd.o
    0x0800218a   0x0800218a   0x0000002e   Code   RO          197    .text.HAL_PCD_EP_Transmit  stm32g4xx_hal_pcd.o
    0x080021b8   0x080021b8   0x000008b8   Code   RO          159    .text.HAL_PCD_IRQHandler  stm32g4xx_hal_pcd.o
    0x08002a70   0x08002a70   0x00000092   Code   RO          147    .text.HAL_PCD_Init  stm32g4xx_hal_pcd.o
    0x08002b02   0x08002b02   0x00000002   PAD
    0x08002b04   0x08002b04   0x0000005c   Code   RO         1571    .text.HAL_PCD_MspInit  usbd_conf.o
    0x08002b60   0x08002b60   0x00000024   Code   RO         1583    .text.HAL_PCD_ResetCallback  usbd_conf.o
    0x08002b84   0x08002b84   0x00000024   Code   RO         1587    .text.HAL_PCD_ResumeCallback  usbd_conf.o
    0x08002ba8   0x08002ba8   0x00000008   Code   RO         1581    .text.HAL_PCD_SOFCallback  usbd_conf.o
    0x08002bb0   0x08002bb0   0x00000026   Code   RO          163    .text.HAL_PCD_SetAddress  stm32g4xx_hal_pcd.o
    0x08002bd6   0x08002bd6   0x0000000e   Code   RO         1575    .text.HAL_PCD_SetupStageCallback  usbd_conf.o
    0x08002be4   0x08002be4   0x0000002a   Code   RO          155    .text.HAL_PCD_Start  stm32g4xx_hal_pcd.o
    0x08002c0e   0x08002c0e   0x00000002   PAD
    0x08002c10   0x08002c10   0x00000020   Code   RO         1585    .text.HAL_PCD_SuspendCallback  usbd_conf.o
    0x08002c30   0x08002c30   0x000000b4   Code   RO          692    .text.HAL_PWREx_ControlVoltageScaling  stm32g4xx_hal_pwr_ex.o
    0x08002ce4   0x08002ce4   0x00000010   Code   RO          762    .text.HAL_PWREx_DisableUCPDDeadBattery  stm32g4xx_hal_pwr_ex.o
    0x08002cf4   0x08002cf4   0x00000298   Code   RO          421    .text.HAL_RCCEx_PeriphCLKConfig  stm32g4xx_hal_rcc_ex.o
    0x08002f8c   0x08002f8c   0x000001e4   Code   RO          387    .text.HAL_RCC_ClockConfig  stm32g4xx_hal_rcc.o
    0x08003170   0x08003170   0x00000018   Code   RO          395    .text.HAL_RCC_GetPCLK1Freq  stm32g4xx_hal_rcc.o
    0x08003188   0x08003188   0x00000020   Code   RO          397    .text.HAL_RCC_GetPCLK2Freq  stm32g4xx_hal_rcc.o
    0x080031a8   0x080031a8   0x00000068   Code   RO          389    .text.HAL_RCC_GetSysClockFreq  stm32g4xx_hal_rcc.o
    0x08003210   0x08003210   0x0000045c   Code   RO          385    .text.HAL_RCC_OscConfig  stm32g4xx_hal_rcc.o
    0x0800366c   0x0800366c   0x00000002   Code   RO         1422    .text.HAL_SPI_ErrorCallback  stm32g4xx_hal_spi.o
    0x0800366e   0x0800366e   0x00000002   PAD
    0x08003670   0x08003670   0x00000108   Code   RO         1418    .text.HAL_SPI_IRQHandler  stm32g4xx_hal_spi.o
    0x08003778   0x08003778   0x000000da   Code   RO         1334    .text.HAL_SPI_Init  stm32g4xx_hal_spi.o
    0x08003852   0x08003852   0x00000002   PAD
    0x08003854   0x08003854   0x000000b0   Code   RO           92    .text.HAL_SPI_MspInit  spi.o
    0x08003904   0x08003904   0x0000019e   Code   RO         1342    .text.HAL_SPI_Transmit  stm32g4xx_hal_spi.o
    0x08003aa2   0x08003aa2   0x00000002   PAD
    0x08003aa4   0x08003aa4   0x00000100   Code   RO         1374    .text.HAL_SPI_Transmit_DMA  stm32g4xx_hal_spi.o
    0x08003ba4   0x08003ba4   0x00000002   Code   RO         1424    .text.HAL_SPI_TxCpltCallback  stm32g4xx_hal_spi.o
    0x08003ba6   0x08003ba6   0x00000002   Code   RO         1430    .text.HAL_SPI_TxHalfCpltCallback  stm32g4xx_hal_spi.o
    0x08003ba8   0x08003ba8   0x00000028   Code   RO          786    .text.HAL_SYSTICK_Config  stm32g4xx_hal_cortex.o
    0x08003bd0   0x08003bd0   0x00000036   Code   RO         1311    .text.HAL_UARTEx_DisableFifoMode  stm32g4xx_hal_uart_ex.o
    0x08003c06   0x08003c06   0x0000004a   Code   RO         1315    .text.HAL_UARTEx_SetRxFifoThreshold  stm32g4xx_hal_uart_ex.o
    0x08003c50   0x08003c50   0x0000004a   Code   RO         1313    .text.HAL_UARTEx_SetTxFifoThreshold  stm32g4xx_hal_uart_ex.o
    0x08003c9a   0x08003c9a   0x00000064   Code   RO         1143    .text.HAL_UART_Init  stm32g4xx_hal_uart.o
    0x08003cfe   0x08003cfe   0x00000002   PAD
    0x08003d00   0x08003d00   0x000000b8   Code   RO           76    .text.HAL_UART_MspInit  usart.o
    0x08003db8   0x08003db8   0x00000002   Code   RO          108    .text.HardFault_Handler  stm32g4xx_it.o
    0x08003dba   0x08003dba   0x0000001c   Code   RO          981    .text.I2C_Flush_TXDR  stm32g4xx_hal_i2c.o
    0x08003dd6   0x08003dd6   0x00000002   PAD
    0x08003dd8   0x08003dd8   0x000000f8   Code   RO         1113    .text.I2C_IsErrorOccurred  stm32g4xx_hal_i2c.o
    0x08003ed0   0x08003ed0   0x0000002c   Code   RO          969    .text.I2C_TransferConfig  stm32g4xx_hal_i2c.o
    0x08003efc   0x08003efc   0x0000007c   Code   RO          967    .text.I2C_WaitOnFlagUntilTimeout  stm32g4xx_hal_i2c.o
    0x08003f78   0x08003f78   0x00000050   Code   RO          973    .text.I2C_WaitOnSTOPFlagUntilTimeout  stm32g4xx_hal_i2c.o
    0x08003fc8   0x08003fc8   0x00000056   Code   RO          971    .text.I2C_WaitOnTXISFlagUntilTimeout  stm32g4xx_hal_i2c.o
    0x0800401e   0x0800401e   0x00000030   Code   RO         1668    .text.IntToUnicode  usbd_desc.o
    0x0800404e   0x0800404e   0x0000001e   Code   RO          874    .text.LL_ADC_SetChannelSamplingTime  stm32g4xx_hal_adc.o
    0x0800406c   0x0800406c   0x00000090   Code   RO           35    .text.MX_ADC1_Init  adc.o
    0x080040fc   0x080040fc   0x00000050   Code   RO           50    .text.MX_DMA_Init   dma.o
    0x0800414c   0x0800414c   0x000000f4   Code   RO           26    .text.MX_GPIO_Init  gpio.o
    0x08004240   0x08004240   0x00000058   Code   RO           59    .text.MX_I2C3_Init  i2c.o
    0x08004298   0x08004298   0x00000064   Code   RO           74    .text.MX_LPUART1_UART_Init  usart.o
    0x080042fc   0x080042fc   0x0000004c   Code   RO           90    .text.MX_SPI1_Init  spi.o
    0x08004348   0x08004348   0x00000050   Code   RO         1645    .text.MX_USB_Device_Init  usb_device.o
    0x08004398   0x08004398   0x00000002   Code   RO          110    .text.MemManage_Handler  stm32g4xx_it.o
    0x0800439a   0x0800439a   0x00000002   Code   RO          106    .text.NMI_Handler   stm32g4xx_it.o
    0x0800439c   0x0800439c   0x00000002   Code   RO          120    .text.PendSV_Handler  stm32g4xx_it.o
    0x0800439e   0x0800439e   0x00000002   PAD
    0x080043a0   0x080043a0   0x0000000c   Code   RO          130    .text.SPI1_IRQHandler  stm32g4xx_it.o
    0x080043ac   0x080043ac   0x0000000e   Code   RO         1420    .text.SPI_DMAAbortOnError  stm32g4xx_hal_spi.o
    0x080043ba   0x080043ba   0x0000001e   Code   RO         1380    .text.SPI_DMAError  stm32g4xx_hal_spi.o
    0x080043d8   0x080043d8   0x00000006   Code   RO         1376    .text.SPI_DMAHalfTransmitCplt  stm32g4xx_hal_spi.o
    0x080043de   0x080043de   0x0000006e   Code   RO         1378    .text.SPI_DMATransmitCplt  stm32g4xx_hal_spi.o
    0x0800444c   0x0800444c   0x00000042   Code   RO         1344    .text.SPI_EndRxTxTransaction  stm32g4xx_hal_spi.o
    0x0800448e   0x0800448e   0x00000002   PAD
    0x08004490   0x08004490   0x000000cc   Code   RO         1400    .text.SPI_WaitFifoStateUntilTimeout  stm32g4xx_hal_spi.o
    0x0800455c   0x0800455c   0x000000a4   Code   RO         1402    .text.SPI_WaitFlagStateUntilTimeout  stm32g4xx_hal_spi.o
    0x08004600   0x08004600   0x00000028   Code   RO         1510    .text.ST7789_DrawPixel_4px  st7789.o
    0x08004628   0x08004628   0x00000058   Code   RO         1508    .text.ST7789_Fill   st7789.o
    0x08004680   0x08004680   0x00000038   Code   RO         1502    .text.ST7789_Fill_Color  st7789.o
    0x080046b8   0x080046b8   0x00000134   Code   RO         1498    .text.ST7789_Init   st7789.o
    0x080047ec   0x080047ec   0x0000005c   Code   RO         1504    .text.ST7789_SetAddressWindow  st7789.o
    0x08004848   0x08004848   0x00000028   Code   RO         1492    .text.ST7789_SetRotation  st7789.o
    0x08004870   0x08004870   0x00000024   Code   RO         1494    .text.ST7789_WriteCommand  st7789.o
    0x08004894   0x08004894   0x00000064   Code   RO         1500    .text.ST7789_WriteData  st7789.o
    0x080048f8   0x080048f8   0x00000028   Code   RO         1496    .text.ST7789_WriteSmallData  st7789.o
    0x08004920   0x08004920   0x00000002   Code   RO          116    .text.SVC_Handler   stm32g4xx_it.o
    0x08004922   0x08004922   0x00000004   Code   RO          122    .text.SysTick_Handler  stm32g4xx_it.o
    0x08004926   0x08004926   0x00000072   Code   RO           13    .text.SystemClock_Config  main.o
    0x08004998   0x08004998   0x00000010   Code   RO         1465    .text.SystemInit    system_stm32g4xx.o
    0x080049a8   0x080049a8   0x00000044   Code   RO         1309    .text.UARTEx_SetNbDataToProcess  stm32g4xx_hal_uart_ex.o
    0x080049ec   0x080049ec   0x000000aa   Code   RO         1147    .text.UART_AdvFeatureConfig  stm32g4xx_hal_uart.o
    0x08004a96   0x08004a96   0x000000b2   Code   RO         1151    .text.UART_CheckIdleState  stm32g4xx_hal_uart.o
    0x08004b48   0x08004b48   0x00000058   Code   RO         1203    .text.UART_EndRxTransfer  stm32g4xx_hal_uart.o
    0x08004ba0   0x08004ba0   0x00000228   Code   RO         1149    .text.UART_SetConfig  stm32g4xx_hal_uart.o
    0x08004dc8   0x08004dc8   0x0000009a   Code   RO         1165    .text.UART_WaitOnFlagUntilTimeout  stm32g4xx_hal_uart.o
    0x08004e62   0x08004e62   0x00000002   PAD
    0x08004e64   0x08004e64   0x00000020   Code   RO         1664    .text.USBD_CDC_ConfigStrDescriptor  usbd_desc.o
    0x08004e84   0x08004e84   0x00000062   Code   RO         1805    .text.USBD_CDC_DataIn  usbd_cdc.o
    0x08004ee6   0x08004ee6   0x0000002a   Code   RO         1807    .text.USBD_CDC_DataOut  usbd_cdc.o
    0x08004f10   0x08004f10   0x00000044   Code   RO         1799    .text.USBD_CDC_DeInit  usbd_cdc.o
    0x08004f54   0x08004f54   0x0000000c   Code   RO         1654    .text.USBD_CDC_DeviceDescriptor  usbd_desc.o
    0x08004f60   0x08004f60   0x0000002e   Code   RO         1803    .text.USBD_CDC_EP0_RxReady  usbd_cdc.o
    0x08004f8e   0x08004f8e   0x00000002   PAD
    0x08004f90   0x08004f90   0x0000000c   Code   RO         1815    .text.USBD_CDC_GetDeviceQualifierDescriptor  usbd_cdc.o
    0x08004f9c   0x08004f9c   0x0000000c   Code   RO         1811    .text.USBD_CDC_GetFSCfgDesc  usbd_cdc.o
    0x08004fa8   0x08004fa8   0x0000000c   Code   RO         1809    .text.USBD_CDC_GetHSCfgDesc  usbd_cdc.o
    0x08004fb4   0x08004fb4   0x0000000c   Code   RO         1813    .text.USBD_CDC_GetOtherSpeedCfgDesc  usbd_cdc.o
    0x08004fc0   0x08004fc0   0x00000098   Code   RO         1797    .text.USBD_CDC_Init  usbd_cdc.o
    0x08005058   0x08005058   0x00000024   Code   RO         1666    .text.USBD_CDC_InterfaceStrDescriptor  usbd_desc.o
    0x0800507c   0x0800507c   0x0000000c   Code   RO         1656    .text.USBD_CDC_LangIDStrDescriptor  usbd_desc.o
    0x08005088   0x08005088   0x00000020   Code   RO         1658    .text.USBD_CDC_ManufacturerStrDescriptor  usbd_desc.o
    0x080050a8   0x080050a8   0x00000030   Code   RO         1660    .text.USBD_CDC_ProductStrDescriptor  usbd_desc.o
    0x080050d8   0x080050d8   0x00000026   Code   RO         1825    .text.USBD_CDC_ReceivePacket  usbd_cdc.o
    0x080050fe   0x080050fe   0x0000000e   Code   RO         1817    .text.USBD_CDC_RegisterInterface  usbd_cdc.o
    0x0800510c   0x0800510c   0x00000034   Code   RO         1662    .text.USBD_CDC_SerialStrDescriptor  usbd_desc.o
    0x08005140   0x08005140   0x00000012   Code   RO         1821    .text.USBD_CDC_SetRxBuffer  usbd_cdc.o
    0x08005152   0x08005152   0x00000016   Code   RO         1819    .text.USBD_CDC_SetTxBuffer  usbd_cdc.o
    0x08005168   0x08005168   0x000000ba   Code   RO         1801    .text.USBD_CDC_Setup  usbd_cdc.o
    0x08005222   0x08005222   0x0000002e   Code   RO         1823    .text.USBD_CDC_TransmitPacket  usbd_cdc.o
    0x08005250   0x08005250   0x00000010   Code   RO         1720    .text.USBD_ClrClassConfig  usbd_core.o
    0x08005260   0x08005260   0x00000010   Code   RO         1781    .text.USBD_CtlContinueRx  usbd_ioreq.o
    0x08005270   0x08005270   0x00000010   Code   RO         1777    .text.USBD_CtlContinueSendData  usbd_ioreq.o
    0x08005280   0x08005280   0x00000016   Code   RO         1756    .text.USBD_CtlError  usbd_ctlreq.o
    0x08005296   0x08005296   0x0000001a   Code   RO         1779    .text.USBD_CtlPrepareRx  usbd_ioreq.o
    0x080052b0   0x080052b0   0x00000016   Code   RO         1785    .text.USBD_CtlReceiveStatus  usbd_ioreq.o
    0x080052c6   0x080052c6   0x0000001a   Code   RO         1775    .text.USBD_CtlSendData  usbd_ioreq.o
    0x080052e0   0x080052e0   0x00000016   Code   RO         1783    .text.USBD_CtlSendStatus  usbd_ioreq.o
    0x080052f6   0x080052f6   0x0000003a   Code   RO         1764    .text.USBD_GetString  usbd_ctlreq.o
    0x08005330   0x08005330   0x00000018   Code   RO         1601    .text.USBD_Get_USB_Status  usbd_conf.o
    0x08005348   0x08005348   0x00000026   Code   RO         1706    .text.USBD_Init     usbd_core.o
    0x0800536e   0x0800536e   0x00000012   Code   RO         1615    .text.USBD_LL_ClearStallEP  usbd_conf.o
    0x08005380   0x08005380   0x00000012   Code   RO         1609    .text.USBD_LL_CloseEP  usbd_conf.o
    0x08005392   0x08005392   0x000000a4   Code   RO         1726    .text.USBD_LL_DataInStage  usbd_core.o
    0x08005436   0x08005436   0x00000064   Code   RO         1724    .text.USBD_LL_DataOutStage  usbd_core.o
    0x0800549a   0x0800549a   0x00000008   Code   RO         1625    .text.USBD_LL_GetRxDataSize  usbd_conf.o
    0x080054a2   0x080054a2   0x00000002   PAD
    0x080054a4   0x080054a4   0x0000007c   Code   RO         1597    .text.USBD_LL_Init  usbd_conf.o
    0x08005520   0x08005520   0x00000020   Code   RO         1617    .text.USBD_LL_IsStallEP  usbd_conf.o
    0x08005540   0x08005540   0x00000018   Code   RO         1607    .text.USBD_LL_OpenEP  usbd_conf.o
    0x08005558   0x08005558   0x00000012   Code   RO         1623    .text.USBD_LL_PrepareReceive  usbd_conf.o
    0x0800556a   0x0800556a   0x0000005e   Code   RO         1728    .text.USBD_LL_Reset  usbd_core.o
    0x080055c8   0x080055c8   0x00000014   Code   RO         1734    .text.USBD_LL_Resume  usbd_core.o
    0x080055dc   0x080055dc   0x0000001e   Code   RO         1736    .text.USBD_LL_SOF   usbd_core.o
    0x080055fa   0x080055fa   0x00000006   Code   RO         1730    .text.USBD_LL_SetSpeed  usbd_core.o
    0x08005600   0x08005600   0x00000012   Code   RO         1619    .text.USBD_LL_SetUSBAddress  usbd_conf.o
    0x08005612   0x08005612   0x00000060   Code   RO         1722    .text.USBD_LL_SetupStage  usbd_core.o
    0x08005672   0x08005672   0x00000012   Code   RO         1613    .text.USBD_LL_StallEP  usbd_conf.o
    0x08005684   0x08005684   0x00000012   Code   RO         1603    .text.USBD_LL_Start  usbd_conf.o
    0x08005696   0x08005696   0x00000012   Code   RO         1732    .text.USBD_LL_Suspend  usbd_core.o
    0x080056a8   0x080056a8   0x00000012   Code   RO         1621    .text.USBD_LL_Transmit  usbd_conf.o
    0x080056ba   0x080056ba   0x00000016   Code   RO         1762    .text.USBD_ParseSetupRequest  usbd_ctlreq.o
    0x080056d0   0x080056d0   0x00000026   Code   RO         1710    .text.USBD_RegisterClass  usbd_core.o
    0x080056f6   0x080056f6   0x0000000e   Code   RO         1718    .text.USBD_SetClassConfig  usbd_core.o
    0x08005704   0x08005704   0x00000004   Code   RO         1712    .text.USBD_Start    usbd_core.o
    0x08005708   0x08005708   0x000002cc   Code   RO         1754    .text.USBD_StdDevReq  usbd_ctlreq.o
    0x080059d4   0x080059d4   0x0000012e   Code   RO         1760    .text.USBD_StdEPReq  usbd_ctlreq.o
    0x08005b02   0x08005b02   0x0000004c   Code   RO         1758    .text.USBD_StdItfReq  usbd_ctlreq.o
    0x08005b4e   0x08005b4e   0x00000002   Code   RO         1633    .text.USBD_static_free  usbd_conf.o
    0x08005b50   0x08005b50   0x00000008   Code   RO         1631    .text.USBD_static_malloc  usbd_conf.o
    0x08005b58   0x08005b58   0x00000228   Code   RO          259    .text.USB_ActivateEndpoint  stm32g4xx_ll_usb.o
    0x08005d80   0x08005d80   0x000000e4   Code   RO          261    .text.USB_DeactivateEndpoint  stm32g4xx_ll_usb.o
    0x08005e64   0x08005e64   0x00000010   Code   RO          277    .text.USB_DevConnect  stm32g4xx_ll_usb.o
    0x08005e74   0x08005e74   0x00000018   Code   RO          253    .text.USB_DevInit   stm32g4xx_ll_usb.o
    0x08005e8c   0x08005e8c   0x00000012   Code   RO          249    .text.USB_DisableGlobalInt  stm32g4xx_ll_usb.o
    0x08005e9e   0x08005e9e   0x00000072   Code   RO          269    .text.USB_EPClearStall  stm32g4xx_ll_usb.o
    0x08005f10   0x08005f10   0x00000030   Code   RO          267    .text.USB_EPSetStall  stm32g4xx_ll_usb.o
    0x08005f40   0x08005f40   0x0000045c   Code   RO          263    .text.USB_EPStartXfer  stm32g4xx_ll_usb.o
    0x0800639c   0x0800639c   0x00000012   Code   RO          247    .text.USB_EnableGlobalInt  stm32g4xx_ll_usb.o
    0x080063ae   0x080063ae   0x00000002   PAD
    0x080063b0   0x080063b0   0x0000000c   Code   RO          128    .text.USB_LP_IRQHandler  stm32g4xx_it.o
    0x080063bc   0x080063bc   0x00000006   Code   RO          281    .text.USB_ReadInterrupts  stm32g4xx_ll_usb.o
    0x080063c2   0x080063c2   0x00000028   Code   RO          287    .text.USB_ReadPMA   stm32g4xx_ll_usb.o
    0x080063ea   0x080063ea   0x0000000c   Code   RO          275    .text.USB_SetDevAddress  stm32g4xx_ll_usb.o
    0x080063f6   0x080063f6   0x0000001a   Code   RO          265    .text.USB_WritePMA  stm32g4xx_ll_usb.o
    0x08006410   0x08006410   0x00000002   Code   RO          114    .text.UsageFault_Handler  stm32g4xx_it.o
    0x08006412   0x08006412   0x00000002   PAD
    0x08006414   0x08006414   0x00000024   Code   RO          776    .text.__NVIC_SetPriority  stm32g4xx_hal_cortex.o
    0x08006438   0x08006438   0x000000bc   Code   RO           11    .text.main          main.o
    0x080064f4   0x080064f4   0x0000001a   Code   RO         2032    x$fpl$fpinit        fz_wm.l(fpinit.o)
    0x0800650e   0x0800650e   0x00000028   Data   RO         1857    .constdata          c_w.l(_printf_hex_int.o)
    0x08006536   0x08006536   0x00000010   Data   RO         1470    .rodata.AHBPrescTable  system_stm32g4xx.o
    0x08006546   0x08006546   0x00000008   Data   RO         1471    .rodata.APBPrescTable  system_stm32g4xx.o
    0x0800654e   0x0800654e   0x00000018   Data   RO         1281    .rodata.UARTPrescTable  stm32g4xx_hal_uart.o
    0x08006566   0x08006566   0x00000002   PAD
    0x08006568   0x08006568   0x00000010   Data   RO         1282    .rodata.cst16       stm32g4xx_hal_uart.o
    0x08006578   0x08006578   0x00000010   Data   RO         1325    .rodata.cst8        stm32g4xx_hal_uart_ex.o
    0x08006588   0x08006588   0x00000020   Data   RO         2093    Region$$Table       anon$$obj.o


    Execution Region RW_IRAM1 (Exec base: 0x20000000, Load base: 0x080065a8, Size: 0x00003e58, Max: 0x00020000, ABSOLUTE, COMPRESSED[0x00000130])

    Exec Addr    Load Addr    Size         Type   Attr      Idx    E Section Name        Object

    0x20000000   COMPRESSED   0x00000008   Data   RW          374    .data..L_MergedGlobals  stm32g4xx_hal.o
    0x20000008   COMPRESSED   0x00000020   Data   RW         1670    .data.CDC_Desc      usbd_desc.o
    0x20000028   COMPRESSED   0x000000ba   Data   RW         1560    .data.CTP_CFG_GT911  gt911.o
    0x200000e2   COMPRESSED   0x00000002   Data   RW         1538    .data.DMA_MIN_SIZE  st7789.o
    0x200000e4   COMPRESSED   0x00000004   Data   RW         1469    .data.SystemCoreClock  system_stm32g4xx.o
    0x200000e8   COMPRESSED   0x00000038   Data   RW         1827    .data.USBD_CDC      usbd_cdc.o
    0x20000120   COMPRESSED   0x00000043   Data   RW         1829    .data.USBD_CDC_CfgFSDesc  usbd_cdc.o
    0x20000163   COMPRESSED   0x00000001   PAD
    0x20000164   COMPRESSED   0x00000043   Data   RW         1830    .data.USBD_CDC_CfgHSDesc  usbd_cdc.o
    0x200001a7   COMPRESSED   0x00000001   PAD
    0x200001a8   COMPRESSED   0x00000012   Data   RW         1671    .data.USBD_CDC_DeviceDesc  usbd_desc.o
    0x200001ba   COMPRESSED   0x00000002   PAD
    0x200001bc   COMPRESSED   0x0000000a   Data   RW         1828    .data.USBD_CDC_DeviceQualifierDesc  usbd_cdc.o
    0x200001c6   COMPRESSED   0x00000002   PAD
    0x200001c8   COMPRESSED   0x00000043   Data   RW         1831    .data.USBD_CDC_OtherSpeedCfgDesc  usbd_cdc.o
    0x2000020b   COMPRESSED   0x00000001   PAD
    0x2000020c   COMPRESSED   0x00000014   Data   RW         1695    .data.USBD_Interface_fops_FS  usbd_cdc_if.o
    0x20000220   COMPRESSED   0x00000004   Data   RW         1672    .data.USBD_LangIDDesc  usbd_desc.o
    0x20000224   COMPRESSED   0x0000001a   Data   RW         1673    .data.USBD_StringSerial  usbd_desc.o
    0x2000023e   COMPRESSED   0x00000002   PAD
    0x20000240        -       0x00000060   Zero   RW         1960    .bss                c_w.l(libspace.o)
    0x200002a0        -       0x0000006a   Zero   RW           18    .bss..L_MergedGlobals  main.o
    0x2000030a        -       0x00000001   Zero   RW         1766    .bss.USBD_SetConfig.cfgidx  usbd_ctlreq.o
    0x2000030b   COMPRESSED   0x00000001   PAD
    0x2000030c        -       0x00000200   Zero   RW         1674    .bss.USBD_StrDesc   usbd_desc.o
    0x2000050c        -       0x00000220   Zero   RW         1636    .bss.USBD_static_malloc.mem  usbd_conf.o
    0x2000072c        -       0x00000800   Zero   RW         1696    .bss.UserRxBufferFS  usbd_cdc_if.o
    0x20000f2c        -       0x00000800   Zero   RW         1697    .bss.UserTxBufferFS  usbd_cdc_if.o
    0x2000172c        -       0x00000020   Zero   RW         1562    .bss.User_Touch     gt911.o
    0x2000174c        -       0x00000c80   Zero   RW         1539    .bss.disp_buf       st7789.o
    0x200023cc        -       0x000002d0   Zero   RW         1647    .bss.hUsbDeviceFS   usb_device.o
    0x2000269c        -       0x0000006c   Zero   RW           41    .bss.hadc1          adc.o
    0x20002708        -       0x00000060   Zero   RW           81    .bss.hdma_lpuart1_tx  usart.o
    0x20002768        -       0x00000060   Zero   RW           97    .bss.hdma_spi1_tx   spi.o
    0x200027c8        -       0x00000054   Zero   RW           65    .bss.hi2c3          i2c.o
    0x2000281c        -       0x00000094   Zero   RW           80    .bss.hlpuart1       usart.o
    0x200028b0        -       0x000002dc   Zero   RW         1635    .bss.hpcd_USB_FS    usbd_conf.o
    0x20002b8c        -       0x00000064   Zero   RW           96    .bss.hspi1          spi.o
    0x20002bf0        -       0x00000064   Zero   RW         1561    .bss.txBuffer       gt911.o
    0x20002c54        -       0x00000004   Zero   RW          373    .bss.uwTick         stm32g4xx_hal.o
    0x20002c58        -       0x00000200   Zero   RW            2    HEAP                startup_stm32g474xx.o
    0x20002e58        -       0x00001000   Zero   RW            1    STACK               startup_stm32g474xx.o


==============================================================================

Image component sizes


      Code (inc. data)   RO Data    RW Data    ZI Data      Debug   Object Name

       272         16          0          0        108       7265   adc.o
        80          4          0          0          0       3922   dma.o
       244         16          0          0          0       2402   gpio.o
       936        168          0        186        132       3543   gt911.o
       224         24          0          0         84       6538   i2c.o
       310         40          0          0        106       2390   main.o
       252         20          0          0        196       7932   spi.o
       800         72          0          2       3200      11895   st7789.o
        64         26        472          0       4608        840   startup_stm32g474xx.o
       168         20          0          8          4       9623   stm32g4xx_hal.o
      1418         72          0          0          0      27374   stm32g4xx_hal_adc.o
       248          8          0          0          0      23812   stm32g4xx_hal_adc_ex.o
       192         28          0          0          0      10678   stm32g4xx_hal_cortex.o
       746         16          0          0          0       8235   stm32g4xx_hal_dma.o
       440         20          0          0          0       5417   stm32g4xx_hal_gpio.o
      1670         24          0          0          0      39623   stm32g4xx_hal_i2c.o
       146          0          0          0          0       6313   stm32g4xx_hal_i2c_ex.o
        52          4          0          0          0       1593   stm32g4xx_hal_msp.o
      2906          4          0          0          0      15235   stm32g4xx_hal_pcd.o
       100          0          0          0          0       5446   stm32g4xx_hal_pcd_ex.o
       196         12          0          0          0       8785   stm32g4xx_hal_pwr_ex.o
      1760         64          0          0          0       9456   stm32g4xx_hal_rcc.o
       664          8          0          0          0      10552   stm32g4xx_hal_rcc_ex.o
      1752         20          0          0          0      22693   stm32g4xx_hal_spi.o
      1242        102         40          0          0      32065   stm32g4xx_hal_uart.o
       270          8         16          0          0      10095   stm32g4xx_hal_uart_ex.o
        68         16          0          0          0       1373   stm32g4xx_it.o
      2218         20          0          0          0      12910   stm32g4xx_ll_usb.o
        16          4         24          4          0       2787   system_stm32g4xx.o
       284         28          0          0        244       6780   usart.o
        80         16          0          0        720       3012   usb_device.o
       778         24          0        267          0      10254   usbd_cdc.o
       116         12          0         20       4096       2790   usbd_cdc_if.o
       672         36          0          0       1276      16665   usbd_conf.o
       638          0          0          0          0       7565   usbd_core.o
      1196         46          0          0          1       8587   usbd_ctlreq.o
       272         84          0         80        512       3442   usbd_desc.o
       128          0          0          0          0       4426   usbd_ioreq.o

    ----------------------------------------------------------------------
     23654       1082        586        576      15288     374313   Object Totals
         0          0         32          0          0          0   (incl. Generated)
        36          0          2          9          1          0   (incl. Padding)

    ----------------------------------------------------------------------

      Code (inc. data)   RO Data    RW Data    ZI Data      Debug   Library Member Name

        90          0          0          0          0          0   __dczerorl2.o
         8          0          0          0          0         68   __main.o
       104          0          0          0          0         84   __printf.o
         0          0          0          0          0          0   __rtentry.o
        12          0          0          0          0          0   __rtentry2.o
         6          0          0          0          0          0   __rtentry4.o
        52          8          0          0          0          0   __scatter.o
        28          0          0          0          0          0   __scatter_zi.o
        44          0          0          0          0        108   _printf_char.o
        48          6          0          0          0         96   _printf_char_common.o
         6          0          0          0          0          0   _printf_d.o
       120         16          0          0          0         92   _printf_dec.o
        88          4         40          0          0         88   _printf_hex_int.o
       178          0          0          0          0         88   _printf_intcommon.o
         0          0          0          0          0          0   _printf_percent.o
         4          0          0          0          0          0   _printf_percent_end.o
         6          0          0          0          0          0   _printf_s.o
        82          0          0          0          0         80   _printf_str.o
         6          0          0          0          0          0   _printf_x.o
        10          0          0          0          0         68   _sputc.o
        16          0          0          0          0         68   aeabi_memset4.o
        18          0          0          0          0         80   exit.o
         6          0          0          0          0        152   heapauxi.o
         0          0          0          0          0          0   indicate_semi.o
         2          0          0          0          0          0   libinit.o
         6          0          0          0          0          0   libinit2.o
         2          0          0          0          0          0   libshutdown.o
         2          0          0          0          0          0   libshutdown2.o
         8          4          0          0         96         68   libspace.o
       240          0          0          0          0        100   lludivv7m.o
        40          6          0          0          0         84   noretval__2sprintf.o
        78          0          0          0          0         80   rt_memclr_w.o
       138          0          0          0          0         68   rt_memcpy_v6.o
       100          0          0          0          0         80   rt_memcpy_w.o
         2          0          0          0          0          0   rtexit.o
        10          0          0          0          0          0   rtexit2.o
        62          0          0          0          0         76   strlen.o
        12          4          0          0          0         68   sys_exit.o
        74          0          0          0          0         80   sys_stackheap_outer.o
         2          0          0          0          0         68   use_no_semi.o
        26          0          0          0          0        116   fpinit.o

    ----------------------------------------------------------------------
      1744         48         40          0         96       1960   Library Totals
         8          0          0          0          0          0   (incl. Padding)

    ----------------------------------------------------------------------

      Code (inc. data)   RO Data    RW Data    ZI Data      Debug   Library Name

      1710         48         40          0         96       1844   c_w.l
        26          0          0          0          0        116   fz_wm.l

    ----------------------------------------------------------------------
      1744         48         40          0         96       1960   Library Totals

    ----------------------------------------------------------------------

==============================================================================


      Code (inc. data)   RO Data    RW Data    ZI Data      Debug   

     25398       1130        626        576      15384     374761   Grand Totals
     25398       1130        626        304      15384     374761   ELF Image Totals (compressed)
     25398       1130        626        304          0          0   ROM Totals

==============================================================================

    Total RO  Size (Code + RO Data)                26024 (  25.41kB)
    Total RW  Size (RW Data + ZI Data)             15960 (  15.59kB)
    Total ROM Size (Code + RO Data + RW Data)      26328 (  25.71kB)

==============================================================================

